Archive member included because of file (symbol)

e:/arm_toolchains/gccarm/bin/../lib/gcc/arm-none-eabi/4.9.3/armv7e-m/fpu\libgcc.a(_arm_addsubdf3.o)
                              ./src/sensores.o (__aeabi_dsub)
e:/arm_toolchains/gccarm/bin/../lib/gcc/arm-none-eabi/4.9.3/armv7e-m/fpu\libgcc.a(_arm_muldivdf3.o)
                              ./src/sensores.o (__aeabi_dmul)
e:/arm_toolchains/gccarm/bin/../lib/gcc/arm-none-eabi/4.9.3/armv7e-m/fpu\libgcc.a(_arm_truncdfsf2.o)
                              ./src/sensores.o (__aeabi_d2f)
e:/arm_toolchains/gccarm/bin/../lib/gcc/arm-none-eabi/4.9.3/../../../../arm-none-eabi/lib/armv7e-m/fpu\libg_nano.a(lib_a-atoi.o)
                              ./src/usart1.o (atoi)
e:/arm_toolchains/gccarm/bin/../lib/gcc/arm-none-eabi/4.9.3/../../../../arm-none-eabi/lib/armv7e-m/fpu\libg_nano.a(lib_a-errno.o)
                              ./system/src/newlib/_sbrk.o (__errno)
e:/arm_toolchains/gccarm/bin/../lib/gcc/arm-none-eabi/4.9.3/../../../../arm-none-eabi/lib/armv7e-m/fpu\libg_nano.a(lib_a-impure.o)
                              e:/arm_toolchains/gccarm/bin/../lib/gcc/arm-none-eabi/4.9.3/../../../../arm-none-eabi/lib/armv7e-m/fpu\libg_nano.a(lib_a-errno.o) (_impure_ptr)
e:/arm_toolchains/gccarm/bin/../lib/gcc/arm-none-eabi/4.9.3/../../../../arm-none-eabi/lib/armv7e-m/fpu\libg_nano.a(lib_a-malloc.o)
                              ./USB/CDC/Src/usbd_cdc.o (malloc)
e:/arm_toolchains/gccarm/bin/../lib/gcc/arm-none-eabi/4.9.3/../../../../arm-none-eabi/lib/armv7e-m/fpu\libg_nano.a(lib_a-memcpy.o)
                              ./USB/CDC/Src/usbd_cdc_if_template.o (memcpy)
e:/arm_toolchains/gccarm/bin/../lib/gcc/arm-none-eabi/4.9.3/../../../../arm-none-eabi/lib/armv7e-m/fpu\libg_nano.a(lib_a-memset.o)
                              ./src/usart1.o (memset)
e:/arm_toolchains/gccarm/bin/../lib/gcc/arm-none-eabi/4.9.3/../../../../arm-none-eabi/lib/armv7e-m/fpu\libg_nano.a(lib_a-nano-freer.o)
                              e:/arm_toolchains/gccarm/bin/../lib/gcc/arm-none-eabi/4.9.3/../../../../arm-none-eabi/lib/armv7e-m/fpu\libg_nano.a(lib_a-malloc.o) (_free_r)
e:/arm_toolchains/gccarm/bin/../lib/gcc/arm-none-eabi/4.9.3/../../../../arm-none-eabi/lib/armv7e-m/fpu\libg_nano.a(lib_a-nano-mallocr.o)
                              e:/arm_toolchains/gccarm/bin/../lib/gcc/arm-none-eabi/4.9.3/../../../../arm-none-eabi/lib/armv7e-m/fpu\libg_nano.a(lib_a-malloc.o) (_malloc_r)
e:/arm_toolchains/gccarm/bin/../lib/gcc/arm-none-eabi/4.9.3/../../../../arm-none-eabi/lib/armv7e-m/fpu\libg_nano.a(lib_a-printf.o)
                              ./src/main.o (printf)
e:/arm_toolchains/gccarm/bin/../lib/gcc/arm-none-eabi/4.9.3/../../../../arm-none-eabi/lib/armv7e-m/fpu\libg_nano.a(lib_a-puts.o)
                              ./src/main.o (puts)
e:/arm_toolchains/gccarm/bin/../lib/gcc/arm-none-eabi/4.9.3/../../../../arm-none-eabi/lib/armv7e-m/fpu\libg_nano.a(lib_a-sbrkr.o)
                              e:/arm_toolchains/gccarm/bin/../lib/gcc/arm-none-eabi/4.9.3/../../../../arm-none-eabi/lib/armv7e-m/fpu\libg_nano.a(lib_a-nano-mallocr.o) (_sbrk_r)
e:/arm_toolchains/gccarm/bin/../lib/gcc/arm-none-eabi/4.9.3/../../../../arm-none-eabi/lib/armv7e-m/fpu\libg_nano.a(lib_a-strcmp.o)
                              ./src/usart1.o (strcmp)
e:/arm_toolchains/gccarm/bin/../lib/gcc/arm-none-eabi/4.9.3/../../../../arm-none-eabi/lib/armv7e-m/fpu\libg_nano.a(lib_a-strtok.o)
                              ./src/usart1.o (strtok)
e:/arm_toolchains/gccarm/bin/../lib/gcc/arm-none-eabi/4.9.3/../../../../arm-none-eabi/lib/armv7e-m/fpu\libg_nano.a(lib_a-strtok_r.o)
                              e:/arm_toolchains/gccarm/bin/../lib/gcc/arm-none-eabi/4.9.3/../../../../arm-none-eabi/lib/armv7e-m/fpu\libg_nano.a(lib_a-strtok.o) (__strtok_r)
e:/arm_toolchains/gccarm/bin/../lib/gcc/arm-none-eabi/4.9.3/../../../../arm-none-eabi/lib/armv7e-m/fpu\libg_nano.a(lib_a-strtol.o)
                              e:/arm_toolchains/gccarm/bin/../lib/gcc/arm-none-eabi/4.9.3/../../../../arm-none-eabi/lib/armv7e-m/fpu\libg_nano.a(lib_a-atoi.o) (_strtol_r)
e:/arm_toolchains/gccarm/bin/../lib/gcc/arm-none-eabi/4.9.3/../../../../arm-none-eabi/lib/armv7e-m/fpu\libg_nano.a(lib_a-wbuf.o)
                              e:/arm_toolchains/gccarm/bin/../lib/gcc/arm-none-eabi/4.9.3/../../../../arm-none-eabi/lib/armv7e-m/fpu\libg_nano.a(lib_a-puts.o) (__swbuf_r)
e:/arm_toolchains/gccarm/bin/../lib/gcc/arm-none-eabi/4.9.3/../../../../arm-none-eabi/lib/armv7e-m/fpu\libg_nano.a(lib_a-wsetup.o)
                              e:/arm_toolchains/gccarm/bin/../lib/gcc/arm-none-eabi/4.9.3/../../../../arm-none-eabi/lib/armv7e-m/fpu\libg_nano.a(lib_a-puts.o) (__swsetup_r)
e:/arm_toolchains/gccarm/bin/../lib/gcc/arm-none-eabi/4.9.3/../../../../arm-none-eabi/lib/armv7e-m/fpu\libg_nano.a(lib_a-ctype_.o)
                              e:/arm_toolchains/gccarm/bin/../lib/gcc/arm-none-eabi/4.9.3/../../../../arm-none-eabi/lib/armv7e-m/fpu\libg_nano.a(lib_a-strtol.o) (__ctype_ptr__)
[...]
Memory Configuration

Name             Origin             Length             Attributes
RAM              0x20000000         0x00020000         xrw
CCMRAM           0x10000000         0x00010000         xrw
FLASH            0x08000000         0x00100000         xr
FLASHB1          0x00000000         0x00000000         xr
EXTMEMB0         0x00000000         0x00000000         xr
EXTMEMB1         0x00000000         0x00000000         xr
EXTMEMB2         0x00000000         0x00000000         xr
EXTMEMB3         0x00000000         0x00000000         xr
MEMORY_ARRAY     0x20002000         0x00000020         xrw
*default*        0x00000000         0xffffffff

Linker script and memory map

LOAD ./system/src/stm32f4-hal/stm32f4xx_hal.o
LOAD ./system/src/stm32f4-hal/stm32f4xx_hal_adc.o
LOAD ./system/src/stm32f4-hal/stm32f4xx_hal_cortex.o
LOAD ./system/src/stm32f4-hal/stm32f4xx_hal_dma.o
LOAD ./system/src/stm32f4-hal/stm32f4xx_hal_flash.o
LOAD ./system/src/stm32f4-hal/stm32f4xx_hal_flash_ex.o
LOAD ./system/src/stm32f4-hal/stm32f4xx_hal_flash_ramfunc.o
LOAD ./system/src/stm32f4-hal/stm32f4xx_hal_gpio.o
LOAD ./system/src/stm32f4-hal/stm32f4xx_hal_iwdg.o
LOAD ./system/src/stm32f4-hal/stm32f4xx_hal_pcd.o
LOAD ./system/src/stm32f4-hal/stm32f4xx_hal_pcd_ex.o
LOAD ./system/src/stm32f4-hal/stm32f4xx_hal_pwr.o
LOAD ./system/src/stm32f4-hal/stm32f4xx_hal_pwr_ex.o
LOAD ./system/src/stm32f4-hal/stm32f4xx_hal_rcc.o
LOAD ./system/src/stm32f4-hal/stm32f4xx_hal_rcc_ex.o
LOAD ./system/src/stm32f4-hal/stm32f4xx_hal_tim.o
LOAD ./system/src/stm32f4-hal/stm32f4xx_hal_tim_ex.o
LOAD ./system/src/stm32f4-hal/stm32f4xx_hal_uart.o
LOAD ./system/src/stm32f4-hal/stm32f4xx_ll_usb.o
LOAD ./system/src/newlib/_cxx.o
LOAD ./system/src/newlib/_exit.o
LOAD ./system/src/newlib/_sbrk.o
LOAD ./system/src/newlib/_startup.o
LOAD ./system/src/newlib/_syscalls.o
LOAD ./system/src/newlib/assert.o
LOAD ./system/src/diag/Trace.o
LOAD ./system/src/diag/trace_impl.o
LOAD ./system/src/cortexm/_initialize_hardware.o
LOAD ./system/src/cortexm/_reset_hardware.o
LOAD ./system/src/cortexm/exception_handlers.o
LOAD ./system/src/cmsis/system_stm32f4xx.o
LOAD ./system/src/cmsis/vectors_stm32f4xx.o
LOAD ./src/_initialize_hardware.o
LOAD ./src/botao.o
LOAD ./src/buzzer.o
LOAD ./src/delays.o
LOAD ./src/encoders.o
LOAD ./src/flash.o
LOAD ./src/flood_fill.o
LOAD ./src/leds.o
LOAD ./src/main.o
LOAD ./src/motores.o
LOAD ./src/rodinhas.o
LOAD ./src/sensores.o
LOAD ./src/speed_profile.o
LOAD ./src/stm32f4xx_it.o
LOAD ./src/usart1.o
LOAD ./src/usb_user.o
LOAD ./src/usbd_conf.o
LOAD ./src/usbd_desc.o
LOAD ./USB/Core/Src/usbd_core.o
LOAD ./USB/Core/Src/usbd_ctlreq.o
LOAD ./USB/Core/Src/usbd_ioreq.o
LOAD ./USB/CDC/Src/usbd_cdc.o
LOAD ./USB/CDC/Src/usbd_cdc_if_template.o
LOAD e:/arm_toolchains/gccarm/bin/../lib/gcc/arm-none-eabi/4.9.3/../../../../arm-none-eabi/lib/armv7e-m/fpu\libstdc++_nano.a
LOAD e:/arm_toolchains/gccarm/bin/../lib/gcc/arm-none-eabi/4.9.3/../../../../arm-none-eabi/lib/armv7e-m/fpu\libm.a
START GROUP
LOAD e:/arm_toolchains/gccarm/bin/../lib/gcc/arm-none-eabi/4.9.3/armv7e-m/fpu\libgcc.a
LOAD e:/arm_toolchains/gccarm/bin/../lib/gcc/arm-none-eabi/4.9.3/../../../../arm-none-eabi/lib/armv7e-m/fpu\libg_nano.a
LOAD e:/arm_toolchains/gccarm/bin/../lib/gcc/arm-none-eabi/4.9.3/../../../../arm-none-eabi/lib/armv7e-m/fpu\libc_nano.a
END GROUP
START GROUP
LOAD e:/arm_toolchains/gccarm/bin/../lib/gcc/arm-none-eabi/4.9.3/armv7e-m/fpu\libgcc.a
LOAD e:/arm_toolchains/gccarm/bin/../lib/gcc/arm-none-eabi/4.9.3/../../../../arm-none-eabi/lib/armv7e-m/fpu\libc_nano.a
END GROUP
                0x20020000                __stack = (ORIGIN (RAM) + 0x20000)
                0x20020000                _estack = __stack
                0x00000400                __Main_Stack_Size = 0x400
                0x00000400                PROVIDE (_Main_Stack_Size, __Main_Stack_Size)
                0x2001fc00                __Main_Stack_Limit = (__stack - __Main_Stack_Size)
                0x2001fc00                PROVIDE (_Main_Stack_Limit, __Main_Stack_Limit)
                0x00000100                _Minimum_Stack_Size = 0x100
                0x20002b50                PROVIDE (_Heap_Begin, _end_noinit)
                0x2001fc00                PROVIDE (_Heap_Limit, (__stack - __Main_Stack_Size))

.isr_vector     0x08000000      0x27a
 FILL mask 0xff
                0x08000000                __vectors_start__ = ABSOLUTE (.)
 *(.isr_vector)
 .isr_vector    0x08000000      0x188 ./system/src/cmsis/vectors_stm32f4xx.o
                0x08000000                __isr_vectors
 *(.cfmconfig)
 *(.after_vectors .after_vectors.*)
 .after_vectors
                0x08000188       0xd4 ./system/src/newlib/_startup.o
                0x08000188                _start
 .after_vectors
                0x0800025c       0x1c ./system/src/cortexm/exception_handlers.o
                0x0800025c                Reset_Handler
                0x08000260                NMI_Handler
                0x08000262                HardFault_Handler
                0x08000264                MemManage_Handler
                0x08000266                BusFault_Handler
                0x08000268                UsageFault_Handler
                0x0800026a                SVC_Handler
                0x0800026c                DebugMon_Handler
                0x0800026e                PendSV_Handler
 .after_vectors
                0x08000278        0x2 ./system/src/cmsis/vectors_stm32f4xx.o
                0x08000278                RTC_Alarm_IRQHandler
                0x08000278                HASH_RNG_IRQHandler
                0x08000278                EXTI2_IRQHandler
                0x08000278                TIM8_CC_IRQHandler
                0x08000278                TIM1_CC_IRQHandler
                0x08000278                DMA2_Stream5_IRQHandler
                0x08000278                DMA1_Stream5_IRQHandler
                0x08000278                PVD_IRQHandler
                0x08000278                SDIO_IRQHandler
                0x08000278                TAMP_STAMP_IRQHandler
                0x08000278                CAN2_RX1_IRQHandler
                0x08000278                EXTI3_IRQHandler
                0x08000278                TIM8_TRG_COM_TIM14_IRQHandler
                0x08000278                TIM1_UP_TIM10_IRQHandler
                0x08000278                TIM8_UP_TIM13_IRQHandler
                0x08000278                I2C3_ER_IRQHandler
                0x08000278                EXTI0_IRQHandler
                0x08000278                I2C2_EV_IRQHandler
                0x08000278                DMA1_Stream2_IRQHandler
                0x08000278                CAN1_RX0_IRQHandler
                0x08000278                FPU_IRQHandler
                0x08000278                OTG_HS_WKUP_IRQHandler
                0x08000278                CAN2_SCE_IRQHandler
                0x08000278                DMA2_Stream2_IRQHandler
                0x08000278                SPI1_IRQHandler
                0x08000278                TIM6_DAC_IRQHandler
                0x08000278                TIM1_BRK_TIM9_IRQHandler
                0x08000278                CAN2_RX0_IRQHandler
                0x08000278                DMA2_Stream3_IRQHandler
                0x08000278                USART6_IRQHandler
                0x08000278                USART3_IRQHandler
                0x08000278                CAN1_RX1_IRQHandler
                0x08000278                UART5_IRQHandler
                0x08000278                DMA2_Stream0_IRQHandler
                0x08000278                TIM4_IRQHandler
                0x08000278                I2C1_EV_IRQHandler
                0x08000278                DMA1_Stream6_IRQHandler
                0x08000278                DMA1_Stream1_IRQHandler
                0x08000278                UART4_IRQHandler
                0x08000278                RCC_IRQHandler
                0x08000278                TIM8_BRK_TIM12_IRQHandler
                0x08000278                Default_Handler
                0x08000278                EXTI15_10_IRQHandler
                0x08000278                ADC_IRQHandler
                0x08000278                DMA1_Stream7_IRQHandler
                0x08000278                TIM7_IRQHandler
                0x08000278                CAN2_TX_IRQHandler
                0x08000278                TIM5_IRQHandler
                0x08000278                I2C3_EV_IRQHandler
                0x08000278                EXTI9_5_IRQHandler
                0x08000278                RTC_WKUP_IRQHandler
                0x08000278                SPI2_IRQHandler
                0x08000278                OTG_HS_EP1_IN_IRQHandler
                0x08000278                DMA1_Stream0_IRQHandler
                0x08000278                CAN1_TX_IRQHandler
                0x08000278                EXTI4_IRQHandler
                0x08000278                FSMC_IRQHandler
                0x08000278                OTG_HS_EP1_OUT_IRQHandler
                0x08000278                WWDG_IRQHandler
                0x08000278                TIM2_IRQHandler
                0x08000278                OTG_FS_WKUP_IRQHandler
                0x08000278                TIM1_TRG_COM_TIM11_IRQHandler
                0x08000278                OTG_HS_IRQHandler
                0x08000278                EXTI1_IRQHandler
                0x08000278                USART2_IRQHandler
                0x08000278                I2C2_ER_IRQHandler
                0x08000278                DMA2_Stream1_IRQHandler
                0x08000278                CAN1_SCE_IRQHandler
                0x08000278                FLASH_IRQHandler
                0x08000278                DMA2_Stream4_IRQHandler
                0x08000278                SPI3_IRQHandler
                0x08000278                DMA1_Stream4_IRQHandler
                0x08000278                I2C1_ER_IRQHandler
                0x08000278                DMA2_Stream6_IRQHandler
                0x08000278                DMA1_Stream3_IRQHandler

.inits          0x0800027c       0x28
                0x0800027c                __data_regions_array_start = .
                0x0800027c        0x4 LONG 0x8007b28 LOADADDR (.data)
                0x08000280        0x4 LONG 0x20000000 ADDR (.data)
                0x08000284        0x4 LONG 0x20000114 (ADDR (.data) + SIZEOF (.data))
                0x08000288        0x4 LONG 0x8007b28 LOADADDR (.data_CCMRAM)
                0x0800028c        0x4 LONG 0x10000000 ADDR (.data_CCMRAM)
                0x08000290        0x4 LONG 0x10000000 (ADDR (.data_CCMRAM) + SIZEOF (.data_CCMRAM))
                0x08000294                __data_regions_array_end = .
                0x08000294                __bss_regions_array_start = .
                0x08000294        0x4 LONG 0x20000114 ADDR (.bss)
                0x08000298        0x4 LONG 0x20002b50 (ADDR (.bss) + SIZEOF (.bss))
                0x0800029c        0x4 LONG 0x10000000 ADDR (.bss_CCMRAM)
                0x080002a0        0x4 LONG 0x10000000 (ADDR (.bss_CCMRAM) + SIZEOF (.bss_CCMRAM))
                0x080002a4                __bss_regions_array_end = .
 *(.init)
 *(.fini)
                0x080002a4                . = ALIGN (0x4)
                0x080002a4                PROVIDE (__preinit_array_start, .)
 *(.preinit_array_sysinit .preinit_array_sysinit.*)
 *(.preinit_array_platform .preinit_array_platform.*)
 *(.preinit_array .preinit_array.*)
                0x080002a4                PROVIDE (__preinit_array_end, .)
                0x080002a4                . = ALIGN (0x4)
                0x080002a4                PROVIDE (__init_array_start, .)
 *(SORT(.init_array.*))
 *(.init_array)
                0x080002a4                PROVIDE (__init_array_end, .)
                0x080002a4                . = ALIGN (0x4)
                0x080002a4                PROVIDE (__fini_array_start, .)
 *(SORT(.fini_array.*))
 *(.fini_array)
                0x080002a4                PROVIDE (__fini_array_end, .)

.flashtext
 *(.flashtext .flashtext.*)

.text           0x080002a8     0x7880
 *(.text .text.*)
 .text.HAL_MspInit
                0x080002a8        0x2 ./system/src/stm32f4-hal/stm32f4xx_hal.o
                0x080002a8                HAL_MspInit
 .text.HAL_InitTick
                0x080002aa       0x24 ./system/src/stm32f4-hal/stm32f4xx_hal.o
                0x080002aa                HAL_InitTick
 *fill*         0x080002ce        0x2 
 .text.HAL_Init
                0x080002d0       0x34 ./system/src/stm32f4-hal/stm32f4xx_hal.o
                0x080002d0                HAL_Init
 .text.HAL_IncTick
                0x08000304       0x10 ./system/src/stm32f4-hal/stm32f4xx_hal.o
                0x08000304                HAL_IncTick
 .text.HAL_GetTick
                0x08000314        0xc ./system/src/stm32f4-hal/stm32f4xx_hal.o
                0x08000314                HAL_GetTick
 .text.HAL_SuspendTick
                0x08000320       0x10 ./system/src/stm32f4-hal/stm32f4xx_hal.o
                0x08000320                HAL_SuspendTick
 .text.HAL_ADC_MspInit
                0x08000330        0x2 ./system/src/stm32f4-hal/stm32f4xx_hal_adc.o
                0x08000330                HAL_ADC_MspInit
 *fill*         0x08000332        0x2 
 .text.HAL_ADC_Init
                0x08000334      0x108 ./system/src/stm32f4-hal/stm32f4xx_hal_adc.o
                0x08000334                HAL_ADC_Init
 .text.HAL_ADC_Start
                0x0800043c       0x70 ./system/src/stm32f4-hal/stm32f4xx_hal_adc.o
                0x0800043c                HAL_ADC_Start
 .text.HAL_ADC_PollForConversion
                0x080004ac       0x48 ./system/src/stm32f4-hal/stm32f4xx_hal_adc.o
                0x080004ac                HAL_ADC_PollForConversion
 .text.HAL_ADC_GetValue
                0x080004f4        0x6 ./system/src/stm32f4-hal/stm32f4xx_hal_adc.o
                0x080004f4                HAL_ADC_GetValue
 *fill*         0x080004fa        0x2 
 .text.HAL_ADC_ConfigChannel
                0x080004fc       0xec ./system/src/stm32f4-hal/stm32f4xx_hal_adc.o
                0x080004fc                HAL_ADC_ConfigChannel
 .text.HAL_NVIC_SetPriorityGrouping
                0x080005e8       0x24 ./system/src/stm32f4-hal/stm32f4xx_hal_cortex.o
                0x080005e8                HAL_NVIC_SetPriorityGrouping
 .text.HAL_NVIC_SetPriority
                0x0800060c       0x60 ./system/src/stm32f4-hal/stm32f4xx_hal_cortex.o
                0x0800060c                HAL_NVIC_SetPriority
 .text.HAL_NVIC_EnableIRQ
                0x0800066c       0x18 ./system/src/stm32f4-hal/stm32f4xx_hal_cortex.o
                0x0800066c                HAL_NVIC_EnableIRQ
 .text.HAL_SYSTICK_Config
                0x08000684       0x2c ./system/src/stm32f4-hal/stm32f4xx_hal_cortex.o
                0x08000684                HAL_SYSTICK_Config
 .text.HAL_SYSTICK_Callback
                0x080006b0        0x2 ./system/src/stm32f4-hal/stm32f4xx_hal_cortex.o
                0x080006b0                HAL_SYSTICK_Callback
 .text.HAL_SYSTICK_IRQHandler
                0x080006b2        0x8 ./system/src/stm32f4-hal/stm32f4xx_hal_cortex.o
                0x080006b2                HAL_SYSTICK_IRQHandler
 *fill*         0x080006ba        0x2 
 .text.HAL_DMA_Init
                0x080006bc       0x70 ./system/src/stm32f4-hal/stm32f4xx_hal_dma.o
                0x080006bc                HAL_DMA_Init
 .text.HAL_DMA_Start_IT
                0x0800072c       0x6a ./system/src/stm32f4-hal/stm32f4xx_hal_dma.o
                0x0800072c                HAL_DMA_Start_IT
 *fill*         0x08000796        0x2 
 .text.HAL_DMA_IRQHandler
                0x08000798      0xa18 ./system/src/stm32f4-hal/stm32f4xx_hal_dma.o
                0x08000798                HAL_DMA_IRQHandler
 .text.FLASH_Program_Word
                0x080011b0       0x24 ./system/src/stm32f4-hal/stm32f4xx_hal_flash.o
 .text.FLASH_Program_HalfWord
                0x080011d4       0x24 ./system/src/stm32f4-hal/stm32f4xx_hal_flash.o
 .text.FLASH_SetErrorCode
                0x080011f8       0x6c ./system/src/stm32f4-hal/stm32f4xx_hal_flash.o
 .text.HAL_FLASH_Unlock
                0x08001264       0x24 ./system/src/stm32f4-hal/stm32f4xx_hal_flash.o
                0x08001264                HAL_FLASH_Unlock
 .text.HAL_FLASH_Lock
                0x08001288       0x14 ./system/src/stm32f4-hal/stm32f4xx_hal_flash.o
                0x08001288                HAL_FLASH_Lock
 .text.FLASH_WaitForLastOperation
                0x0800129c       0x3c ./system/src/stm32f4-hal/stm32f4xx_hal_flash.o
                0x0800129c                FLASH_WaitForLastOperation
 .text.HAL_FLASH_Program
                0x080012d8       0xac ./system/src/stm32f4-hal/stm32f4xx_hal_flash.o
                0x080012d8                HAL_FLASH_Program
 .text.FLASH_Erase_Sector
                0x08001384       0x58 ./system/src/stm32f4-hal/stm32f4xx_hal_flash_ex.o
                0x08001384                FLASH_Erase_Sector
 .text.HAL_GPIO_Init
                0x080013dc      0x1c8 ./system/src/stm32f4-hal/stm32f4xx_hal_gpio.o
                0x080013dc                HAL_GPIO_Init
 .text.HAL_GPIO_ReadPin
                0x080015a4        0xc ./system/src/stm32f4-hal/stm32f4xx_hal_gpio.o
                0x080015a4                HAL_GPIO_ReadPin
 .text.HAL_GPIO_WritePin
                0x080015b0        0xa ./system/src/stm32f4-hal/stm32f4xx_hal_gpio.o
                0x080015b0                HAL_GPIO_WritePin
 .text.HAL_GPIO_TogglePin
                0x080015ba        0x8 ./system/src/stm32f4-hal/stm32f4xx_hal_gpio.o
                0x080015ba                HAL_GPIO_TogglePin
 .text.HAL_PCD_IRQHandler
                0x080015c2      0x472 ./system/src/stm32f4-hal/stm32f4xx_hal_pcd.o
                0x080015c2                HAL_PCD_IRQHandler
 .text.HAL_PCD_SetAddress
                0x08001a34       0x24 ./system/src/stm32f4-hal/stm32f4xx_hal_pcd.o
                0x08001a34                HAL_PCD_SetAddress
 .text.HAL_PCD_EP_Open
                0x08001a58       0x5a ./system/src/stm32f4-hal/stm32f4xx_hal_pcd.o
                0x08001a58                HAL_PCD_EP_Open
 .text.HAL_PCD_EP_Receive
                0x08001ab2       0x64 ./system/src/stm32f4-hal/stm32f4xx_hal_pcd.o
                0x08001ab2                HAL_PCD_EP_Receive
 .text.HAL_PCD_EP_Transmit
                0x08001b16       0x5a ./system/src/stm32f4-hal/stm32f4xx_hal_pcd.o
                0x08001b16                HAL_PCD_EP_Transmit
 .text.HAL_PCD_EP_SetStall
                0x08001b70       0x5a ./system/src/stm32f4-hal/stm32f4xx_hal_pcd.o
                0x08001b70                HAL_PCD_EP_SetStall
 .text.HAL_PCD_EP_ClrStall
                0x08001bca       0x4c ./system/src/stm32f4-hal/stm32f4xx_hal_pcd.o
                0x08001bca                HAL_PCD_EP_ClrStall
 *fill*         0x08001c16        0x2 
 .text.HAL_RCC_OscConfig
                0x08001c18      0x31c ./system/src/stm32f4-hal/stm32f4xx_hal_rcc.o
                0x08001c18                HAL_RCC_OscConfig
 .text.HAL_RCC_ClockConfig
                0x08001f34      0x1c8 ./system/src/stm32f4-hal/stm32f4xx_hal_rcc.o
                0x08001f34                HAL_RCC_ClockConfig
 .text.HAL_RCC_GetSysClockFreq
                0x080020fc       0x94 ./system/src/stm32f4-hal/stm32f4xx_hal_rcc.o
                0x080020fc                HAL_RCC_GetSysClockFreq
 .text.HAL_RCC_GetHCLKFreq
                0x08002190       0x38 ./system/src/stm32f4-hal/stm32f4xx_hal_rcc.o
                0x08002190                HAL_RCC_GetHCLKFreq
 .text.HAL_RCC_GetPCLK1Freq
                0x080021c8       0x30 ./system/src/stm32f4-hal/stm32f4xx_hal_rcc.o
                0x080021c8                HAL_RCC_GetPCLK1Freq
 .text.HAL_RCC_GetPCLK2Freq
                0x080021f8       0x30 ./system/src/stm32f4-hal/stm32f4xx_hal_rcc.o
                0x080021f8                HAL_RCC_GetPCLK2Freq
 .text.TIM_OC1_SetConfig
                0x08002228       0x58 ./system/src/stm32f4-hal/stm32f4xx_hal_tim.o
 .text.TIM_OC3_SetConfig
                0x08002280       0x60 ./system/src/stm32f4-hal/stm32f4xx_hal_tim.o
 .text.TIM_OC4_SetConfig
                0x080022e0       0x50 ./system/src/stm32f4-hal/stm32f4xx_hal_tim.o
 .text.HAL_TIM_PWM_MspInit
                0x08002330        0x2 ./system/src/stm32f4-hal/stm32f4xx_hal_tim.o
                0x08002330                HAL_TIM_PWM_MspInit
 .text.HAL_TIM_Encoder_MspInit
                0x08002332        0x2 ./system/src/stm32f4-hal/stm32f4xx_hal_tim.o
                0x08002332                HAL_TIM_Encoder_MspInit
 .text.HAL_TIM_Encoder_Start
                0x08002334       0x46 ./system/src/stm32f4-hal/stm32f4xx_hal_tim.o
                0x08002334                HAL_TIM_Encoder_Start
 .text.HAL_TIM_PeriodElapsedCallback
                0x0800237a        0x2 ./system/src/stm32f4-hal/stm32f4xx_hal_tim.o
                0x0800237a                HAL_TIM_PeriodElapsedCallback
 .text.HAL_TIM_OC_DelayElapsedCallback
                0x0800237c        0x2 ./system/src/stm32f4-hal/stm32f4xx_hal_tim.o
                0x0800237c                HAL_TIM_OC_DelayElapsedCallback
 .text.HAL_TIM_IC_CaptureCallback
                0x0800237e        0x2 ./system/src/stm32f4-hal/stm32f4xx_hal_tim.o
                0x0800237e                HAL_TIM_IC_CaptureCallback
 .text.HAL_TIM_PWM_PulseFinishedCallback
                0x08002380        0x2 ./system/src/stm32f4-hal/stm32f4xx_hal_tim.o
                0x08002380                HAL_TIM_PWM_PulseFinishedCallback
 .text.HAL_TIM_TriggerCallback
                0x08002382        0x2 ./system/src/stm32f4-hal/stm32f4xx_hal_tim.o
                0x08002382                HAL_TIM_TriggerCallback
 .text.HAL_TIM_IRQHandler
                0x08002384      0x144 ./system/src/stm32f4-hal/stm32f4xx_hal_tim.o
                0x08002384                HAL_TIM_IRQHandler
 .text.TIM_Base_SetConfig
                0x080024c8       0xc8 ./system/src/stm32f4-hal/stm32f4xx_hal_tim.o
                0x080024c8                TIM_Base_SetConfig
 .text.HAL_TIM_PWM_Init
                0x08002590       0x2c ./system/src/stm32f4-hal/stm32f4xx_hal_tim.o
                0x08002590                HAL_TIM_PWM_Init
 .text.HAL_TIM_Encoder_Init
                0x080025bc       0x8a ./system/src/stm32f4-hal/stm32f4xx_hal_tim.o
                0x080025bc                HAL_TIM_Encoder_Init
 *fill*         0x08002646        0x2 
 .text.TIM_OC2_SetConfig
                0x08002648       0x64 ./system/src/stm32f4-hal/stm32f4xx_hal_tim.o
                0x08002648                TIM_OC2_SetConfig
 .text.HAL_TIM_PWM_ConfigChannel
                0x080026ac       0xc6 ./system/src/stm32f4-hal/stm32f4xx_hal_tim.o
                0x080026ac                HAL_TIM_PWM_ConfigChannel
 .text.TIM_CCxChannelCmd
                0x08002772       0x18 ./system/src/stm32f4-hal/stm32f4xx_hal_tim.o
                0x08002772                TIM_CCxChannelCmd
 *fill*         0x0800278a        0x2 
 .text.HAL_TIM_PWM_Start
                0x0800278c       0x34 ./system/src/stm32f4-hal/stm32f4xx_hal_tim.o
                0x0800278c                HAL_TIM_PWM_Start
 .text.HAL_TIMEx_CommutationCallback
                0x080027c0        0x2 ./system/src/stm32f4-hal/stm32f4xx_hal_tim_ex.o
                0x080027c0                HAL_TIMEx_CommutationCallback
 .text.HAL_TIMEx_BreakCallback
                0x080027c2        0x2 ./system/src/stm32f4-hal/stm32f4xx_hal_tim_ex.o
                0x080027c2                HAL_TIMEx_BreakCallback
 .text.UART_SetConfig
                0x080027c4      0x148 ./system/src/stm32f4-hal/stm32f4xx_hal_uart.o
 .text.UART_WaitOnFlagUntilTimeout.constprop.0
                0x0800290c       0x60 ./system/src/stm32f4-hal/stm32f4xx_hal_uart.o
 .text.HAL_UART_MspInit
                0x0800296c        0x2 ./system/src/stm32f4-hal/stm32f4xx_hal_uart.o
                0x0800296c                HAL_UART_MspInit
 .text.HAL_UART_Init
                0x0800296e       0x52 ./system/src/stm32f4-hal/stm32f4xx_hal_uart.o
                0x0800296e                HAL_UART_Init
 .text.HAL_UART_Transmit
                0x080029c0       0xba ./system/src/stm32f4-hal/stm32f4xx_hal_uart.o
                0x080029c0                HAL_UART_Transmit
 .text.HAL_UART_Receive
                0x08002a7a       0xbe ./system/src/stm32f4-hal/stm32f4xx_hal_uart.o
                0x08002a7a                HAL_UART_Receive
 .text.HAL_UART_Receive_IT
                0x08002b38       0x6a ./system/src/stm32f4-hal/stm32f4xx_hal_uart.o
                0x08002b38                HAL_UART_Receive_IT
 *fill*         0x08002ba2        0x2 
 .text.HAL_UART_Transmit_DMA
                0x08002ba4       0x80 ./system/src/stm32f4-hal/stm32f4xx_hal_uart.o
                0x08002ba4                HAL_UART_Transmit_DMA
 .text.HAL_UART_DMAResume
                0x08002c24       0x5e ./system/src/stm32f4-hal/stm32f4xx_hal_uart.o
                0x08002c24                HAL_UART_DMAResume
 .text.HAL_UART_TxCpltCallback
                0x08002c82        0x2 ./system/src/stm32f4-hal/stm32f4xx_hal_uart.o
                0x08002c82                HAL_UART_TxCpltCallback
 .text.HAL_UART_TxHalfCpltCallback
                0x08002c84        0x2 ./system/src/stm32f4-hal/stm32f4xx_hal_uart.o
                0x08002c84                HAL_UART_TxHalfCpltCallback
 .text.UART_DMATxHalfCplt
                0x08002c86        0xa ./system/src/stm32f4-hal/stm32f4xx_hal_uart.o
 .text.HAL_UART_ErrorCallback
                0x08002c90        0x2 ./system/src/stm32f4-hal/stm32f4xx_hal_uart.o
                0x08002c90                HAL_UART_ErrorCallback
 .text.UART_DMAError
                0x08002c92       0x22 ./system/src/stm32f4-hal/stm32f4xx_hal_uart.o
 .text.UART_DMATransmitCplt
                0x08002cb4       0x4e ./system/src/stm32f4-hal/stm32f4xx_hal_uart.o
 .text.HAL_UART_IRQHandler
                0x08002d02      0x1aa ./system/src/stm32f4-hal/stm32f4xx_hal_uart.o
                0x08002d02                HAL_UART_IRQHandler
 .text.USB_FlushTxFifo
                0x08002eac       0x24 ./system/src/stm32f4-hal/stm32f4xx_ll_usb.o
                0x08002eac                USB_FlushTxFifo
 .text.USB_GetDevSpeed
                0x08002ed0       0x36 ./system/src/stm32f4-hal/stm32f4xx_ll_usb.o
                0x08002ed0                USB_GetDevSpeed
 .text.USB_ActivateEndpoint
                0x08002f06       0x82 ./system/src/stm32f4-hal/stm32f4xx_ll_usb.o
                0x08002f06                USB_ActivateEndpoint
 .text.USB_EP0StartXfer
                0x08002f88      0x150 ./system/src/stm32f4-hal/stm32f4xx_ll_usb.o
                0x08002f88                USB_EP0StartXfer
 .text.USB_WritePacket
                0x080030d8       0x26 ./system/src/stm32f4-hal/stm32f4xx_ll_usb.o
                0x080030d8                USB_WritePacket
 *fill*         0x080030fe        0x2 
 .text.USB_EPStartXfer
                0x08003100      0x238 ./system/src/stm32f4-hal/stm32f4xx_ll_usb.o
                0x08003100                USB_EPStartXfer
 .text.USB_ReadPacket
                0x08003338       0x20 ./system/src/stm32f4-hal/stm32f4xx_ll_usb.o
                0x08003338                USB_ReadPacket
 .text.USB_EPSetStall
                0x08003358       0x64 ./system/src/stm32f4-hal/stm32f4xx_ll_usb.o
                0x08003358                USB_EPSetStall
 .text.USB_EPClearStall
                0x080033bc       0x3e ./system/src/stm32f4-hal/stm32f4xx_ll_usb.o
                0x080033bc                USB_EPClearStall
 .text.USB_SetDevAddress
                0x080033fa       0x20 ./system/src/stm32f4-hal/stm32f4xx_ll_usb.o
                0x080033fa                USB_SetDevAddress
 .text.USB_ReadInterrupts
                0x0800341a        0x8 ./system/src/stm32f4-hal/stm32f4xx_ll_usb.o
                0x0800341a                USB_ReadInterrupts
 .text.USB_ReadDevAllOutEpInterrupt
                0x08003422       0x10 ./system/src/stm32f4-hal/stm32f4xx_ll_usb.o
                0x08003422                USB_ReadDevAllOutEpInterrupt
 .text.USB_ReadDevAllInEpInterrupt
                0x08003432       0x10 ./system/src/stm32f4-hal/stm32f4xx_ll_usb.o
                0x08003432                USB_ReadDevAllInEpInterrupt
 .text.USB_ReadDevOutEPInterrupt
                0x08003442       0x12 ./system/src/stm32f4-hal/stm32f4xx_ll_usb.o
                0x08003442                USB_ReadDevOutEPInterrupt
 .text.USB_ReadDevInEPInterrupt
                0x08003454       0x1e ./system/src/stm32f4-hal/stm32f4xx_ll_usb.o
                0x08003454                USB_ReadDevInEPInterrupt
 .text.USB_GetMode
                0x08003472        0x8 ./system/src/stm32f4-hal/stm32f4xx_ll_usb.o
                0x08003472                USB_GetMode
 .text.USB_ActivateSetup
                0x0800347a       0x36 ./system/src/stm32f4-hal/stm32f4xx_ll_usb.o
                0x0800347a                USB_ActivateSetup
 .text.USB_EP0_OutStart
                0x080034b0       0x46 ./system/src/stm32f4-hal/stm32f4xx_ll_usb.o
                0x080034b0                USB_EP0_OutStart
 .text._exit    0x080034f6        0x6 ./system/src/newlib/_exit.o
                0x080034f6                _exit
 .text._sbrk    0x080034fc       0x40 ./system/src/newlib/_sbrk.o
                0x080034fc                _sbrk
 .text.__initialize_args
                0x0800353c       0x10 ./system/src/newlib/_syscalls.o
                0x0800353c                __initialize_args
 .text._close   0x0800354c       0x10 ./system/src/newlib/_syscalls.o
                0x0800354c                _close
 .text._fstat   0x0800355c       0x10 ./system/src/newlib/_syscalls.o
                0x0800355c                _fstat
 .text._isatty  0x0800356c        0xe ./system/src/newlib/_syscalls.o
                0x0800356c                _isatty
 .text._lseek   0x0800357a       0x10 ./system/src/newlib/_syscalls.o
                0x0800357a                _lseek
 *fill*         0x0800358a        0x2 
 .text.__initialize_hardware_early
                0x0800358c       0x1c ./system/src/cortexm/_initialize_hardware.o
                0x0800358c                __initialize_hardware_early
 .text.__reset_hardware
                0x080035a8       0x20 ./system/src/cortexm/_reset_hardware.o
                0x080035a8                __reset_hardware
 .text.SystemInit
                0x080035c8       0x4c ./system/src/cmsis/system_stm32f4xx.o
                0x080035c8                SystemInit
 .text.configure_system_clock
                0x08003614       0x68 ./src/_initialize_hardware.o
                0x08003614                configure_system_clock
 .text.__initialize_hardware
                0x0800367c       0x28 ./src/_initialize_hardware.o
                0x0800367c                __initialize_hardware
 .text.configSW1
                0x080036a4       0x30 ./src/botao.o
                0x080036a4                configSW1
 .text.getSW1   0x080036d4        0xc ./src/botao.o
                0x080036d4                getSW1
 .text.configBuzzer
                0x080036e0       0x30 ./src/buzzer.o
                0x080036e0                configBuzzer
 .text.beeps    0x08003710       0x44 ./src/buzzer.o
                0x08003710                beeps
 .text.beep     0x08003754       0x1c ./src/buzzer.o
                0x08003754                beep
 .text.finishSong
                0x08003770       0x24 ./src/buzzer.o
                0x08003770                finishSong
 .text.micros   0x08003794       0x20 ./src/delays.o
                0x08003794                micros
 .text.delay_ms
                0x080037b4       0x16 ./src/delays.o
                0x080037b4                delay_ms
 .text.delay_us
                0x080037ca       0x16 ./src/delays.o
                0x080037ca                delay_us
 .text.configEncoders
                0x080037e0      0x10c ./src/encoders.o
                0x080037e0                configEncoders
 .text.getEncoderEsquerda
                0x080038ec        0x8 ./src/encoders.o
                0x080038ec                getEncoderEsquerda
 .text.resetEncoderEsquerda
                0x080038f4        0xa ./src/encoders.o
                0x080038f4                resetEncoderEsquerda
 *fill*         0x080038fe        0x2 
 .text.getEncoderDireita
                0x08003900        0xc ./src/encoders.o
                0x08003900                getEncoderDireita
 .text.resetEncoderDireita
                0x0800390c        0xc ./src/encoders.o
                0x0800390c                resetEncoderDireita
 .text.writeFlash
                0x08003918       0x64 ./src/flash.o
                0x08003918                writeFlash
 .text.readFlash
                0x0800397c       0x18 ./src/flash.o
                0x0800397c                readFlash
 .text.resetMaze
                0x08003994       0x40 ./src/flood_fill.o
                0x08003994                resetMaze
 .text.getLowestNeighbourCell
                0x080039d4       0xcc ./src/flood_fill.o
                0x080039d4                getLowestNeighbourCell
 .text.floodFill
                0x08003aa0       0x70 ./src/flood_fill.o
                0x08003aa0                floodFill
 .text.checkNorthCell
                0x08003b10       0x4c ./src/flood_fill.o
                0x08003b10                checkNorthCell
 .text.checkEastCell
                0x08003b5c       0x4c ./src/flood_fill.o
                0x08003b5c                checkEastCell
 .text.checkSouthCell
                0x08003ba8       0x50 ./src/flood_fill.o
                0x08003ba8                checkSouthCell
 .text.checkWestCell
                0x08003bf8       0x4c ./src/flood_fill.o
                0x08003bf8                checkWestCell
 .text.getNextCell
                0x08003c44       0xb0 ./src/flood_fill.o
                0x08003c44                getNextCell
 .text.getNumMoves
                0x08003cf4       0x3c ./src/flood_fill.o
                0x08003cf4                getNumMoves
 .text.updateMaze
                0x08003d30      0x1a8 ./src/flood_fill.o
                0x08003d30                updateMaze
 .text.checkPosition
                0x08003ed8       0x4c ./src/flood_fill.o
                0x08003ed8                checkPosition
 .text.getNextMove
                0x08003f24       0xc4 ./src/flood_fill.o
                0x08003f24                getNextMove
 .text.getPath  0x08003fe8       0x2a ./src/flood_fill.o
                0x08003fe8                getPath
 *fill*         0x08004012        0x2 
 .text.configLEDs
                0x08004014       0x54 ./src/leds.o
                0x08004014                configLEDs
 .text.setLED   0x08004068       0x1c ./src/leds.o
                0x08004068                setLED
 .text.toggleLED
                0x08004084       0x1c ./src/leds.o
                0x08004084                toggleLED
 .text.allLEDs  0x080040a0       0x28 ./src/leds.o
                0x080040a0                allLEDs
 .text.systick  0x080040c8       0x30 ./src/main.o
                0x080040c8                systick
 .text.configPeripherals
                0x080040f8       0x26 ./src/main.o
                0x080040f8                configPeripherals
 .text.fastRun  0x0800411e       0x46 ./src/main.o
                0x0800411e                fastRun
 .text.initParameters
                0x08004164       0x14 ./src/main.o
                0x08004164                initParameters
 .text.calGyro  0x08004178       0xc4 ./src/main.o
                0x08004178                calGyro
 .text.startup.main
                0x0800423c      0x294 ./src/main.o
                0x0800423c                main
 .text.configMotors
                0x080044d0       0xd8 ./src/motores.o
                0x080044d0                configMotors
 .text.setMotores
                0x080045a8       0x90 ./src/motores.o
                0x080045a8                setMotores
 .text.getErroSensores
                0x08004638       0x7c ./src/sensores.o
                0x08004638                getErroSensores
 .text.getRawADC
                0x080046b4       0x34 ./src/sensores.o
                0x080046b4                getRawADC
 .text.getSensoresParede
                0x080046e8      0x174 ./src/sensores.o
                0x080046e8                getSensoresParede
 .text.getRawGyro
                0x0800485c       0x14 ./src/sensores.o
                0x0800485c                getRawGyro
 .text.getGyro  0x08004870       0x68 ./src/sensores.o
                0x08004870                getGyro
 .text.getTensao
                0x080048d8       0x18 ./src/sensores.o
                0x080048d8                getTensao
 .text.configSensors
                0x080048f0      0x130 ./src/sensores.o
                0x080048f0                configSensors
 .text.waitStart
                0x08004a20       0x48 ./src/sensores.o
                0x08004a20                waitStart
 .text.getEncoderStatus
                0x08004a68       0xf8 ./src/speed_profile.o
                0x08004a68                getEncoderStatus
 .text.updateCurrentSpeed
                0x08004b60       0xc8 ./src/speed_profile.o
                0x08004b60                updateCurrentSpeed
 .text.calculateMotorPwm
                0x08004c28      0x170 ./src/speed_profile.o
                0x08004c28                calculateMotorPwm
 .text.speedProfile
                0x08004d98       0x12 ./src/speed_profile.o
                0x08004d98                speedProfile
 *fill*         0x08004daa        0x2 
 .text.needToDecelerate
                0x08004dac       0x90 ./src/speed_profile.o
                0x08004dac                needToDecelerate
 .text.resetSpeedProfile
                0x08004e3c       0x74 ./src/speed_profile.o
                0x08004e3c                resetSpeedProfile
 .text.moveOneCell
                0x08004eb0      0x154 ./src/speed_profile.o
                0x08004eb0                moveOneCell
 .text.moveStraight
                0x08005004      0x118 ./src/speed_profile.o
                0x08005004                moveStraight
 .text.turnCorrection
                0x0800511c       0xf0 ./src/speed_profile.o
                0x0800511c                turnCorrection
 .text.curveTurn
                0x0800520c      0x108 ./src/speed_profile.o
                0x0800520c                curveTurn
 .text.pivot    0x08005314      0x120 ./src/speed_profile.o
                0x08005314                pivot
 .text.frente   0x08005434       0x18 ./src/speed_profile.o
                0x08005434                frente
 .text.frontCal
                0x0800544c       0x78 ./src/speed_profile.o
                0x0800544c                frontCal
 .text.pivot180
                0x080054c4       0x68 ./src/speed_profile.o
                0x080054c4                pivot180
 .text.curva    0x0800552c       0x48 ./src/speed_profile.o
                0x0800552c                curva
 .text.curvaPivot
                0x08005574       0x1c ./src/speed_profile.o
                0x08005574                curvaPivot
 .text.doMove   0x08005590       0x18 ./src/speed_profile.o
                0x08005590                doMove
 .text.doPath   0x080055a8       0x6c ./src/speed_profile.o
                0x080055a8                doPath
 .text.setSpeeds
                0x08005614       0x14 ./src/speed_profile.o
                0x08005614                setSpeeds
 .text.printBuffers
                0x08005628       0x38 ./src/speed_profile.o
                0x08005628                printBuffers
 .text.SysTick_Handler
                0x08005660       0x34 ./src/stm32f4xx_it.o
                0x08005660                SysTick_Handler
 .text.TIM3_IRQHandler
                0x08005694        0xc ./src/stm32f4xx_it.o
                0x08005694                TIM3_IRQHandler
 .text.USART1_IRQHandler
                0x080056a0        0xc ./src/stm32f4xx_it.o
                0x080056a0                USART1_IRQHandler
 .text.configUsart1
                0x080056ac       0xd4 ./src/usart1.o
                0x080056ac                configUsart1
 .text.DMA2_Stream7_IRQHandler
                0x08005780        0xc ./src/usart1.o
                0x08005780                DMA2_Stream7_IRQHandler
 .text.HAL_UART_RxCpltCallback
                0x0800578c       0x40 ./src/usart1.o
                0x0800578c                HAL_UART_RxCpltCallback
 .text.comandosUART
                0x080057cc      0x124 ./src/usart1.o
                0x080057cc                comandosUART
 .text._write   0x080058f0       0x18 ./src/usart1.o
                0x080058f0                _write
 .text._read    0x08005908       0x18 ./src/usart1.o
                0x08005908                _read
 .text.configUSB
                0x08005920        0x2 ./src/usb_user.o
                0x08005920                configUSB
 *fill*         0x08005922        0x2 
 .text.OTG_FS_IRQHandler
                0x08005924        0xc ./src/usb_user.o
                0x08005924                OTG_FS_IRQHandler
 .text.HAL_PCD_SetupStageCallback
                0x08005930        0xe ./src/usbd_conf.o
                0x08005930                HAL_PCD_SetupStageCallback
 .text.HAL_PCD_DataOutStageCallback
                0x0800593e       0x12 ./src/usbd_conf.o
                0x0800593e                HAL_PCD_DataOutStageCallback
 .text.HAL_PCD_DataInStageCallback
                0x08005950       0x10 ./src/usbd_conf.o
                0x08005950                HAL_PCD_DataInStageCallback
 .text.HAL_PCD_SOFCallback
                0x08005960        0x8 ./src/usbd_conf.o
                0x08005960                HAL_PCD_SOFCallback
 .text.HAL_PCD_ResetCallback
                0x08005968       0x20 ./src/usbd_conf.o
                0x08005968                HAL_PCD_ResetCallback
 .text.HAL_PCD_SuspendCallback
                0x08005988        0x8 ./src/usbd_conf.o
                0x08005988                HAL_PCD_SuspendCallback
 .text.HAL_PCD_ResumeCallback
                0x08005990        0x8 ./src/usbd_conf.o
                0x08005990                HAL_PCD_ResumeCallback
 .text.HAL_PCD_ISOOUTIncompleteCallback
                0x08005998        0x8 ./src/usbd_conf.o
                0x08005998                HAL_PCD_ISOOUTIncompleteCallback
 .text.HAL_PCD_ISOINIncompleteCallback
                0x080059a0        0x8 ./src/usbd_conf.o
                0x080059a0                HAL_PCD_ISOINIncompleteCallback
 .text.HAL_PCD_ConnectCallback
                0x080059a8        0x8 ./src/usbd_conf.o
                0x080059a8                HAL_PCD_ConnectCallback
 .text.HAL_PCD_DisconnectCallback
                0x080059b0        0x8 ./src/usbd_conf.o
                0x080059b0                HAL_PCD_DisconnectCallback
 .text.USBD_LL_OpenEP
                0x080059b8       0x14 ./src/usbd_conf.o
                0x080059b8                USBD_LL_OpenEP
 .text.USBD_LL_StallEP
                0x080059cc        0xe ./src/usbd_conf.o
                0x080059cc                USBD_LL_StallEP
 .text.USBD_LL_ClearStallEP
                0x080059da        0xe ./src/usbd_conf.o
                0x080059da                USBD_LL_ClearStallEP
 .text.USBD_LL_IsStallEP
                0x080059e8       0x26 ./src/usbd_conf.o
                0x080059e8                USBD_LL_IsStallEP
 .text.USBD_LL_SetUSBAddress
                0x08005a0e        0xe ./src/usbd_conf.o
                0x08005a0e                USBD_LL_SetUSBAddress
 .text.USBD_LL_Transmit
                0x08005a1c        0xe ./src/usbd_conf.o
                0x08005a1c                USBD_LL_Transmit
 .text.USBD_LL_PrepareReceive
                0x08005a2a        0xe ./src/usbd_conf.o
                0x08005a2a                USBD_LL_PrepareReceive
 .text.USBD_SetClassConfig
                0x08005a38       0x16 ./USB/Core/Src/usbd_core.o
                0x08005a38                USBD_SetClassConfig
 .text.USBD_ClrClassConfig
                0x08005a4e        0xe ./USB/Core/Src/usbd_core.o
                0x08005a4e                USBD_ClrClassConfig
 .text.USBD_LL_SetupStage
                0x08005a5c       0x5a ./USB/Core/Src/usbd_core.o
                0x08005a5c                USBD_LL_SetupStage
 .text.USBD_LL_DataOutStage
                0x08005ab6       0x60 ./USB/Core/Src/usbd_core.o
                0x08005ab6                USBD_LL_DataOutStage
 .text.USBD_LL_DataInStage
                0x08005b16       0x88 ./USB/Core/Src/usbd_core.o
                0x08005b16                USBD_LL_DataInStage
 .text.USBD_LL_Reset
                0x08005b9e       0x3e ./USB/Core/Src/usbd_core.o
                0x08005b9e                USBD_LL_Reset
 .text.USBD_LL_SetSpeed
                0x08005bdc        0x6 ./USB/Core/Src/usbd_core.o
                0x08005bdc                USBD_LL_SetSpeed
 .text.USBD_LL_Suspend
                0x08005be2       0x12 ./USB/Core/Src/usbd_core.o
                0x08005be2                USBD_LL_Suspend
 .text.USBD_LL_Resume
                0x08005bf4        0xc ./USB/Core/Src/usbd_core.o
                0x08005bf4                USBD_LL_Resume
 .text.USBD_LL_SOF
                0x08005c00       0x18 ./USB/Core/Src/usbd_core.o
                0x08005c00                USBD_LL_SOF
 .text.USBD_LL_IsoINIncomplete
                0x08005c18        0x4 ./USB/Core/Src/usbd_core.o
                0x08005c18                USBD_LL_IsoINIncomplete
 .text.USBD_LL_IsoOUTIncomplete
                0x08005c1c        0x4 ./USB/Core/Src/usbd_core.o
                0x08005c1c                USBD_LL_IsoOUTIncomplete
 .text.USBD_LL_DevConnected
                0x08005c20        0x4 ./USB/Core/Src/usbd_core.o
                0x08005c20                USBD_LL_DevConnected
 .text.USBD_LL_DevDisconnected
                0x08005c24       0x16 ./USB/Core/Src/usbd_core.o
                0x08005c24                USBD_LL_DevDisconnected
 .text.USBD_ParseSetupRequest
                0x08005c3a       0x28 ./USB/Core/Src/usbd_ctlreq.o
                0x08005c3a                USBD_ParseSetupRequest
 .text.USBD_CtlError
                0x08005c62       0x16 ./USB/Core/Src/usbd_ctlreq.o
                0x08005c62                USBD_CtlError
 .text.USBD_StdDevReq
                0x08005c78      0x218 ./USB/Core/Src/usbd_ctlreq.o
                0x08005c78                USBD_StdDevReq
 .text.USBD_StdItfReq
                0x08005e90       0x30 ./USB/Core/Src/usbd_ctlreq.o
                0x08005e90                USBD_StdItfReq
 .text.USBD_StdEPReq
                0x08005ec0       0xb2 ./USB/Core/Src/usbd_ctlreq.o
                0x08005ec0                USBD_StdEPReq
 .text.USBD_CtlSendData
                0x08005f72       0x1c ./USB/Core/Src/usbd_ioreq.o
                0x08005f72                USBD_CtlSendData
 .text.USBD_CtlContinueSendData
                0x08005f8e       0x12 ./USB/Core/Src/usbd_ioreq.o
                0x08005f8e                USBD_CtlContinueSendData
 .text.USBD_CtlContinueRx
                0x08005fa0       0x12 ./USB/Core/Src/usbd_ioreq.o
                0x08005fa0                USBD_CtlContinueRx
 .text.USBD_CtlSendStatus
                0x08005fb2       0x16 ./USB/Core/Src/usbd_ioreq.o
                0x08005fb2                USBD_CtlSendStatus
 .text.USBD_CtlReceiveStatus
                0x08005fc8       0x16 ./USB/Core/Src/usbd_ioreq.o
                0x08005fc8                USBD_CtlReceiveStatus
 *fill*         0x08005fde        0x2 
 .text          0x08005fe0      0x370 e:/arm_toolchains/gccarm/bin/../lib/gcc/arm-none-eabi/4.9.3/armv7e-m/fpu\libgcc.a(_arm_addsubdf3.o)
                0x08005fe0                __aeabi_drsub
                0x08005fe8                __aeabi_dsub
                0x08005fe8                __subdf3
                0x08005fec                __aeabi_dadd
                0x08005fec                __adddf3
                0x08006264                __floatunsidf
                0x08006264                __aeabi_ui2d
                0x08006284                __floatsidf
                0x08006284                __aeabi_i2d
                0x080062a8                __aeabi_f2d
                0x080062a8                __extendsfdf2
                0x080062e4                __floatundidf
                0x080062e4                __aeabi_ul2d
                0x080062f4                __floatdidf
                0x080062f4                __aeabi_l2d
 .text          0x08006350      0x424 e:/arm_toolchains/gccarm/bin/../lib/gcc/arm-none-eabi/4.9.3/armv7e-m/fpu\libgcc.a(_arm_muldivdf3.o)
                0x08006350                __aeabi_dmul
                0x08006350                __muldf3
                0x080065a4                __divdf3
                0x080065a4                __aeabi_ddiv
 .text          0x08006774       0xa0 e:/arm_toolchains/gccarm/bin/../lib/gcc/arm-none-eabi/4.9.3/armv7e-m/fpu\libgcc.a(_arm_truncdfsf2.o)
                0x08006774                __truncdfsf2
                0x08006774                __aeabi_d2f
 .text.atoi     0x08006814        0x8 e:/arm_toolchains/gccarm/bin/../lib/gcc/arm-none-eabi/4.9.3/../../../../arm-none-eabi/lib/armv7e-m/fpu\libg_nano.a(lib_a-atoi.o)
                0x08006814                atoi
 .text.__errno  0x0800681c        0xc e:/arm_toolchains/gccarm/bin/../lib/gcc/arm-none-eabi/4.9.3/../../../../arm-none-eabi/lib/armv7e-m/fpu\libg_nano.a(lib_a-errno.o)
                0x0800681c                __errno
 .text.malloc   0x08006828       0x10 e:/arm_toolchains/gccarm/bin/../lib/gcc/arm-none-eabi/4.9.3/../../../../arm-none-eabi/lib/armv7e-m/fpu\libg_nano.a(lib_a-malloc.o)
                0x08006828                malloc
 .text.memset   0x08006838       0x10 e:/arm_toolchains/gccarm/bin/../lib/gcc/arm-none-eabi/4.9.3/../../../../arm-none-eabi/lib/armv7e-m/fpu\libg_nano.a(lib_a-memset.o)
                0x08006838                memset
 .text._free_r  0x08006848       0x88 e:/arm_toolchains/gccarm/bin/../lib/gcc/arm-none-eabi/4.9.3/../../../../arm-none-eabi/lib/armv7e-m/fpu\libg_nano.a(lib_a-nano-freer.o)
                0x08006848                _free_r
 .text._malloc_r
                0x080068d0       0xac e:/arm_toolchains/gccarm/bin/../lib/gcc/arm-none-eabi/4.9.3/../../../../arm-none-eabi/lib/armv7e-m/fpu\libg_nano.a(lib_a-nano-mallocr.o)
                0x080068d0                _malloc_r
 .text.printf   0x0800697c       0x30 e:/arm_toolchains/gccarm/bin/../lib/gcc/arm-none-eabi/4.9.3/../../../../arm-none-eabi/lib/armv7e-m/fpu\libg_nano.a(lib_a-printf.o)
                0x0800697c                iprintf
                0x0800697c                printf
 .text._puts_r  0x080069ac       0xbc e:/arm_toolchains/gccarm/bin/../lib/gcc/arm-none-eabi/4.9.3/../../../../arm-none-eabi/lib/armv7e-m/fpu\libg_nano.a(lib_a-puts.o)
                0x080069ac                _puts_r
 .text.puts     0x08006a68       0x10 e:/arm_toolchains/gccarm/bin/../lib/gcc/arm-none-eabi/4.9.3/../../../../arm-none-eabi/lib/armv7e-m/fpu\libg_nano.a(lib_a-puts.o)
                0x08006a68                puts
 .text._sbrk_r  0x08006a78       0x20 e:/arm_toolchains/gccarm/bin/../lib/gcc/arm-none-eabi/4.9.3/../../../../arm-none-eabi/lib/armv7e-m/fpu\libg_nano.a(lib_a-sbrkr.o)
                0x08006a78                _sbrk_r
 .text          0x08006a98       0x14 e:/arm_toolchains/gccarm/bin/../lib/gcc/arm-none-eabi/4.9.3/../../../../arm-none-eabi/lib/armv7e-m/fpu\libg_nano.a(lib_a-strcmp.o)
                0x08006a98                strcmp
 .text.strtok   0x08006aac       0x64 e:/arm_toolchains/gccarm/bin/../lib/gcc/arm-none-eabi/4.9.3/../../../../arm-none-eabi/lib/armv7e-m/fpu\libg_nano.a(lib_a-strtok.o)
                0x08006aac                strtok
 .text.__strtok_r
                0x08006b10       0x56 e:/arm_toolchains/gccarm/bin/../lib/gcc/arm-none-eabi/4.9.3/../../../../arm-none-eabi/lib/armv7e-m/fpu\libg_nano.a(lib_a-strtok_r.o)
                0x08006b10                __strtok_r
 *fill*         0x08006b66        0x2 
 .text._strtol_r
                0x08006b68      0x10c e:/arm_toolchains/gccarm/bin/../lib/gcc/arm-none-eabi/4.9.3/../../../../arm-none-eabi/lib/armv7e-m/fpu\libg_nano.a(lib_a-strtol.o)
                0x08006b68                _strtol_r
 .text.strtol   0x08006c74       0x1c e:/arm_toolchains/gccarm/bin/../lib/gcc/arm-none-eabi/4.9.3/../../../../arm-none-eabi/lib/armv7e-m/fpu\libg_nano.a(lib_a-strtol.o)
                0x08006c74                strtol
 .text.__swbuf_r
                0x08006c90       0xa8 e:/arm_toolchains/gccarm/bin/../lib/gcc/arm-none-eabi/4.9.3/../../../../arm-none-eabi/lib/armv7e-m/fpu\libg_nano.a(lib_a-wbuf.o)
                0x08006c90                __swbuf_r
 .text.__swsetup_r
                0x08006d38       0xd8 e:/arm_toolchains/gccarm/bin/../lib/gcc/arm-none-eabi/4.9.3/../../../../arm-none-eabi/lib/armv7e-m/fpu\libg_nano.a(lib_a-wsetup.o)
                0x08006d38                __swsetup_r
 .text.__sflush_r
                0x08006e10      0x108 e:/arm_toolchains/gccarm/bin/../lib/gcc/arm-none-eabi/4.9.3/../../../../arm-none-eabi/lib/armv7e-m/fpu\libg_nano.a(lib_a-fflush.o)
                0x08006e10                __sflush_r
 .text._fflush_r
                0x08006f18       0x54 e:/arm_toolchains/gccarm/bin/../lib/gcc/arm-none-eabi/4.9.3/../../../../arm-none-eabi/lib/armv7e-m/fpu\libg_nano.a(lib_a-fflush.o)
                0x08006f18                _fflush_r
 .text._cleanup_r
                0x08006f6c        0xc e:/arm_toolchains/gccarm/bin/../lib/gcc/arm-none-eabi/4.9.3/../../../../arm-none-eabi/lib/armv7e-m/fpu\libg_nano.a(lib_a-findfp.o)
                0x08006f6c                _cleanup_r
 .text.std.isra.0
                0x08006f78       0x48 e:/arm_toolchains/gccarm/bin/../lib/gcc/arm-none-eabi/4.9.3/../../../../arm-none-eabi/lib/armv7e-m/fpu\libg_nano.a(lib_a-findfp.o)
 .text.__sfmoreglue
                0x08006fc0       0x2c e:/arm_toolchains/gccarm/bin/../lib/gcc/arm-none-eabi/4.9.3/../../../../arm-none-eabi/lib/armv7e-m/fpu\libg_nano.a(lib_a-findfp.o)
                0x08006fc0                __sfmoreglue
 .text.__sinit  0x08006fec       0x60 e:/arm_toolchains/gccarm/bin/../lib/gcc/arm-none-eabi/4.9.3/../../../../arm-none-eabi/lib/armv7e-m/fpu\libg_nano.a(lib_a-findfp.o)
                0x08006fec                __sinit
 .text.__sfp    0x0800704c       0x74 e:/arm_toolchains/gccarm/bin/../lib/gcc/arm-none-eabi/4.9.3/../../../../arm-none-eabi/lib/armv7e-m/fpu\libg_nano.a(lib_a-findfp.o)
                0x0800704c                __sfp
 .text._fwalk_reent
                0x080070c0       0x3c e:/arm_toolchains/gccarm/bin/../lib/gcc/arm-none-eabi/4.9.3/../../../../arm-none-eabi/lib/armv7e-m/fpu\libg_nano.a(lib_a-fwalk.o)
                0x080070c0                _fwalk_reent
 .text.__smakebuf_r
                0x080070fc       0x9c e:/arm_toolchains/gccarm/bin/../lib/gcc/arm-none-eabi/4.9.3/../../../../arm-none-eabi/lib/armv7e-m/fpu\libg_nano.a(lib_a-makebuf.o)
                0x080070fc                __smakebuf_r
 .text.__sfputc_r
                0x08007198       0x2c e:/arm_toolchains/gccarm/bin/../lib/gcc/arm-none-eabi/4.9.3/../../../../arm-none-eabi/lib/armv7e-m/fpu\libg_nano.a(lib_a-nano-vfprintf.o)
 .text.__sfputs_r
                0x080071c4       0x24 e:/arm_toolchains/gccarm/bin/../lib/gcc/arm-none-eabi/4.9.3/../../../../arm-none-eabi/lib/armv7e-m/fpu\libg_nano.a(lib_a-nano-vfprintf.o)
                0x080071c4                __sfputs_r
 .text._vfprintf_r
                0x080071e8      0x210 e:/arm_toolchains/gccarm/bin/../lib/gcc/arm-none-eabi/4.9.3/../../../../arm-none-eabi/lib/armv7e-m/fpu\libg_nano.a(lib_a-nano-vfprintf.o)
                0x080071e8                _vfprintf_r
                0x080071e8                _vfiprintf_r
 .text._printf_common
                0x080073f8       0xea e:/arm_toolchains/gccarm/bin/../lib/gcc/arm-none-eabi/4.9.3/../../../../arm-none-eabi/lib/armv7e-m/fpu\libg_nano.a(lib_a-nano-vfprintf_i.o)
                0x080073f8                _printf_common
 *fill*         0x080074e2        0x2 
 .text._printf_i
                0x080074e4      0x234 e:/arm_toolchains/gccarm/bin/../lib/gcc/arm-none-eabi/4.9.3/../../../../arm-none-eabi/lib/armv7e-m/fpu\libg_nano.a(lib_a-nano-vfprintf_i.o)
                0x080074e4                _printf_i
 .text.__sread  0x08007718       0x22 e:/arm_toolchains/gccarm/bin/../lib/gcc/arm-none-eabi/4.9.3/../../../../arm-none-eabi/lib/armv7e-m/fpu\libg_nano.a(lib_a-stdio.o)
                0x08007718                __sread
 .text.__swrite
                0x0800773a       0x38 e:/arm_toolchains/gccarm/bin/../lib/gcc/arm-none-eabi/4.9.3/../../../../arm-none-eabi/lib/armv7e-m/fpu\libg_nano.a(lib_a-stdio.o)
                0x0800773a                __swrite
 .text.__sseek  0x08007772       0x24 e:/arm_toolchains/gccarm/bin/../lib/gcc/arm-none-eabi/4.9.3/../../../../arm-none-eabi/lib/armv7e-m/fpu\libg_nano.a(lib_a-stdio.o)
                0x08007772                __sseek
 .text.__sclose
                0x08007796        0x8 e:/arm_toolchains/gccarm/bin/../lib/gcc/arm-none-eabi/4.9.3/../../../../arm-none-eabi/lib/armv7e-m/fpu\libg_nano.a(lib_a-stdio.o)
                0x08007796                __sclose
 *fill*         0x0800779e        0x2 
 .text._write_r
                0x080077a0       0x24 e:/arm_toolchains/gccarm/bin/../lib/gcc/arm-none-eabi/4.9.3/../../../../arm-none-eabi/lib/armv7e-m/fpu\libg_nano.a(lib_a-writer.o)
                0x080077a0                _write_r
 .text._close_r
                0x080077c4       0x20 e:/arm_toolchains/gccarm/bin/../lib/gcc/arm-none-eabi/4.9.3/../../../../arm-none-eabi/lib/armv7e-m/fpu\libg_nano.a(lib_a-closer.o)
                0x080077c4                _close_r
 .text._fstat_r
                0x080077e4       0x24 e:/arm_toolchains/gccarm/bin/../lib/gcc/arm-none-eabi/4.9.3/../../../../arm-none-eabi/lib/armv7e-m/fpu\libg_nano.a(lib_a-fstatr.o)
                0x080077e4                _fstat_r
 .text._isatty_r
                0x08007808       0x20 e:/arm_toolchains/gccarm/bin/../lib/gcc/arm-none-eabi/4.9.3/../../../../arm-none-eabi/lib/armv7e-m/fpu\libg_nano.a(lib_a-isattyr.o)
                0x08007808                _isatty_r
 .text._lseek_r
                0x08007828       0x24 e:/arm_toolchains/gccarm/bin/../lib/gcc/arm-none-eabi/4.9.3/../../../../arm-none-eabi/lib/armv7e-m/fpu\libg_nano.a(lib_a-lseekr.o)
                0x08007828                _lseek_r
 .text.memchr   0x0800784c       0x1e e:/arm_toolchains/gccarm/bin/../lib/gcc/arm-none-eabi/4.9.3/../../../../arm-none-eabi/lib/armv7e-m/fpu\libg_nano.a(lib_a-memchr.o)
                0x0800784c                memchr
 *fill*         0x0800786a        0x2 
 .text._read_r  0x0800786c       0x24 e:/arm_toolchains/gccarm/bin/../lib/gcc/arm-none-eabi/4.9.3/../../../../arm-none-eabi/lib/armv7e-m/fpu\libg_nano.a(lib_a-readr.o)
                0x0800786c                _read_r
 *(.rodata .rodata.* .constdata .constdata.*)
 .rodata.APBAHBPrescTable
                0x08007890       0x10 ./system/src/stm32f4-hal/stm32f4xx_hal_rcc.o
                0x08007890                APBAHBPrescTable
 .rodata.LEDS_PIN
                0x080078a0        0xa ./src/leds.o
                0x080078a0                LEDS_PIN
 .rodata.str1.1
                0x080078aa       0x1f ./src/main.o
                                 0x21 (size before relaxing)
 *fill*         0x080078c9        0x1 
 .rodata.MOTORES_PIN
                0x080078ca        0xa ./src/motores.o
                0x080078ca                MOTORES_PIN
 .rodata.ANALOGICAS_PIN
                0x080078d4        0xe ./src/sensores.o
                0x080078d4                ANALOGICAS_PIN
 .rodata.EMISSORES_PIN
                0x080078e2        0xc ./src/sensores.o
                0x080078e2                EMISSORES_PIN
 .rodata.RECEPTORES_PIN
                0x080078ee       0x10 ./src/sensores.o
                0x080078ee                RECEPTORES_PIN
 .rodata.str1.1
                0x080078fe        0x8 ./src/speed_profile.o
 .rodata.str1.1
                0x08007906       0x59 ./src/usart1.o
 .rodata.str1.1
                0x0800795f        0x2 e:/arm_toolchains/gccarm/bin/../lib/gcc/arm-none-eabi/4.9.3/../../../../arm-none-eabi/lib/armv7e-m/fpu\libg_nano.a(lib_a-impure.o)
 *fill*         0x08007961        0x3 
 .rodata._global_impure_ptr
                0x08007964        0x4 e:/arm_toolchains/gccarm/bin/../lib/gcc/arm-none-eabi/4.9.3/../../../../arm-none-eabi/lib/armv7e-m/fpu\libg_nano.a(lib_a-impure.o)
                0x08007964                _global_impure_ptr
 .rodata._ctype_
                0x08007968      0x101 e:/arm_toolchains/gccarm/bin/../lib/gcc/arm-none-eabi/4.9.3/../../../../arm-none-eabi/lib/armv7e-m/fpu\libg_nano.a(lib_a-ctype_.o)
                0x08007968                _ctype_
 *fill*         0x08007a69        0x3 
 .rodata.__sf_fake_stdin
                0x08007a6c       0x20 e:/arm_toolchains/gccarm/bin/../lib/gcc/arm-none-eabi/4.9.3/../../../../arm-none-eabi/lib/armv7e-m/fpu\libg_nano.a(lib_a-findfp.o)
                0x08007a6c                __sf_fake_stdin
 .rodata.__sf_fake_stdout
                0x08007a8c       0x20 e:/arm_toolchains/gccarm/bin/../lib/gcc/arm-none-eabi/4.9.3/../../../../arm-none-eabi/lib/armv7e-m/fpu\libg_nano.a(lib_a-findfp.o)
                0x08007a8c                __sf_fake_stdout
 .rodata.__sf_fake_stderr
                0x08007aac       0x20 e:/arm_toolchains/gccarm/bin/../lib/gcc/arm-none-eabi/4.9.3/../../../../arm-none-eabi/lib/armv7e-m/fpu\libg_nano.a(lib_a-findfp.o)
                0x08007aac                __sf_fake_stderr
 .rodata.str1.1
                0x08007acc       0x11 e:/arm_toolchains/gccarm/bin/../lib/gcc/arm-none-eabi/4.9.3/../../../../arm-none-eabi/lib/armv7e-m/fpu\libg_nano.a(lib_a-nano-vfprintf.o)
 .rodata.str1.1
                0x08007add       0x22 e:/arm_toolchains/gccarm/bin/../lib/gcc/arm-none-eabi/4.9.3/../../../../arm-none-eabi/lib/armv7e-m/fpu\libg_nano.a(lib_a-nano-vfprintf_i.o)
 *(vtable)
 *(.eh_frame*)
 *fill*         0x08007aff        0x1 
 .eh_frame      0x08007b00       0x28 e:/arm_toolchains/gccarm/bin/../lib/gcc/arm-none-eabi/4.9.3/../../../../arm-none-eabi/lib/armv7e-m/fpu\libg_nano.a(lib_a-strcmp.o)
 *(.glue_7)
 .glue_7        0x00000000        0x0 linker stubs
 *(.glue_7t)
 .glue_7t       0x00000000        0x0 linker stubs

.vfp11_veneer   0x08007b28        0x0
 .vfp11_veneer  0x00000000        0x0 linker stubs

.v4_bx          0x08007b28        0x0
 .v4_bx         0x00000000        0x0 linker stubs

.iplt           0x08007b28        0x0
 .iplt          0x00000000        0x0 ./system/src/stm32f4-hal/stm32f4xx_hal.o

.rel.dyn        0x08007b28        0x0
 .rel.iplt      0x00000000        0x0 ./system/src/stm32f4-hal/stm32f4xx_hal.o

.ARM.extab
 *(.ARM.extab* .gnu.linkonce.armextab.*)
                0x08007b28                . = ALIGN (0x4)
                0x08007b28                __exidx_start = .

.ARM.exidx
 *(.ARM.exidx* .gnu.linkonce.armexidx.*)
                0x08007b28                __exidx_end = .
                0x08007b28                . = ALIGN (0x4)
                0x08007b28                _etext = .
                0x08007b28                __etext = .

.data_CCMRAM    0x10000000        0x0 load address 0x08007b28
 FILL mask 0xff
 *(.data.CCMRAM .data.CCMRAM.*)
                0x10000000                . = ALIGN (0x4)
                0x08007b28                _sidata = LOADADDR (.data)

.data           0x20000000      0x114 load address 0x08007b28
 FILL mask 0xff
                0x20000000                _sdata = .
                0x20000000                __data_start__ = .
 *(.data_begin .data_begin.*)
 *(.data .data.*)
 .data.argv.4510
                0x20000000        0x8 ./system/src/newlib/_syscalls.o
 .data.SystemCoreClock
                0x20000008        0x4 ./system/src/cmsis/system_stm32f4xx.o
                0x20000008                SystemCoreClock
 .data.currentGoal_i
                0x2000000c        0x1 ./src/flood_fill.o
                0x2000000c                currentGoal_i
 .data.currentGoal_j
                0x2000000d        0x1 ./src/flood_fill.o
                0x2000000d                currentGoal_j
 .data.orientation
                0x2000000e        0x1 ./src/flood_fill.o
                0x2000000e                orientation
 .data.currentCell_i
                0x2000000f        0x1 ./src/flood_fill.o
                0x2000000f                currentCell_i
 .data.LEDS_PORT
                0x20000010       0x14 ./src/leds.o
                0x20000010                LEDS_PORT
 .data.MOTORES_PORT
                0x20000024       0x14 ./src/motores.o
                0x20000024                MOTORES_PORT
 .data.EMISSORES_PORT
                0x20000038       0x18 ./src/sensores.o
                0x20000038                EMISSORES_PORT
 .data.ANALOGICAS_PORT
                0x20000050       0x1c ./src/sensores.o
                0x20000050                ANALOGICAS_PORT
 .data.RECEPTORES_PORT
                0x2000006c       0x20 ./src/sensores.o
                0x2000006c                RECEPTORES_PORT
 .data.speed_turn
                0x2000008c        0x4 ./src/speed_profile.o
                0x2000008c                speed_turn
 .data.accW     0x20000090        0x4 ./src/speed_profile.o
                0x20000090                accW
 .data.speed_move
                0x20000094        0x4 ./src/speed_profile.o
                0x20000094                speed_move
 .data.distanceLeft
                0x20000098        0x4 ./src/speed_profile.o
                0x20000098                distanceLeft
 .data.accX     0x2000009c        0x4 ./src/speed_profile.o
                0x2000009c                accX
 .data.decW     0x200000a0        0x4 ./src/speed_profile.o
                0x200000a0                decW
 .data.decX     0x200000a4        0x4 ./src/speed_profile.o
                0x200000a4                decX
 .data.bUseEncoders
                0x200000a8        0x1 ./src/speed_profile.o
                0x200000a8                bUseEncoders
 *fill*         0x200000a9        0x3 
 .data.impure_data
                0x200000ac       0x60 e:/arm_toolchains/gccarm/bin/../lib/gcc/arm-none-eabi/4.9.3/../../../../arm-none-eabi/lib/armv7e-m/fpu\libg_nano.a(lib_a-impure.o)
 .data._impure_ptr
                0x2000010c        0x4 e:/arm_toolchains/gccarm/bin/../lib/gcc/arm-none-eabi/4.9.3/../../../../arm-none-eabi/lib/armv7e-m/fpu\libg_nano.a(lib_a-impure.o)
                0x2000010c                _impure_ptr
 .data.__ctype_ptr__
                0x20000110        0x4 e:/arm_toolchains/gccarm/bin/../lib/gcc/arm-none-eabi/4.9.3/../../../../arm-none-eabi/lib/armv7e-m/fpu\libg_nano.a(lib_a-ctype_.o)
                0x20000110                __ctype_ptr__
 *(.data_end .data_end.*)
                0x20000114                . = ALIGN (0x4)
                0x20000114                _edata = .
                0x20000114                __data_end__ = .

.igot.plt       0x20000114        0x0 load address 0x08007c3c
 .igot.plt      0x00000000        0x0 ./system/src/stm32f4-hal/stm32f4xx_hal.o

.bss_CCMRAM     0x10000000        0x0
 *(.bss.CCMRAM .bss.CCMRAM.*)

.bss            0x20000114     0x2a3c
                0x20000114                __bss_start__ = .
                0x20000114                _sbss = .
 *(.bss_begin .bss_begin.*)
 *(.bss .bss.*)
 .bss.uwTick    0x20000114        0x4 ./system/src/stm32f4-hal/stm32f4xx_hal.o
 .bss.current_heap_end.4304
                0x20000118        0x4 ./system/src/newlib/_sbrk.o
 .bss.name.4509
                0x2000011c        0x1 ./system/src/newlib/_syscalls.o
 .bss.currentCell_j
                0x2000011d        0x1 ./src/flood_fill.o
                0x2000011d                currentCell_j
 *fill*         0x2000011e        0x2 
 .bss.u32_ticks
                0x20000120        0x4 ./src/main.o
                0x20000120                u32_ticks
 .bss.b_RunController
                0x20000124        0x1 ./src/main.o
                0x20000124                b_RunController
 .bss.u8_walls  0x20000125        0x1 ./src/main.o
                0x20000125                u8_walls
 .bss.lateral_esquerdo
                0x20000126        0x2 ./src/sensores.o
                0x20000126                lateral_esquerdo
 .bss.frontal_direito
                0x20000128        0x2 ./src/sensores.o
                0x20000128                frontal_direito
 .bss.frontal_esquerdo
                0x2000012a        0x2 ./src/sensores.o
                0x2000012a                frontal_esquerdo
 .bss.lateral_direito
                0x2000012c        0x2 ./src/sensores.o
                0x2000012c                lateral_direito
 *fill*         0x2000012e        0x2 
 .bss.rightEncoderChange
                0x20000130        0x4 ./src/speed_profile.o
                0x20000130                rightEncoderChange
 .bss.posPwmW   0x20000134        0x4 ./src/speed_profile.o
                0x20000134                posPwmW
 .bss.bUseSensors
                0x20000138        0x1 ./src/speed_profile.o
                0x20000138                bUseSensors
 *fill*         0x20000139        0x3 
 .bss.encoderChange
                0x2000013c        0x4 ./src/speed_profile.o
                0x2000013c                encoderChange
 .bss.index_buffers
                0x20000140        0x2 ./src/speed_profile.o
                0x20000140                index_buffers
 *fill*         0x20000142        0x2 
 .bss.distance  0x20000144        0x4 ./src/speed_profile.o
                0x20000144                distance
 .bss.buf_r_sensor
                0x20000148      0xbb8 ./src/speed_profile.o
                0x20000148                buf_r_sensor
 .bss.rightEncoderOld
                0x20000d00        0x4 ./src/speed_profile.o
                0x20000d00                rightEncoderOld
 .bss.oldEncoderCount
                0x20000d04        0x4 ./src/speed_profile.o
                0x20000d04                oldEncoderCount
 .bss.buf_l_sensor
                0x20000d08      0xbb8 ./src/speed_profile.o
                0x20000d08                buf_l_sensor
 .bss.angle     0x200018c0        0x4 ./src/speed_profile.o
                0x200018c0                angle
 .bss.oldPosErrorX
                0x200018c4        0x4 ./src/speed_profile.o
                0x200018c4                oldPosErrorX
 .bss.posErrorW
                0x200018c8        0x4 ./src/speed_profile.o
                0x200018c8                posErrorW
 .bss.endSpeedW
                0x200018cc        0x4 ./src/speed_profile.o
                0x200018cc                endSpeedW
 .bss.oldPosErrorW
                0x200018d0        0x4 ./src/speed_profile.o
                0x200018d0                oldPosErrorW
 .bss.leftEncoderCount
                0x200018d4        0x4 ./src/speed_profile.o
                0x200018d4                leftEncoderCount
 .bss.posPwmX   0x200018d8        0x4 ./src/speed_profile.o
                0x200018d8                posPwmX
 .bss.bUseGyro  0x200018dc        0x1 ./src/speed_profile.o
                0x200018dc                bUseGyro
 *fill*         0x200018dd        0x3 
 .bss.leftEncoderOld
                0x200018e0        0x4 ./src/speed_profile.o
                0x200018e0                leftEncoderOld
 .bss.posErrorX
                0x200018e4        0x4 ./src/speed_profile.o
                0x200018e4                posErrorX
 .bss.rotationalChange
                0x200018e8        0x4 ./src/speed_profile.o
                0x200018e8                rotationalChange
 .bss.targetSpeedW
                0x200018ec        0x4 ./src/speed_profile.o
                0x200018ec                targetSpeedW
 .bss.targetSpeedX
                0x200018f0        0x4 ./src/speed_profile.o
                0x200018f0                targetSpeedX
 .bss.curSpeedW
                0x200018f4        0x4 ./src/speed_profile.o
                0x200018f4                curSpeedW
 .bss.endSpeedX
                0x200018f8        0x4 ./src/speed_profile.o
                0x200018f8                endSpeedX
 .bss.leftEncoderChange
                0x200018fc        0x4 ./src/speed_profile.o
                0x200018fc                leftEncoderChange
 .bss.encoderFeedbackW
                0x20001900        0x4 ./src/speed_profile.o
                0x20001900                encoderFeedbackW
 .bss.angleLeft
                0x20001904        0x4 ./src/speed_profile.o
                0x20001904                angleLeft
 .bss.curSpeedX
                0x20001908        0x4 ./src/speed_profile.o
                0x20001908                curSpeedX
 .bss.rotationalFeedback
                0x2000190c        0x4 ./src/speed_profile.o
                0x2000190c                rotationalFeedback
 .bss.rightEncoderCount
                0x20001910        0x4 ./src/speed_profile.o
                0x20001910                rightEncoderCount
 .bss.encoderCount
                0x20001914        0x4 ./src/speed_profile.o
                0x20001914                encoderCount
 .bss.i.11509   0x20001918        0x4 ./src/usart1.o
 .bss.pos.11503
                0x2000191c        0x4 ./src/usart1.o
 .bss.rx_available
                0x20001920        0x4 ./src/usart1.o
                0x20001920                rx_available
 .bss.cfgidx.10693
                0x20001924        0x1 ./USB/Core/Src/usbd_ctlreq.o
 *fill*         0x20001925        0x3 
 .bss.__malloc_sbrk_start
                0x20001928        0x4 e:/arm_toolchains/gccarm/bin/../lib/gcc/arm-none-eabi/4.9.3/../../../../arm-none-eabi/lib/armv7e-m/fpu\libg_nano.a(lib_a-nano-mallocr.o)
                0x20001928                __malloc_sbrk_start
 .bss.__malloc_free_list
                0x2000192c        0x4 e:/arm_toolchains/gccarm/bin/../lib/gcc/arm-none-eabi/4.9.3/../../../../arm-none-eabi/lib/armv7e-m/fpu\libg_nano.a(lib_a-nano-mallocr.o)
                0x2000192c                __malloc_free_list
 *(COMMON)
 COMMON         0x20001930       0x1c ./system/src/stm32f4-hal/stm32f4xx_hal_flash.o
                0x20001930                pFlash
 COMMON         0x2000194c        0x4 ./system/src/newlib/_syscalls.o
                0x2000194c                errno
 COMMON         0x20001950        0x4 ./src/buzzer.o
                0x20001950                buzzerTime
 COMMON         0x20001954       0x78 ./src/encoders.o
                0x20001954                htim5
                0x20001990                htim2
 COMMON         0x200019cc      0x800 ./src/flood_fill.o
                0x200019cc                maze
 COMMON         0x200021cc      0x100 ./src/main.o
                0x200021cc                i32_bufParams
 COMMON         0x200022cc       0x3c ./src/motores.o
                0x200022cc                TimHandle
 COMMON         0x20002308       0x44 ./src/sensores.o
                0x20002308                hadc1
 COMMON         0x2000234c      0x360 ./src/speed_profile.o
                0x2000234c                htim3
                0x20002388                bufferLFT
 COMMON         0x200026ac       0xf4 ./src/usart1.o
                0x200026ac                RxByte
                0x200026b0                huart1
                0x200026ec                hdma_tx
                0x2000273c                RxBuffer
 COMMON         0x200027a0      0x3b0 ./src/usbd_conf.o
                0x200027a0                hpcd
 *(.bss_end .bss_end.*)
                0x20002b50                . = ALIGN (0x4)
                0x20002b50                __bss_end__ = .
                0x20002b50                _ebss = .

.noinit_CCMRAM
 *(.noinit.CCMRAM .noinit.CCMRAM.*)

.noinit         0x20002b50        0x0
                0x20002b50                _noinit = .
 *(.noinit .noinit.*)
                0x20002b50                . = ALIGN (0x4)
                0x20002b50                _end_noinit = .
                0x20002b50                PROVIDE (end, _end_noinit)
                0x20002b50                PROVIDE (_end, _end_noinit)
                0x20002b50                PROVIDE (__end, _end_noinit)
                0x20002b50                PROVIDE (__end__, _end_noinit)

._check_stack   0x20002b50      0x100
                0x20002c50                . = (. + _Minimum_Stack_Size)
 *fill*         0x20002b50      0x100 

.b1text
 *(.b1text)
 *(.b1rodata)
 *(.b1rodata.*)

.eb0text
 *(.eb0text)
 *(.eb0rodata)
 *(.eb0rodata.*)

.eb1text
 *(.eb1text)
 *(.eb1rodata)
 *(.eb1rodata.*)

.eb2text
 *(.eb2text)
 *(.eb2rodata)
 *(.eb2rodata.*)

.eb3text
 *(.eb3text)
 *(.eb3rodata)
 *(.eb3rodata.*)

.stab
 *(.stab)

.stabstr
 *(.stabstr)

.stab.excl
 *(.stab.excl)

.stab.exclstr
 *(.stab.exclstr)

.stab.index
 *(.stab.index)

.stab.indexstr
 *(.stab.indexstr)

.comment        0x00000000       0x70
 *(.comment)
 .comment       0x00000000       0x70 ./system/src/stm32f4-hal/stm32f4xx_hal.o
                                 0x71 (size before relaxing)
 .comment       0x00000000       0x71 ./system/src/stm32f4-hal/stm32f4xx_hal_adc.o
 .comment       0x00000000       0x71 ./system/src/stm32f4-hal/stm32f4xx_hal_cortex.o
 .comment       0x00000000       0x71 ./system/src/stm32f4-hal/stm32f4xx_hal_dma.o
 .comment       0x00000000       0x71 ./system/src/stm32f4-hal/stm32f4xx_hal_flash.o
 .comment       0x00000000       0x71 ./system/src/stm32f4-hal/stm32f4xx_hal_flash_ex.o
 .comment       0x00000000       0x71 ./system/src/stm32f4-hal/stm32f4xx_hal_gpio.o
 .comment       0x00000000       0x71 ./system/src/stm32f4-hal/stm32f4xx_hal_pcd.o
 .comment       0x00000000       0x71 ./system/src/stm32f4-hal/stm32f4xx_hal_rcc.o
 .comment       0x00000000       0x71 ./system/src/stm32f4-hal/stm32f4xx_hal_tim.o
 .comment       0x00000000       0x71 ./system/src/stm32f4-hal/stm32f4xx_hal_tim_ex.o
 .comment       0x00000000       0x71 ./system/src/stm32f4-hal/stm32f4xx_hal_uart.o
 .comment       0x00000000       0x71 ./system/src/stm32f4-hal/stm32f4xx_ll_usb.o
 .comment       0x00000000       0x71 ./system/src/newlib/_exit.o
 .comment       0x00000000       0x71 ./system/src/newlib/_sbrk.o
 .comment       0x00000000       0x71 ./system/src/newlib/_startup.o
 .comment       0x00000000       0x71 ./system/src/newlib/_syscalls.o
 .comment       0x00000000       0x71 ./system/src/cortexm/_initialize_hardware.o
 .comment       0x00000000       0x71 ./system/src/cortexm/_reset_hardware.o
 .comment       0x00000000       0x71 ./system/src/cortexm/exception_handlers.o
 .comment       0x00000000       0x71 ./system/src/cmsis/system_stm32f4xx.o
 .comment       0x00000000       0x71 ./system/src/cmsis/vectors_stm32f4xx.o
 .comment       0x00000000       0x71 ./src/_initialize_hardware.o
 .comment       0x00000000       0x71 ./src/botao.o
 .comment       0x00000000       0x71 ./src/buzzer.o
 .comment       0x00000000       0x71 ./src/delays.o
 .comment       0x00000000       0x71 ./src/encoders.o
 .comment       0x00000000       0x71 ./src/flash.o
 .comment       0x00000000       0x71 ./src/flood_fill.o
 .comment       0x00000000       0x71 ./src/leds.o
 .comment       0x00000000       0x71 ./src/main.o
 .comment       0x00000000       0x71 ./src/motores.o
 .comment       0x00000000       0x71 ./src/sensores.o
 .comment       0x00000000       0x71 ./src/speed_profile.o
 .comment       0x00000000       0x71 ./src/stm32f4xx_it.o
 .comment       0x00000000       0x71 ./src/usart1.o
 .comment       0x00000000       0x71 ./src/usb_user.o
 .comment       0x00000000       0x71 ./src/usbd_conf.o
 .comment       0x00000000       0x71 ./USB/Core/Src/usbd_core.o
 .comment       0x00000000       0x71 ./USB/Core/Src/usbd_ctlreq.o
 .comment       0x00000000       0x71 ./USB/Core/Src/usbd_ioreq.o

.ARM.attributes
                0x00000000       0x37
 .ARM.attributes
                0x00000000       0x39 ./system/src/stm32f4-hal/stm32f4xx_hal.o
 .ARM.attributes
                0x00000039       0x39 ./system/src/stm32f4-hal/stm32f4xx_hal_adc.o
 .ARM.attributes
                0x00000072       0x39 ./system/src/stm32f4-hal/stm32f4xx_hal_cortex.o
 .ARM.attributes
                0x000000ab       0x39 ./system/src/stm32f4-hal/stm32f4xx_hal_dma.o
 .ARM.attributes
                0x000000e4       0x39 ./system/src/stm32f4-hal/stm32f4xx_hal_flash.o
 .ARM.attributes
                0x0000011d       0x39 ./system/src/stm32f4-hal/stm32f4xx_hal_flash_ex.o
 .ARM.attributes
                0x00000156       0x39 ./system/src/stm32f4-hal/stm32f4xx_hal_gpio.o
 .ARM.attributes
                0x0000018f       0x39 ./system/src/stm32f4-hal/stm32f4xx_hal_pcd.o
 .ARM.attributes
                0x000001c8       0x39 ./system/src/stm32f4-hal/stm32f4xx_hal_rcc.o
 .ARM.attributes
                0x00000201       0x39 ./system/src/stm32f4-hal/stm32f4xx_hal_tim.o
 .ARM.attributes
                0x0000023a       0x39 ./system/src/stm32f4-hal/stm32f4xx_hal_tim_ex.o
 .ARM.attributes
                0x00000273       0x39 ./system/src/stm32f4-hal/stm32f4xx_hal_uart.o
 .ARM.attributes
                0x000002ac       0x39 ./system/src/stm32f4-hal/stm32f4xx_ll_usb.o
 .ARM.attributes
                0x000002e5       0x39 ./system/src/newlib/_exit.o
 .ARM.attributes
                0x0000031e       0x39 ./system/src/newlib/_sbrk.o
 .ARM.attributes
                0x00000357       0x39 ./system/src/newlib/_startup.o
 .ARM.attributes
                0x00000390       0x39 ./system/src/newlib/_syscalls.o
 .ARM.attributes
                0x000003c9       0x39 ./system/src/cortexm/_initialize_hardware.o
 .ARM.attributes
                0x00000402       0x39 ./system/src/cortexm/_reset_hardware.o
 .ARM.attributes
                0x0000043b       0x39 ./system/src/cortexm/exception_handlers.o
 .ARM.attributes
                0x00000474       0x39 ./system/src/cmsis/system_stm32f4xx.o
 .ARM.attributes
                0x000004ad       0x39 ./system/src/cmsis/vectors_stm32f4xx.o
 .ARM.attributes
                0x000004e6       0x39 ./src/_initialize_hardware.o
 .ARM.attributes
                0x0000051f       0x39 ./src/botao.o
 .ARM.attributes
                0x00000558       0x39 ./src/buzzer.o
 .ARM.attributes
                0x00000591       0x39 ./src/delays.o
 .ARM.attributes
                0x000005ca       0x39 ./src/encoders.o
 .ARM.attributes
                0x00000603       0x39 ./src/flash.o
 .ARM.attributes
                0x0000063c       0x39 ./src/flood_fill.o
 .ARM.attributes
                0x00000675       0x39 ./src/leds.o
 .ARM.attributes
                0x000006ae       0x39 ./src/main.o
 .ARM.attributes
                0x000006e7       0x39 ./src/motores.o
 .ARM.attributes
                0x00000720       0x39 ./src/sensores.o
 .ARM.attributes
                0x00000759       0x39 ./src/speed_profile.o
 .ARM.attributes
                0x00000792       0x39 ./src/stm32f4xx_it.o
 .ARM.attributes
                0x000007cb       0x39 ./src/usart1.o
 .ARM.attributes
                0x00000804       0x39 ./src/usb_user.o
 .ARM.attributes
                0x0000083d       0x39 ./src/usbd_conf.o
 .ARM.attributes
                0x00000876       0x39 ./USB/Core/Src/usbd_core.o
 .ARM.attributes
                0x000008af       0x39 ./USB/Core/Src/usbd_ctlreq.o
 .ARM.attributes
                0x000008e8       0x39 ./USB/Core/Src/usbd_ioreq.o
 .ARM.attributes
                0x00000921       0x22 e:/arm_toolchains/gccarm/bin/../lib/gcc/arm-none-eabi/4.9.3/armv7e-m/fpu\libgcc.a(_arm_addsubdf3.o)
 .ARM.attributes
                0x00000943       0x22 e:/arm_toolchains/gccarm/bin/../lib/gcc/arm-none-eabi/4.9.3/armv7e-m/fpu\libgcc.a(_arm_muldivdf3.o)
 .ARM.attributes
                0x00000965       0x22 e:/arm_toolchains/gccarm/bin/../lib/gcc/arm-none-eabi/4.9.3/armv7e-m/fpu\libgcc.a(_arm_truncdfsf2.o)
 .ARM.attributes
                0x00000987       0x34 e:/arm_toolchains/gccarm/bin/../lib/gcc/arm-none-eabi/4.9.3/../../../../arm-none-eabi/lib/armv7e-m/fpu\libg_nano.a(lib_a-atoi.o)
 .ARM.attributes
                0x000009bb       0x34 e:/arm_toolchains/gccarm/bin/../lib/gcc/arm-none-eabi/4.9.3/../../../../arm-none-eabi/lib/armv7e-m/fpu\libg_nano.a(lib_a-errno.o)
 .ARM.attributes
                0x000009ef       0x34 e:/arm_toolchains/gccarm/bin/../lib/gcc/arm-none-eabi/4.9.3/../../../../arm-none-eabi/lib/armv7e-m/fpu\libg_nano.a(lib_a-impure.o)
 .ARM.attributes
                0x00000a23       0x34 e:/arm_toolchains/gccarm/bin/../lib/gcc/arm-none-eabi/4.9.3/../../../../arm-none-eabi/lib/armv7e-m/fpu\libg_nano.a(lib_a-malloc.o)
 .ARM.attributes
                0x00000a57       0x34 e:/arm_toolchains/gccarm/bin/../lib/gcc/arm-none-eabi/4.9.3/../../../../arm-none-eabi/lib/armv7e-m/fpu\libg_nano.a(lib_a-memset.o)
 .ARM.attributes
                0x00000a8b       0x34 e:/arm_toolchains/gccarm/bin/../lib/gcc/arm-none-eabi/4.9.3/../../../../arm-none-eabi/lib/armv7e-m/fpu\libg_nano.a(lib_a-nano-freer.o)
 .ARM.attributes
                0x00000abf       0x34 e:/arm_toolchains/gccarm/bin/../lib/gcc/arm-none-eabi/4.9.3/../../../../arm-none-eabi/lib/armv7e-m/fpu\libg_nano.a(lib_a-nano-mallocr.o)
 .ARM.attributes
                0x00000af3       0x34 e:/arm_toolchains/gccarm/bin/../lib/gcc/arm-none-eabi/4.9.3/../../../../arm-none-eabi/lib/armv7e-m/fpu\libg_nano.a(lib_a-printf.o)
 .ARM.attributes
                0x00000b27       0x34 e:/arm_toolchains/gccarm/bin/../lib/gcc/arm-none-eabi/4.9.3/../../../../arm-none-eabi/lib/armv7e-m/fpu\libg_nano.a(lib_a-puts.o)
 .ARM.attributes
                0x00000b5b       0x34 e:/arm_toolchains/gccarm/bin/../lib/gcc/arm-none-eabi/4.9.3/../../../../arm-none-eabi/lib/armv7e-m/fpu\libg_nano.a(lib_a-sbrkr.o)
 .ARM.attributes
                0x00000b8f       0x20 e:/arm_toolchains/gccarm/bin/../lib/gcc/arm-none-eabi/4.9.3/../../../../arm-none-eabi/lib/armv7e-m/fpu\libg_nano.a(lib_a-strcmp.o)
 .ARM.attributes
                0x00000baf       0x34 e:/arm_toolchains/gccarm/bin/../lib/gcc/arm-none-eabi/4.9.3/../../../../arm-none-eabi/lib/armv7e-m/fpu\libg_nano.a(lib_a-strtok.o)
 .ARM.attributes
                0x00000be3       0x34 e:/arm_toolchains/gccarm/bin/../lib/gcc/arm-none-eabi/4.9.3/../../../../arm-none-eabi/lib/armv7e-m/fpu\libg_nano.a(lib_a-strtok_r.o)
 .ARM.attributes
                0x00000c17       0x34 e:/arm_toolchains/gccarm/bin/../lib/gcc/arm-none-eabi/4.9.3/../../../../arm-none-eabi/lib/armv7e-m/fpu\libg_nano.a(lib_a-strtol.o)
 .ARM.attributes
                0x00000c4b       0x34 e:/arm_toolchains/gccarm/bin/../lib/gcc/arm-none-eabi/4.9.3/../../../../arm-none-eabi/lib/armv7e-m/fpu\libg_nano.a(lib_a-wbuf.o)
 .ARM.attributes
                0x00000c7f       0x34 e:/arm_toolchains/gccarm/bin/../lib/gcc/arm-none-eabi/4.9.3/../../../../arm-none-eabi/lib/armv7e-m/fpu\libg_nano.a(lib_a-wsetup.o)
 .ARM.attributes
                0x00000cb3       0x34 e:/arm_toolchains/gccarm/bin/../lib/gcc/arm-none-eabi/4.9.3/../../../../arm-none-eabi/lib/armv7e-m/fpu\libg_nano.a(lib_a-ctype_.o)
 .ARM.attributes
                0x00000ce7       0x34 e:/arm_toolchains/gccarm/bin/../lib/gcc/arm-none-eabi/4.9.3/../../../../arm-none-eabi/lib/armv7e-m/fpu\libg_nano.a(lib_a-fflush.o)
 .ARM.attributes
                0x00000d1b       0x34 e:/arm_toolchains/gccarm/bin/../lib/gcc/arm-none-eabi/4.9.3/../../../../arm-none-eabi/lib/armv7e-m/fpu\libg_nano.a(lib_a-findfp.o)
 .ARM.attributes
                0x00000d4f       0x34 e:/arm_toolchains/gccarm/bin/../lib/gcc/arm-none-eabi/4.9.3/../../../../arm-none-eabi/lib/armv7e-m/fpu\libg_nano.a(lib_a-fwalk.o)
 .ARM.attributes
                0x00000d83       0x34 e:/arm_toolchains/gccarm/bin/../lib/gcc/arm-none-eabi/4.9.3/../../../../arm-none-eabi/lib/armv7e-m/fpu\libg_nano.a(lib_a-makebuf.o)
 .ARM.attributes
                0x00000db7       0x34 e:/arm_toolchains/gccarm/bin/../lib/gcc/arm-none-eabi/4.9.3/../../../../arm-none-eabi/lib/armv7e-m/fpu\libg_nano.a(lib_a-nano-vfprintf.o)
 .ARM.attributes
                0x00000deb       0x34 e:/arm_toolchains/gccarm/bin/../lib/gcc/arm-none-eabi/4.9.3/../../../../arm-none-eabi/lib/armv7e-m/fpu\libg_nano.a(lib_a-nano-vfprintf_i.o)
 .ARM.attributes
                0x00000e1f       0x34 e:/arm_toolchains/gccarm/bin/../lib/gcc/arm-none-eabi/4.9.3/../../../../arm-none-eabi/lib/armv7e-m/fpu\libg_nano.a(lib_a-stdio.o)
 .ARM.attributes
                0x00000e53       0x34 e:/arm_toolchains/gccarm/bin/../lib/gcc/arm-none-eabi/4.9.3/../../../../arm-none-eabi/lib/armv7e-m/fpu\libg_nano.a(lib_a-writer.o)
 .ARM.attributes
                0x00000e87       0x34 e:/arm_toolchains/gccarm/bin/../lib/gcc/arm-none-eabi/4.9.3/../../../../arm-none-eabi/lib/armv7e-m/fpu\libg_nano.a(lib_a-closer.o)
 .ARM.attributes
                0x00000ebb       0x34 e:/arm_toolchains/gccarm/bin/../lib/gcc/arm-none-eabi/4.9.3/../../../../arm-none-eabi/lib/armv7e-m/fpu\libg_nano.a(lib_a-fstatr.o)
 .ARM.attributes
                0x00000eef       0x34 e:/arm_toolchains/gccarm/bin/../lib/gcc/arm-none-eabi/4.9.3/../../../../arm-none-eabi/lib/armv7e-m/fpu\libg_nano.a(lib_a-isattyr.o)
 .ARM.attributes
                0x00000f23       0x34 e:/arm_toolchains/gccarm/bin/../lib/gcc/arm-none-eabi/4.9.3/../../../../arm-none-eabi/lib/armv7e-m/fpu\libg_nano.a(lib_a-lseekr.o)
 .ARM.attributes
                0x00000f57       0x34 e:/arm_toolchains/gccarm/bin/../lib/gcc/arm-none-eabi/4.9.3/../../../../arm-none-eabi/lib/armv7e-m/fpu\libg_nano.a(lib_a-memchr.o)
 .ARM.attributes
                0x00000f8b       0x34 e:/arm_toolchains/gccarm/bin/../lib/gcc/arm-none-eabi/4.9.3/../../../../arm-none-eabi/lib/armv7e-m/fpu\libg_nano.a(lib_a-readr.o)

.debug
 *(.debug)

.line
 *(.line)

.debug_srcinfo
 *(.debug_srcinfo)

.debug_sfnames
 *(.debug_sfnames)

.debug_aranges  0x00000000     0x1530
 *(.debug_aranges)
 .debug_aranges
                0x00000000       0xc0 ./system/src/stm32f4-hal/stm32f4xx_hal.o
 .debug_aranges
                0x000000c0       0xe0 ./system/src/stm32f4-hal/stm32f4xx_hal_adc.o
 .debug_aranges
                0x000001a0       0x90 ./system/src/stm32f4-hal/stm32f4xx_hal_cortex.o
 .debug_aranges
                0x00000230       0x60 ./system/src/stm32f4-hal/stm32f4xx_hal_dma.o
 .debug_aranges
                0x00000290       0x90 ./system/src/stm32f4-hal/stm32f4xx_hal_flash.o
 .debug_aranges
                0x00000320       0x48 ./system/src/stm32f4-hal/stm32f4xx_hal_flash_ex.o
 .debug_aranges
                0x00000368       0x58 ./system/src/stm32f4-hal/stm32f4xx_hal_gpio.o
 .debug_aranges
                0x000003c0      0x118 ./system/src/stm32f4-hal/stm32f4xx_hal_pcd.o
 .debug_aranges
                0x000004d8       0x88 ./system/src/stm32f4-hal/stm32f4xx_hal_rcc.o
 .debug_aranges
                0x00000560      0x320 ./system/src/stm32f4-hal/stm32f4xx_hal_tim.o
 .debug_aranges
                0x00000880      0x140 ./system/src/stm32f4-hal/stm32f4xx_hal_tim_ex.o
 .debug_aranges
                0x000009c0      0x138 ./system/src/stm32f4-hal/stm32f4xx_hal_uart.o
 .debug_aranges
                0x00000af8      0x180 ./system/src/stm32f4-hal/stm32f4xx_ll_usb.o
 .debug_aranges
                0x00000c78       0x28 ./system/src/newlib/_exit.o
 .debug_aranges
                0x00000ca0       0x20 ./system/src/newlib/_sbrk.o
 .debug_aranges
                0x00000cc0       0x40 ./system/src/newlib/_startup.o
 .debug_aranges
                0x00000d00       0xd0 ./system/src/newlib/_syscalls.o
 .debug_aranges
                0x00000dd0       0x28 ./system/src/cortexm/_initialize_hardware.o
 .debug_aranges
                0x00000df8       0x20 ./system/src/cortexm/_reset_hardware.o
 .debug_aranges
                0x00000e18       0x68 ./system/src/cortexm/exception_handlers.o
 .debug_aranges
                0x00000e80       0x28 ./system/src/cmsis/system_stm32f4xx.o
 .debug_aranges
                0x00000ea8       0x20 ./system/src/cmsis/vectors_stm32f4xx.o
 .debug_aranges
                0x00000ec8       0x28 ./src/_initialize_hardware.o
 .debug_aranges
                0x00000ef0       0x28 ./src/botao.o
 .debug_aranges
                0x00000f18       0x38 ./src/buzzer.o
 .debug_aranges
                0x00000f50       0x40 ./src/delays.o
 .debug_aranges
                0x00000f90       0x40 ./src/encoders.o
 .debug_aranges
                0x00000fd0       0x28 ./src/flash.o
 .debug_aranges
                0x00000ff8       0x80 ./src/flood_fill.o
 .debug_aranges
                0x00001078       0x38 ./src/leds.o
 .debug_aranges
                0x000010b0       0x50 ./src/main.o
 .debug_aranges
                0x00001100       0x28 ./src/motores.o
 .debug_aranges
                0x00001128       0x58 ./src/sensores.o
 .debug_aranges
                0x00001180       0xc8 ./src/speed_profile.o
 .debug_aranges
                0x00001248       0x30 ./src/stm32f4xx_it.o
 .debug_aranges
                0x00001278       0x48 ./src/usart1.o
 .debug_aranges
                0x000012c0       0x28 ./src/usb_user.o
 .debug_aranges
                0x000012e8       0xf8 ./src/usbd_conf.o
 .debug_aranges
                0x000013e0       0xb8 ./USB/Core/Src/usbd_core.o
 .debug_aranges
                0x00001498       0x48 ./USB/Core/Src/usbd_ctlreq.o
 .debug_aranges
                0x000014e0       0x50 ./USB/Core/Src/usbd_ioreq.o

.debug_pubnames
 *(.debug_pubnames)

.debug_info     0x00000000    0x1b6fe
 *(.debug_info .gnu.linkonce.wi.*)
 .debug_info    0x00000000      0x88b ./system/src/stm32f4-hal/stm32f4xx_hal.o
 .debug_info    0x0000088b      0xd6e ./system/src/stm32f4-hal/stm32f4xx_hal_adc.o
 .debug_info    0x000015f9      0xcb1 ./system/src/stm32f4-hal/stm32f4xx_hal_cortex.o
 .debug_info    0x000022aa      0x715 ./system/src/stm32f4-hal/stm32f4xx_hal_dma.o
 .debug_info    0x000029bf      0x70e ./system/src/stm32f4-hal/stm32f4xx_hal_flash.o
 .debug_info    0x000030cd      0x912 ./system/src/stm32f4-hal/stm32f4xx_hal_flash_ex.o
 .debug_info    0x000039df      0x6e8 ./system/src/stm32f4-hal/stm32f4xx_hal_gpio.o
 .debug_info    0x000040c7     0x159c ./system/src/stm32f4-hal/stm32f4xx_hal_pcd.o
 .debug_info    0x00005663     0x1035 ./system/src/stm32f4-hal/stm32f4xx_hal_rcc.o
 .debug_info    0x00006698     0x3322 ./system/src/stm32f4-hal/stm32f4xx_hal_tim.o
 .debug_info    0x000099ba     0x1249 ./system/src/stm32f4-hal/stm32f4xx_hal_tim_ex.o
 .debug_info    0x0000ac03     0x11b6 ./system/src/stm32f4-hal/stm32f4xx_hal_uart.o
 .debug_info    0x0000bdb9     0x15d3 ./system/src/stm32f4-hal/stm32f4xx_ll_usb.o
 .debug_info    0x0000d38c      0x100 ./system/src/newlib/_exit.o
 .debug_info    0x0000d48c      0x121 ./system/src/newlib/_sbrk.o
 .debug_info    0x0000d5ad      0x4a9 ./system/src/newlib/_startup.o
 .debug_info    0x0000da56      0x8ef ./system/src/newlib/_syscalls.o
 .debug_info    0x0000e345      0x2a6 ./system/src/cortexm/_initialize_hardware.o
 .debug_info    0x0000e5eb      0x2b2 ./system/src/cortexm/_reset_hardware.o