Archive member included because of file (symbol)

e:/arm_toolchains/gccarm/bin/../lib/gcc/arm-none-eabi/4.9.3/../../../../arm-none-eabi/lib/armv7e-m/fpu\libm.a(lib_a-wf_sqrt.o)
                              ./src/speed_control.o (sqrtf)
e:/arm_toolchains/gccarm/bin/../lib/gcc/arm-none-eabi/4.9.3/../../../../arm-none-eabi/lib/armv7e-m/fpu\libm.a(lib_a-ef_sqrt.o)
                              e:/arm_toolchains/gccarm/bin/../lib/gcc/arm-none-eabi/4.9.3/../../../../arm-none-eabi/lib/armv7e-m/fpu\libm.a(lib_a-wf_sqrt.o) (__ieee754_sqrtf)
e:/arm_toolchains/gccarm/bin/../lib/gcc/arm-none-eabi/4.9.3/../../../../arm-none-eabi/lib/armv7e-m/fpu\libm.a(lib_a-s_lib_ver.o)
                              e:/arm_toolchains/gccarm/bin/../lib/gcc/arm-none-eabi/4.9.3/../../../../arm-none-eabi/lib/armv7e-m/fpu\libm.a(lib_a-wf_sqrt.o) (__fdlib_version)
e:/arm_toolchains/gccarm/bin/../lib/gcc/arm-none-eabi/4.9.3/../../../../arm-none-eabi/lib/armv7e-m/fpu\libm.a(lib_a-s_matherr.o)
                              e:/arm_toolchains/gccarm/bin/../lib/gcc/arm-none-eabi/4.9.3/../../../../arm-none-eabi/lib/armv7e-m/fpu\libm.a(lib_a-wf_sqrt.o) (matherr)
e:/arm_toolchains/gccarm/bin/../lib/gcc/arm-none-eabi/4.9.3/../../../../arm-none-eabi/lib/armv7e-m/fpu\libm.a(lib_a-sf_fpclassify.o)
                              e:/arm_toolchains/gccarm/bin/../lib/gcc/arm-none-eabi/4.9.3/../../../../arm-none-eabi/lib/armv7e-m/fpu\libm.a(lib_a-wf_sqrt.o) (__fpclassifyf)
e:/arm_toolchains/gccarm/bin/../lib/gcc/arm-none-eabi/4.9.3/armv7e-m/fpu\libgcc.a(_arm_addsubdf3.o)
                              ./src/sensores.o (__aeabi_dsub)
e:/arm_toolchains/gccarm/bin/../lib/gcc/arm-none-eabi/4.9.3/armv7e-m/fpu\libgcc.a(_arm_muldivdf3.o)
                              ./src/sensores.o (__aeabi_dmul)
e:/arm_toolchains/gccarm/bin/../lib/gcc/arm-none-eabi/4.9.3/armv7e-m/fpu\libgcc.a(_arm_fixdfsi.o)
                              ./src/sensores.o (__aeabi_d2iz)
e:/arm_toolchains/gccarm/bin/../lib/gcc/arm-none-eabi/4.9.3/armv7e-m/fpu\libgcc.a(_arm_truncdfsf2.o)
                              e:/arm_toolchains/gccarm/bin/../lib/gcc/arm-none-eabi/4.9.3/../../../../arm-none-eabi/lib/armv7e-m/fpu\libm.a(lib_a-wf_sqrt.o) (__aeabi_d2f)
e:/arm_toolchains/gccarm/bin/../lib/gcc/arm-none-eabi/4.9.3/../../../../arm-none-eabi/lib/armv7e-m/fpu\libg_nano.a(lib_a-atoi.o)
                              ./src/usart1.o (atoi)
e:/arm_toolchains/gccarm/bin/../lib/gcc/arm-none-eabi/4.9.3/../../../../arm-none-eabi/lib/armv7e-m/fpu\libg_nano.a(lib_a-errno.o)
                              ./system/src/newlib/_sbrk.o (__errno)
e:/arm_toolchains/gccarm/bin/../lib/gcc/arm-none-eabi/4.9.3/../../../../arm-none-eabi/lib/armv7e-m/fpu\libg_nano.a(lib_a-impure.o)
                              e:/arm_toolchains/gccarm/bin/../lib/gcc/arm-none-eabi/4.9.3/../../../../arm-none-eabi/lib/armv7e-m/fpu\libg_nano.a(lib_a-errno.o) (_impure_ptr)
e:/arm_toolchains/gccarm/bin/../lib/gcc/arm-none-eabi/4.9.3/../../../../arm-none-eabi/lib/armv7e-m/fpu\libg_nano.a(lib_a-malloc.o)
                              ./USB/CDC/Src/usbd_cdc.o (malloc)
e:/arm_toolchains/gccarm/bin/../lib/gcc/arm-none-eabi/4.9.3/../../../../arm-none-eabi/lib/armv7e-m/fpu\libg_nano.a(lib_a-memcpy.o)
                              ./src/speed_control.o (memcpy)
e:/arm_toolchains/gccarm/bin/../lib/gcc/arm-none-eabi/4.9.3/../../../../arm-none-eabi/lib/armv7e-m/fpu\libg_nano.a(lib_a-memset.o)
                              ./src/usart1.o (memset)
e:/arm_toolchains/gccarm/bin/../lib/gcc/arm-none-eabi/4.9.3/../../../../arm-none-eabi/lib/armv7e-m/fpu\libg_nano.a(lib_a-nano-freer.o)
                              e:/arm_toolchains/gccarm/bin/../lib/gcc/arm-none-eabi/4.9.3/../../../../arm-none-eabi/lib/armv7e-m/fpu\libg_nano.a(lib_a-malloc.o) (_free_r)
e:/arm_toolchains/gccarm/bin/../lib/gcc/arm-none-eabi/4.9.3/../../../../arm-none-eabi/lib/armv7e-m/fpu\libg_nano.a(lib_a-nano-mallocr.o)
                              e:/arm_toolchains/gccarm/bin/../lib/gcc/arm-none-eabi/4.9.3/../../../../arm-none-eabi/lib/armv7e-m/fpu\libg_nano.a(lib_a-malloc.o) (_malloc_r)
e:/arm_toolchains/gccarm/bin/../lib/gcc/arm-none-eabi/4.9.3/../../../../arm-none-eabi/lib/armv7e-m/fpu\libg_nano.a(lib_a-printf.o)
                              ./src/main.o (printf)
e:/arm_toolchains/gccarm/bin/../lib/gcc/arm-none-eabi/4.9.3/../../../../arm-none-eabi/lib/armv7e-m/fpu\libg_nano.a(lib_a-puts.o)
                              ./src/usart1.o (puts)
e:/arm_toolchains/gccarm/bin/../lib/gcc/arm-none-eabi/4.9.3/../../../../arm-none-eabi/lib/armv7e-m/fpu\libg_nano.a(lib_a-sbrkr.o)
                              e:/arm_toolchains/gccarm/bin/../lib/gcc/arm-none-eabi/4.9.3/../../../../arm-none-eabi/lib/armv7e-m/fpu\libg_nano.a(lib_a-nano-mallocr.o) (_sbrk_r)
e:/arm_toolchains/gccarm/bin/../lib/gcc/arm-none-eabi/4.9.3/../../../../arm-none-eabi/lib/armv7e-m/fpu\libg_nano.a(lib_a-strcmp.o)
                              ./src/usart1.o (strcmp)
[...]
Memory Configuration

Name             Origin             Length             Attributes
RAM              0x20000000         0x00020000         xrw
CCMRAM           0x10000000         0x00010000         xrw
FLASH            0x08000000         0x00100000         xr
FLASHB1          0x00000000         0x00000000         xr
EXTMEMB0         0x00000000         0x00000000         xr
EXTMEMB1         0x00000000         0x00000000         xr
EXTMEMB2         0x00000000         0x00000000         xr
EXTMEMB3         0x00000000         0x00000000         xr
MEMORY_ARRAY     0x20002000         0x00000020         xrw
*default*        0x00000000         0xffffffff

Linker script and memory map

LOAD ./system/src/stm32f4-hal/stm32f4xx_hal.o
LOAD ./system/src/stm32f4-hal/stm32f4xx_hal_adc.o
LOAD ./system/src/stm32f4-hal/stm32f4xx_hal_cortex.o
LOAD ./system/src/stm32f4-hal/stm32f4xx_hal_dma.o
LOAD ./system/src/stm32f4-hal/stm32f4xx_hal_flash.o
LOAD ./system/src/stm32f4-hal/stm32f4xx_hal_flash_ex.o
LOAD ./system/src/stm32f4-hal/stm32f4xx_hal_flash_ramfunc.o
LOAD ./system/src/stm32f4-hal/stm32f4xx_hal_gpio.o
LOAD ./system/src/stm32f4-hal/stm32f4xx_hal_iwdg.o
LOAD ./system/src/stm32f4-hal/stm32f4xx_hal_pcd.o
LOAD ./system/src/stm32f4-hal/stm32f4xx_hal_pcd_ex.o
LOAD ./system/src/stm32f4-hal/stm32f4xx_hal_pwr.o
LOAD ./system/src/stm32f4-hal/stm32f4xx_hal_pwr_ex.o
LOAD ./system/src/stm32f4-hal/stm32f4xx_hal_rcc.o
LOAD ./system/src/stm32f4-hal/stm32f4xx_hal_rcc_ex.o
LOAD ./system/src/stm32f4-hal/stm32f4xx_hal_tim.o
LOAD ./system/src/stm32f4-hal/stm32f4xx_hal_tim_ex.o
LOAD ./system/src/stm32f4-hal/stm32f4xx_hal_uart.o
LOAD ./system/src/stm32f4-hal/stm32f4xx_ll_usb.o
LOAD ./system/src/newlib/_cxx.o
LOAD ./system/src/newlib/_exit.o
LOAD ./system/src/newlib/_sbrk.o
LOAD ./system/src/newlib/_startup.o
LOAD ./system/src/newlib/_syscalls.o
LOAD ./system/src/newlib/assert.o
LOAD ./system/src/diag/Trace.o
LOAD ./system/src/diag/trace_impl.o
LOAD ./system/src/cortexm/_initialize_hardware.o
LOAD ./system/src/cortexm/_reset_hardware.o
LOAD ./system/src/cortexm/exception_handlers.o
LOAD ./system/src/cmsis/system_stm32f4xx.o
LOAD ./system/src/cmsis/vectors_stm32f4xx.o
LOAD ./src/_initialize_hardware.o
LOAD ./src/botao.o
LOAD ./src/buzzer.o
LOAD ./src/delays.o
LOAD ./src/encoders.o
LOAD ./src/flash.o
LOAD ./src/leds.o
LOAD ./src/main.o
LOAD ./src/motores.o
LOAD ./src/rodinhas.o
LOAD ./src/sensores.o
LOAD ./src/speed_control.o
LOAD ./src/stm32f4xx_it.o
LOAD ./src/usart1.o
LOAD ./src/usb_user.o
LOAD ./src/usbd_conf.o
LOAD ./src/usbd_desc.o
LOAD ./USB/Core/Src/usbd_core.o
LOAD ./USB/Core/Src/usbd_ctlreq.o
LOAD ./USB/Core/Src/usbd_ioreq.o
LOAD ./USB/CDC/Src/usbd_cdc.o
LOAD ./USB/CDC/Src/usbd_cdc_if_template.o
LOAD e:/arm_toolchains/gccarm/bin/../lib/gcc/arm-none-eabi/4.9.3/../../../../arm-none-eabi/lib/armv7e-m/fpu\libstdc++_nano.a
LOAD e:/arm_toolchains/gccarm/bin/../lib/gcc/arm-none-eabi/4.9.3/../../../../arm-none-eabi/lib/armv7e-m/fpu\libm.a
START GROUP
LOAD e:/arm_toolchains/gccarm/bin/../lib/gcc/arm-none-eabi/4.9.3/armv7e-m/fpu\libgcc.a
LOAD e:/arm_toolchains/gccarm/bin/../lib/gcc/arm-none-eabi/4.9.3/../../../../arm-none-eabi/lib/armv7e-m/fpu\libg_nano.a
LOAD e:/arm_toolchains/gccarm/bin/../lib/gcc/arm-none-eabi/4.9.3/../../../../arm-none-eabi/lib/armv7e-m/fpu\libc_nano.a
END GROUP
START GROUP
LOAD e:/arm_toolchains/gccarm/bin/../lib/gcc/arm-none-eabi/4.9.3/armv7e-m/fpu\libgcc.a
LOAD e:/arm_toolchains/gccarm/bin/../lib/gcc/arm-none-eabi/4.9.3/../../../../arm-none-eabi/lib/armv7e-m/fpu\libc_nano.a
END GROUP
                0x20020000                __stack = (ORIGIN (RAM) + 0x20000)
                0x20020000                _estack = __stack
                0x00000400                __Main_Stack_Size = 0x400
                0x00000400                PROVIDE (_Main_Stack_Size, __Main_Stack_Size)
                0x2001fc00                __Main_Stack_Limit = (__stack - __Main_Stack_Size)
                0x2001fc00                PROVIDE (_Main_Stack_Limit, __Main_Stack_Limit)
                0x00000100                _Minimum_Stack_Size = 0x100
                0x20000f64                PROVIDE (_Heap_Begin, _end_noinit)
                0x2001fc00                PROVIDE (_Heap_Limit, (__stack - __Main_Stack_Size))

.isr_vector     0x08000000      0x27a
 FILL mask 0xff
                0x08000000                __vectors_start__ = ABSOLUTE (.)
 *(.isr_vector)
 .isr_vector    0x08000000      0x188 ./system/src/cmsis/vectors_stm32f4xx.o
                0x08000000                __isr_vectors
 *(.cfmconfig)
 *(.after_vectors .after_vectors.*)
 .after_vectors
                0x08000188       0xd4 ./system/src/newlib/_startup.o
                0x08000188                _start
 .after_vectors
                0x0800025c       0x1c ./system/src/cortexm/exception_handlers.o
                0x0800025c                Reset_Handler
                0x08000260                NMI_Handler
                0x08000262                HardFault_Handler
                0x08000264                MemManage_Handler
                0x08000266                BusFault_Handler
                0x08000268                UsageFault_Handler
                0x0800026a                SVC_Handler
                0x0800026c                DebugMon_Handler
                0x0800026e                PendSV_Handler
 .after_vectors
                0x08000278        0x2 ./system/src/cmsis/vectors_stm32f4xx.o
                0x08000278                RTC_Alarm_IRQHandler
                0x08000278                HASH_RNG_IRQHandler
                0x08000278                EXTI2_IRQHandler
                0x08000278                TIM8_CC_IRQHandler
                0x08000278                TIM1_CC_IRQHandler
                0x08000278                DMA2_Stream5_IRQHandler
                0x08000278                DMA1_Stream5_IRQHandler
                0x08000278                PVD_IRQHandler
                0x08000278                SDIO_IRQHandler
                0x08000278                TAMP_STAMP_IRQHandler
                0x08000278                CAN2_RX1_IRQHandler
                0x08000278                EXTI3_IRQHandler
                0x08000278                TIM8_TRG_COM_TIM14_IRQHandler
                0x08000278                TIM1_UP_TIM10_IRQHandler
                0x08000278                TIM8_UP_TIM13_IRQHandler
                0x08000278                I2C3_ER_IRQHandler
                0x08000278                EXTI0_IRQHandler
                0x08000278                I2C2_EV_IRQHandler
                0x08000278                DMA1_Stream2_IRQHandler
                0x08000278                CAN1_RX0_IRQHandler
                0x08000278                FPU_IRQHandler
                0x08000278                OTG_HS_WKUP_IRQHandler
                0x08000278                CAN2_SCE_IRQHandler
                0x08000278                DMA2_Stream2_IRQHandler
                0x08000278                SPI1_IRQHandler
                0x08000278                TIM6_DAC_IRQHandler
                0x08000278                TIM1_BRK_TIM9_IRQHandler
                0x08000278                CAN2_RX0_IRQHandler
                0x08000278                DMA2_Stream3_IRQHandler
                0x08000278                USART6_IRQHandler
                0x08000278                USART3_IRQHandler
                0x08000278                CAN1_RX1_IRQHandler
                0x08000278                UART5_IRQHandler
                0x08000278                DMA2_Stream0_IRQHandler
                0x08000278                TIM4_IRQHandler
                0x08000278                I2C1_EV_IRQHandler
                0x08000278                DMA1_Stream6_IRQHandler
                0x08000278                DMA1_Stream1_IRQHandler
                0x08000278                UART4_IRQHandler
                0x08000278                RCC_IRQHandler
                0x08000278                TIM8_BRK_TIM12_IRQHandler
                0x08000278                Default_Handler
                0x08000278                EXTI15_10_IRQHandler
                0x08000278                ADC_IRQHandler
                0x08000278                DMA1_Stream7_IRQHandler
                0x08000278                TIM7_IRQHandler
                0x08000278                CAN2_TX_IRQHandler
                0x08000278                TIM5_IRQHandler
                0x08000278                I2C3_EV_IRQHandler
                0x08000278                EXTI9_5_IRQHandler
                0x08000278                RTC_WKUP_IRQHandler
                0x08000278                SPI2_IRQHandler
                0x08000278                OTG_HS_EP1_IN_IRQHandler
                0x08000278                DMA1_Stream0_IRQHandler
                0x08000278                CAN1_TX_IRQHandler
                0x08000278                EXTI4_IRQHandler
                0x08000278                FSMC_IRQHandler
                0x08000278                OTG_HS_EP1_OUT_IRQHandler
                0x08000278                WWDG_IRQHandler
                0x08000278                TIM2_IRQHandler
                0x08000278                OTG_FS_WKUP_IRQHandler
                0x08000278                TIM1_TRG_COM_TIM11_IRQHandler
                0x08000278                OTG_HS_IRQHandler
                0x08000278                EXTI1_IRQHandler
                0x08000278                USART2_IRQHandler
                0x08000278                I2C2_ER_IRQHandler
                0x08000278                DMA2_Stream1_IRQHandler
                0x08000278                CAN1_SCE_IRQHandler
                0x08000278                FLASH_IRQHandler
                0x08000278                DMA2_Stream4_IRQHandler
                0x08000278                SPI3_IRQHandler
                0x08000278                DMA1_Stream4_IRQHandler
                0x08000278                I2C1_ER_IRQHandler
                0x08000278                DMA2_Stream6_IRQHandler
                0x08000278                DMA1_Stream3_IRQHandler

.inits          0x0800027c       0x28
                0x0800027c                __data_regions_array_start = .
                0x0800027c        0x4 LONG 0x8006fd4 LOADADDR (.data)
                0x08000280        0x4 LONG 0x20000000 ADDR (.data)
                0x08000284        0x4 LONG 0x200000e4 (ADDR (.data) + SIZEOF (.data))
                0x08000288        0x4 LONG 0x8006fd4 LOADADDR (.data_CCMRAM)
                0x0800028c        0x4 LONG 0x10000000 ADDR (.data_CCMRAM)
                0x08000290        0x4 LONG 0x10000000 (ADDR (.data_CCMRAM) + SIZEOF (.data_CCMRAM))
                0x08000294                __data_regions_array_end = .
                0x08000294                __bss_regions_array_start = .
                0x08000294        0x4 LONG 0x200000e4 ADDR (.bss)
                0x08000298        0x4 LONG 0x20000f64 (ADDR (.bss) + SIZEOF (.bss))
                0x0800029c        0x4 LONG 0x10000000 ADDR (.bss_CCMRAM)
                0x080002a0        0x4 LONG 0x10000000 (ADDR (.bss_CCMRAM) + SIZEOF (.bss_CCMRAM))
                0x080002a4                __bss_regions_array_end = .
 *(.init)
 *(.fini)
                0x080002a4                . = ALIGN (0x4)
                0x080002a4                PROVIDE (__preinit_array_start, .)
 *(.preinit_array_sysinit .preinit_array_sysinit.*)
 *(.preinit_array_platform .preinit_array_platform.*)
 *(.preinit_array .preinit_array.*)
                0x080002a4                PROVIDE (__preinit_array_end, .)
                0x080002a4                . = ALIGN (0x4)
                0x080002a4                PROVIDE (__init_array_start, .)
 *(SORT(.init_array.*))
 *(.init_array)
                0x080002a4                PROVIDE (__init_array_end, .)
                0x080002a4                . = ALIGN (0x4)
                0x080002a4                PROVIDE (__fini_array_start, .)
 *(SORT(.fini_array.*))
 *(.fini_array)
                0x080002a4                PROVIDE (__fini_array_end, .)

.flashtext
 *(.flashtext .flashtext.*)

.text           0x080002a8     0x6d2c
 *(.text .text.*)
 .text.HAL_MspInit
                0x080002a8        0x2 ./system/src/stm32f4-hal/stm32f4xx_hal.o
                0x080002a8                HAL_MspInit
 .text.HAL_InitTick
                0x080002aa       0x24 ./system/src/stm32f4-hal/stm32f4xx_hal.o
                0x080002aa                HAL_InitTick
 *fill*         0x080002ce        0x2 
 .text.HAL_Init
                0x080002d0       0x34 ./system/src/stm32f4-hal/stm32f4xx_hal.o
                0x080002d0                HAL_Init
 .text.HAL_IncTick
                0x08000304       0x10 ./system/src/stm32f4-hal/stm32f4xx_hal.o
                0x08000304                HAL_IncTick
 .text.HAL_GetTick
                0x08000314        0xc ./system/src/stm32f4-hal/stm32f4xx_hal.o
                0x08000314                HAL_GetTick
 .text.HAL_SuspendTick
                0x08000320       0x10 ./system/src/stm32f4-hal/stm32f4xx_hal.o
                0x08000320                HAL_SuspendTick
 .text.HAL_ADC_MspInit
                0x08000330        0x2 ./system/src/stm32f4-hal/stm32f4xx_hal_adc.o
                0x08000330                HAL_ADC_MspInit
 *fill*         0x08000332        0x2 
 .text.HAL_ADC_Init
                0x08000334      0x108 ./system/src/stm32f4-hal/stm32f4xx_hal_adc.o
                0x08000334                HAL_ADC_Init
 .text.HAL_ADC_Start
                0x0800043c       0x70 ./system/src/stm32f4-hal/stm32f4xx_hal_adc.o
                0x0800043c                HAL_ADC_Start
 .text.HAL_ADC_PollForConversion
                0x080004ac       0x48 ./system/src/stm32f4-hal/stm32f4xx_hal_adc.o
                0x080004ac                HAL_ADC_PollForConversion
 .text.HAL_ADC_GetValue
                0x080004f4        0x6 ./system/src/stm32f4-hal/stm32f4xx_hal_adc.o
                0x080004f4                HAL_ADC_GetValue
 *fill*         0x080004fa        0x2 
 .text.HAL_ADC_ConfigChannel
                0x080004fc       0xec ./system/src/stm32f4-hal/stm32f4xx_hal_adc.o
                0x080004fc                HAL_ADC_ConfigChannel
 .text.HAL_NVIC_SetPriorityGrouping
                0x080005e8       0x24 ./system/src/stm32f4-hal/stm32f4xx_hal_cortex.o
                0x080005e8                HAL_NVIC_SetPriorityGrouping
 .text.HAL_NVIC_SetPriority
                0x0800060c       0x60 ./system/src/stm32f4-hal/stm32f4xx_hal_cortex.o
                0x0800060c                HAL_NVIC_SetPriority
 .text.HAL_NVIC_EnableIRQ
                0x0800066c       0x18 ./system/src/stm32f4-hal/stm32f4xx_hal_cortex.o
                0x0800066c                HAL_NVIC_EnableIRQ
 .text.HAL_SYSTICK_Config
                0x08000684       0x2c ./system/src/stm32f4-hal/stm32f4xx_hal_cortex.o
                0x08000684                HAL_SYSTICK_Config
 .text.HAL_SYSTICK_Callback
                0x080006b0        0x2 ./system/src/stm32f4-hal/stm32f4xx_hal_cortex.o
                0x080006b0                HAL_SYSTICK_Callback
 .text.HAL_SYSTICK_IRQHandler
                0x080006b2        0x8 ./system/src/stm32f4-hal/stm32f4xx_hal_cortex.o
                0x080006b2                HAL_SYSTICK_IRQHandler
 *fill*         0x080006ba        0x2 
 .text.HAL_DMA_Init
                0x080006bc       0x70 ./system/src/stm32f4-hal/stm32f4xx_hal_dma.o
                0x080006bc                HAL_DMA_Init
 .text.HAL_DMA_IRQHandler
                0x0800072c      0xa18 ./system/src/stm32f4-hal/stm32f4xx_hal_dma.o
                0x0800072c                HAL_DMA_IRQHandler
 .text.FLASH_Program_Word
                0x08001144       0x24 ./system/src/stm32f4-hal/stm32f4xx_hal_flash.o
 .text.FLASH_Program_HalfWord
                0x08001168       0x24 ./system/src/stm32f4-hal/stm32f4xx_hal_flash.o
 .text.FLASH_SetErrorCode
                0x0800118c       0x6c ./system/src/stm32f4-hal/stm32f4xx_hal_flash.o
 .text.HAL_FLASH_Unlock
                0x080011f8       0x24 ./system/src/stm32f4-hal/stm32f4xx_hal_flash.o
                0x080011f8                HAL_FLASH_Unlock
 .text.HAL_FLASH_Lock
                0x0800121c       0x14 ./system/src/stm32f4-hal/stm32f4xx_hal_flash.o
                0x0800121c                HAL_FLASH_Lock
 .text.FLASH_WaitForLastOperation
                0x08001230       0x3c ./system/src/stm32f4-hal/stm32f4xx_hal_flash.o
                0x08001230                FLASH_WaitForLastOperation
 .text.HAL_FLASH_Program
                0x0800126c       0xac ./system/src/stm32f4-hal/stm32f4xx_hal_flash.o
                0x0800126c                HAL_FLASH_Program
 .text.FLASH_Erase_Sector
                0x08001318       0x58 ./system/src/stm32f4-hal/stm32f4xx_hal_flash_ex.o
                0x08001318                FLASH_Erase_Sector
 .text.HAL_GPIO_Init
                0x08001370      0x1c8 ./system/src/stm32f4-hal/stm32f4xx_hal_gpio.o
                0x08001370                HAL_GPIO_Init
 .text.HAL_GPIO_ReadPin
                0x08001538        0xc ./system/src/stm32f4-hal/stm32f4xx_hal_gpio.o
                0x08001538                HAL_GPIO_ReadPin
 .text.HAL_GPIO_WritePin
                0x08001544        0xa ./system/src/stm32f4-hal/stm32f4xx_hal_gpio.o
                0x08001544                HAL_GPIO_WritePin
 .text.HAL_GPIO_TogglePin
                0x0800154e        0x8 ./system/src/stm32f4-hal/stm32f4xx_hal_gpio.o
                0x0800154e                HAL_GPIO_TogglePin
 .text.HAL_PCD_IRQHandler
                0x08001556      0x472 ./system/src/stm32f4-hal/stm32f4xx_hal_pcd.o
                0x08001556                HAL_PCD_IRQHandler
 .text.HAL_PCD_SetAddress
                0x080019c8       0x24 ./system/src/stm32f4-hal/stm32f4xx_hal_pcd.o
                0x080019c8                HAL_PCD_SetAddress
 .text.HAL_PCD_EP_Open
                0x080019ec       0x5a ./system/src/stm32f4-hal/stm32f4xx_hal_pcd.o
                0x080019ec                HAL_PCD_EP_Open
 .text.HAL_PCD_EP_Receive
                0x08001a46       0x64 ./system/src/stm32f4-hal/stm32f4xx_hal_pcd.o
                0x08001a46                HAL_PCD_EP_Receive
 .text.HAL_PCD_EP_Transmit
                0x08001aaa       0x5a ./system/src/stm32f4-hal/stm32f4xx_hal_pcd.o
                0x08001aaa                HAL_PCD_EP_Transmit
 .text.HAL_PCD_EP_SetStall
                0x08001b04       0x5a ./system/src/stm32f4-hal/stm32f4xx_hal_pcd.o
                0x08001b04                HAL_PCD_EP_SetStall
 .text.HAL_PCD_EP_ClrStall
                0x08001b5e       0x4c ./system/src/stm32f4-hal/stm32f4xx_hal_pcd.o
                0x08001b5e                HAL_PCD_EP_ClrStall
 *fill*         0x08001baa        0x2 
 .text.HAL_RCC_OscConfig
                0x08001bac      0x31c ./system/src/stm32f4-hal/stm32f4xx_hal_rcc.o
                0x08001bac                HAL_RCC_OscConfig
 .text.HAL_RCC_ClockConfig
                0x08001ec8      0x1c8 ./system/src/stm32f4-hal/stm32f4xx_hal_rcc.o
                0x08001ec8                HAL_RCC_ClockConfig
 .text.HAL_RCC_GetSysClockFreq
                0x08002090       0x94 ./system/src/stm32f4-hal/stm32f4xx_hal_rcc.o
                0x08002090                HAL_RCC_GetSysClockFreq
 .text.HAL_RCC_GetHCLKFreq
                0x08002124       0x38 ./system/src/stm32f4-hal/stm32f4xx_hal_rcc.o
                0x08002124                HAL_RCC_GetHCLKFreq
 .text.HAL_RCC_GetPCLK1Freq
                0x0800215c       0x30 ./system/src/stm32f4-hal/stm32f4xx_hal_rcc.o
                0x0800215c                HAL_RCC_GetPCLK1Freq
 .text.HAL_RCC_GetPCLK2Freq
                0x0800218c       0x30 ./system/src/stm32f4-hal/stm32f4xx_hal_rcc.o
                0x0800218c                HAL_RCC_GetPCLK2Freq
 .text.TIM_OC1_SetConfig
                0x080021bc       0x58 ./system/src/stm32f4-hal/stm32f4xx_hal_tim.o
 .text.TIM_OC3_SetConfig
                0x08002214       0x60 ./system/src/stm32f4-hal/stm32f4xx_hal_tim.o
 .text.TIM_OC4_SetConfig
                0x08002274       0x50 ./system/src/stm32f4-hal/stm32f4xx_hal_tim.o
 .text.HAL_TIM_Base_MspInit
                0x080022c4        0x2 ./system/src/stm32f4-hal/stm32f4xx_hal_tim.o
                0x080022c4                HAL_TIM_Base_MspInit
 .text.HAL_TIM_Base_Start_IT
                0x080022c6       0x16 ./system/src/stm32f4-hal/stm32f4xx_hal_tim.o
                0x080022c6                HAL_TIM_Base_Start_IT
 .text.HAL_TIM_PWM_MspInit
                0x080022dc        0x2 ./system/src/stm32f4-hal/stm32f4xx_hal_tim.o
                0x080022dc                HAL_TIM_PWM_MspInit
 .text.HAL_TIM_Encoder_MspInit
                0x080022de        0x2 ./system/src/stm32f4-hal/stm32f4xx_hal_tim.o
                0x080022de                HAL_TIM_Encoder_MspInit
 .text.HAL_TIM_Encoder_Start
                0x080022e0       0x46 ./system/src/stm32f4-hal/stm32f4xx_hal_tim.o
                0x080022e0                HAL_TIM_Encoder_Start
 .text.HAL_TIM_OC_DelayElapsedCallback
                0x08002326        0x2 ./system/src/stm32f4-hal/stm32f4xx_hal_tim.o
                0x08002326                HAL_TIM_OC_DelayElapsedCallback
 .text.HAL_TIM_IC_CaptureCallback
                0x08002328        0x2 ./system/src/stm32f4-hal/stm32f4xx_hal_tim.o
                0x08002328                HAL_TIM_IC_CaptureCallback
 .text.HAL_TIM_PWM_PulseFinishedCallback
                0x0800232a        0x2 ./system/src/stm32f4-hal/stm32f4xx_hal_tim.o
                0x0800232a                HAL_TIM_PWM_PulseFinishedCallback
 .text.HAL_TIM_TriggerCallback
                0x0800232c        0x2 ./system/src/stm32f4-hal/stm32f4xx_hal_tim.o
                0x0800232c                HAL_TIM_TriggerCallback
 .text.HAL_TIM_IRQHandler
                0x0800232e      0x144 ./system/src/stm32f4-hal/stm32f4xx_hal_tim.o
                0x0800232e                HAL_TIM_IRQHandler
 *fill*         0x08002472        0x2 
 .text.TIM_Base_SetConfig
                0x08002474       0xc8 ./system/src/stm32f4-hal/stm32f4xx_hal_tim.o
                0x08002474                TIM_Base_SetConfig
 .text.HAL_TIM_Base_Init
                0x0800253c       0x2c ./system/src/stm32f4-hal/stm32f4xx_hal_tim.o
                0x0800253c                HAL_TIM_Base_Init
 .text.HAL_TIM_PWM_Init
                0x08002568       0x2c ./system/src/stm32f4-hal/stm32f4xx_hal_tim.o
                0x08002568                HAL_TIM_PWM_Init
 .text.HAL_TIM_Encoder_Init
                0x08002594       0x8a ./system/src/stm32f4-hal/stm32f4xx_hal_tim.o
                0x08002594                HAL_TIM_Encoder_Init
 *fill*         0x0800261e        0x2 
 .text.TIM_OC2_SetConfig
                0x08002620       0x64 ./system/src/stm32f4-hal/stm32f4xx_hal_tim.o
                0x08002620                TIM_OC2_SetConfig
 .text.HAL_TIM_PWM_ConfigChannel
                0x08002684       0xc6 ./system/src/stm32f4-hal/stm32f4xx_hal_tim.o
                0x08002684                HAL_TIM_PWM_ConfigChannel
 .text.TIM_CCxChannelCmd
                0x0800274a       0x18 ./system/src/stm32f4-hal/stm32f4xx_hal_tim.o
                0x0800274a                TIM_CCxChannelCmd
 *fill*         0x08002762        0x2 
 .text.HAL_TIM_PWM_Start
                0x08002764       0x34 ./system/src/stm32f4-hal/stm32f4xx_hal_tim.o
                0x08002764                HAL_TIM_PWM_Start
 .text.HAL_TIMEx_CommutationCallback
                0x08002798        0x2 ./system/src/stm32f4-hal/stm32f4xx_hal_tim_ex.o
                0x08002798                HAL_TIMEx_CommutationCallback
 .text.HAL_TIMEx_BreakCallback
                0x0800279a        0x2 ./system/src/stm32f4-hal/stm32f4xx_hal_tim_ex.o
                0x0800279a                HAL_TIMEx_BreakCallback
 .text.UART_SetConfig
                0x0800279c      0x148 ./system/src/stm32f4-hal/stm32f4xx_hal_uart.o
 .text.UART_WaitOnFlagUntilTimeout.constprop.0
                0x080028e4       0x60 ./system/src/stm32f4-hal/stm32f4xx_hal_uart.o
 .text.HAL_UART_MspInit
                0x08002944        0x2 ./system/src/stm32f4-hal/stm32f4xx_hal_uart.o
                0x08002944                HAL_UART_MspInit
 .text.HAL_UART_Init
                0x08002946       0x52 ./system/src/stm32f4-hal/stm32f4xx_hal_uart.o
                0x08002946                HAL_UART_Init
 .text.HAL_UART_Transmit
                0x08002998       0xba ./system/src/stm32f4-hal/stm32f4xx_hal_uart.o
                0x08002998                HAL_UART_Transmit
 .text.HAL_UART_Receive
                0x08002a52       0xbe ./system/src/stm32f4-hal/stm32f4xx_hal_uart.o
                0x08002a52                HAL_UART_Receive
 .text.HAL_UART_Receive_IT
                0x08002b10       0x6a ./system/src/stm32f4-hal/stm32f4xx_hal_uart.o
                0x08002b10                HAL_UART_Receive_IT
 .text.HAL_UART_TxCpltCallback
                0x08002b7a        0x2 ./system/src/stm32f4-hal/stm32f4xx_hal_uart.o
                0x08002b7a                HAL_UART_TxCpltCallback
 .text.HAL_UART_ErrorCallback
                0x08002b7c        0x2 ./system/src/stm32f4-hal/stm32f4xx_hal_uart.o
                0x08002b7c                HAL_UART_ErrorCallback
 .text.HAL_UART_IRQHandler
                0x08002b7e      0x1aa ./system/src/stm32f4-hal/stm32f4xx_hal_uart.o
                0x08002b7e                HAL_UART_IRQHandler
 .text.USB_FlushTxFifo
                0x08002d28       0x24 ./system/src/stm32f4-hal/stm32f4xx_ll_usb.o
                0x08002d28                USB_FlushTxFifo
 .text.USB_GetDevSpeed
                0x08002d4c       0x36 ./system/src/stm32f4-hal/stm32f4xx_ll_usb.o
                0x08002d4c                USB_GetDevSpeed
 .text.USB_ActivateEndpoint
                0x08002d82       0x82 ./system/src/stm32f4-hal/stm32f4xx_ll_usb.o
                0x08002d82                USB_ActivateEndpoint
 .text.USB_EP0StartXfer
                0x08002e04      0x150 ./system/src/stm32f4-hal/stm32f4xx_ll_usb.o
                0x08002e04                USB_EP0StartXfer
 .text.USB_WritePacket
                0x08002f54       0x26 ./system/src/stm32f4-hal/stm32f4xx_ll_usb.o
                0x08002f54                USB_WritePacket
 *fill*         0x08002f7a        0x2 
 .text.USB_EPStartXfer
                0x08002f7c      0x238 ./system/src/stm32f4-hal/stm32f4xx_ll_usb.o
                0x08002f7c                USB_EPStartXfer
 .text.USB_ReadPacket
                0x080031b4       0x20 ./system/src/stm32f4-hal/stm32f4xx_ll_usb.o
                0x080031b4                USB_ReadPacket
 .text.USB_EPSetStall
                0x080031d4       0x64 ./system/src/stm32f4-hal/stm32f4xx_ll_usb.o
                0x080031d4                USB_EPSetStall
 .text.USB_EPClearStall
                0x08003238       0x3e ./system/src/stm32f4-hal/stm32f4xx_ll_usb.o
                0x08003238                USB_EPClearStall
 .text.USB_SetDevAddress
                0x08003276       0x20 ./system/src/stm32f4-hal/stm32f4xx_ll_usb.o
                0x08003276                USB_SetDevAddress
 .text.USB_ReadInterrupts
                0x08003296        0x8 ./system/src/stm32f4-hal/stm32f4xx_ll_usb.o
                0x08003296                USB_ReadInterrupts
 .text.USB_ReadDevAllOutEpInterrupt
                0x0800329e       0x10 ./system/src/stm32f4-hal/stm32f4xx_ll_usb.o
                0x0800329e                USB_ReadDevAllOutEpInterrupt
 .text.USB_ReadDevAllInEpInterrupt
                0x080032ae       0x10 ./system/src/stm32f4-hal/stm32f4xx_ll_usb.o
                0x080032ae                USB_ReadDevAllInEpInterrupt
 .text.USB_ReadDevOutEPInterrupt
                0x080032be       0x12 ./system/src/stm32f4-hal/stm32f4xx_ll_usb.o
                0x080032be                USB_ReadDevOutEPInterrupt
 .text.USB_ReadDevInEPInterrupt
                0x080032d0       0x1e ./system/src/stm32f4-hal/stm32f4xx_ll_usb.o
                0x080032d0                USB_ReadDevInEPInterrupt
 .text.USB_GetMode
                0x080032ee        0x8 ./system/src/stm32f4-hal/stm32f4xx_ll_usb.o
                0x080032ee                USB_GetMode
 .text.USB_ActivateSetup
                0x080032f6       0x36 ./system/src/stm32f4-hal/stm32f4xx_ll_usb.o
                0x080032f6                USB_ActivateSetup
 .text.USB_EP0_OutStart
                0x0800332c       0x46 ./system/src/stm32f4-hal/stm32f4xx_ll_usb.o
                0x0800332c                USB_EP0_OutStart
 .text._exit    0x08003372        0x6 ./system/src/newlib/_exit.o
                0x08003372                _exit
 .text._sbrk    0x08003378       0x40 ./system/src/newlib/_sbrk.o
                0x08003378                _sbrk
 .text.__initialize_args
                0x080033b8       0x10 ./system/src/newlib/_syscalls.o
                0x080033b8                __initialize_args
 .text._close   0x080033c8       0x10 ./system/src/newlib/_syscalls.o
                0x080033c8                _close
 .text._fstat   0x080033d8       0x10 ./system/src/newlib/_syscalls.o
                0x080033d8                _fstat
 .text._isatty  0x080033e8        0xe ./system/src/newlib/_syscalls.o
                0x080033e8                _isatty
 .text._lseek   0x080033f6       0x10 ./system/src/newlib/_syscalls.o
                0x080033f6                _lseek
 *fill*         0x08003406        0x2 
 .text.__initialize_hardware_early
                0x08003408       0x1c ./system/src/cortexm/_initialize_hardware.o
                0x08003408                __initialize_hardware_early
 .text.__reset_hardware
                0x08003424       0x20 ./system/src/cortexm/_reset_hardware.o
                0x08003424                __reset_hardware
 .text.SystemInit
                0x08003444       0x4c ./system/src/cmsis/system_stm32f4xx.o
                0x08003444                SystemInit
 .text.configure_system_clock
                0x08003490       0x68 ./src/_initialize_hardware.o
                0x08003490                configure_system_clock
 .text.__initialize_hardware
                0x080034f8       0x28 ./src/_initialize_hardware.o
                0x080034f8                __initialize_hardware
 .text.botaoConfig
                0x08003520       0x30 ./src/botao.o
                0x08003520                botaoConfig
 .text.getSW1   0x08003550        0xc ./src/botao.o
                0x08003550                getSW1
 .text.buzzerConfig
                0x0800355c       0x30 ./src/buzzer.o
                0x0800355c                buzzerConfig
 .text.beeps    0x0800358c       0x44 ./src/buzzer.o
                0x0800358c                beeps
 .text.beep     0x080035d0       0x1c ./src/buzzer.o
                0x080035d0                beep
 .text.micros   0x080035ec       0x20 ./src/delays.o
                0x080035ec                micros
 .text.elapse_us
                0x0800360c       0x12 ./src/delays.o
                0x0800360c                elapse_us
 .text.delay_ms
                0x0800361e       0x16 ./src/delays.o
                0x0800361e                delay_ms
 .text.encodersConfig
                0x08003634      0x10c ./src/encoders.o
                0x08003634                encodersConfig
 .text.getEncoderEsquerda
                0x08003740        0x8 ./src/encoders.o
                0x08003740                getEncoderEsquerda
 .text.resetEncoderEsquerda
                0x08003748        0xa ./src/encoders.o
                0x08003748                resetEncoderEsquerda
 *fill*         0x08003752        0x2 
 .text.getEncoderDireita
                0x08003754        0xc ./src/encoders.o
                0x08003754                getEncoderDireita
 .text.resetEncoderDireita
                0x08003760        0xc ./src/encoders.o
                0x08003760                resetEncoderDireita
 .text.writeFlash
                0x0800376c       0x64 ./src/flash.o
                0x0800376c                writeFlash
 .text.readFlash
                0x080037d0       0x18 ./src/flash.o
                0x080037d0                readFlash
 .text.ledsConfig
                0x080037e8       0x54 ./src/leds.o
                0x080037e8                ledsConfig
 .text.setLED   0x0800383c       0x1c ./src/leds.o
                0x0800383c                setLED
 .text.toggleLED
                0x08003858       0x1c ./src/leds.o
                0x08003858                toggleLED
 .text.HAL_TIM_PeriodElapsedCallback
                0x08003874       0x10 ./src/main.o
                0x08003874                HAL_TIM_PeriodElapsedCallback
 .text.systick  0x08003884       0x10 ./src/main.o
                0x08003884                systick
 .text.perifericosConfig
                0x08003894       0x26 ./src/main.o
                0x08003894                perifericosConfig
 *fill*         0x080038ba        0x2 
 .text.init_parametros
                0x080038bc       0x88 ./src/main.o
                0x080038bc                init_parametros
 .text.initializeRun
                0x08003944      0x10c ./src/main.o
                0x08003944                initializeRun
 .text.recordSectors
                0x08003a50       0x14 ./src/main.o
                0x08003a50                recordSectors
 .text.startup.main
                0x08003a64      0x1d0 ./src/main.o
                0x08003a64                main
 .text.motoresConfig
                0x08003c34       0xd8 ./src/motores.o
                0x08003c34                motoresConfig
 .text.setMotores
                0x08003d0c       0x60 ./src/motores.o
                0x08003d0c                setMotores
 .text.readMarkers
                0x08003d6c      0x134 ./src/sensores.o
                0x08003d6c                readMarkers
 .text.getGyro  0x08003ea0       0x50 ./src/sensores.o
                0x08003ea0                getGyro
 .text.getRawADC
                0x08003ef0       0x34 ./src/sensores.o
                0x08003ef0                getRawADC
 .text.getRawGyro
                0x08003f24       0x14 ./src/sensores.o
                0x08003f24                getRawGyro
 .text.getSensorError
                0x08003f38      0x170 ./src/sensores.o
                0x08003f38                getSensorError
 .text.getTensao
                0x080040a8       0x18 ./src/sensores.o
                0x080040a8                getTensao
 .text.sensoresConfig
                0x080040c0      0x11c ./src/sensores.o
                0x080040c0                sensoresConfig
 .text.speedControlConfig
                0x080041dc       0x54 ./src/speed_control.o
                0x080041dc                speedControlConfig
 .text.getEncoderStatus
                0x08004230       0x8c ./src/speed_control.o
                0x08004230                getEncoderStatus
 .text.calculateMotorPwm
                0x080042bc      0x1a4 ./src/speed_control.o
                0x080042bc                calculateMotorPwm
 .text.needToDecelerate
                0x08004460       0x28 ./src/speed_control.o
                0x08004460                needToDecelerate
 .text.updateCurrentSpeed
                0x08004488       0xa8 ./src/speed_control.o
                0x08004488                updateCurrentSpeed
 .text.resetProfile
                0x08004530       0x3c ./src/speed_control.o
                0x08004530                resetProfile
 .text.calculateSpeedProfile
                0x0800456c       0xf8 ./src/speed_control.o
                0x0800456c                calculateSpeedProfile
 .text.changeSpeedProfile
                0x08004664       0x70 ./src/speed_control.o
                0x08004664                changeSpeedProfile
 .text.manageRuns
                0x080046d4      0x138 ./src/speed_control.o
                0x080046d4                manageRuns
 .text.speedProfile
                0x0800480c       0x16 ./src/speed_control.o
                0x0800480c                speedProfile
 *fill*         0x08004822        0x2 
 .text.updateBufferSpeedProfile
                0x08004824       0x40 ./src/speed_control.o
                0x08004824                updateBufferSpeedProfile
 .text.SysTick_Handler
                0x08004864       0x34 ./src/stm32f4xx_it.o
                0x08004864                SysTick_Handler
 .text.TIM3_IRQHandler
                0x08004898        0xc ./src/stm32f4xx_it.o
                0x08004898                TIM3_IRQHandler
 .text.USART1_IRQHandler
                0x080048a4        0xc ./src/stm32f4xx_it.o
                0x080048a4                USART1_IRQHandler
 .text.usart1Config
                0x080048b0       0xd4 ./src/usart1.o
                0x080048b0                usart1Config
 .text.DMA2_Stream7_IRQHandler
                0x08004984        0xc ./src/usart1.o
                0x08004984                DMA2_Stream7_IRQHandler
 .text.HAL_UART_RxCpltCallback
                0x08004990       0x40 ./src/usart1.o
                0x08004990                HAL_UART_RxCpltCallback
 .text.comandosUART
                0x080049d0      0x188 ./src/usart1.o
                0x080049d0                comandosUART
 .text._write   0x08004b58       0x18 ./src/usart1.o
                0x08004b58                _write
 .text._read    0x08004b70       0x18 ./src/usart1.o
                0x08004b70                _read
 .text.usbConfig
                0x08004b88        0x2 ./src/usb_user.o
                0x08004b88                usbConfig
 *fill*         0x08004b8a        0x2 
 .text.OTG_FS_IRQHandler
                0x08004b8c        0xc ./src/usb_user.o
                0x08004b8c                OTG_FS_IRQHandler
 .text.HAL_PCD_SetupStageCallback
                0x08004b98        0xe ./src/usbd_conf.o
                0x08004b98                HAL_PCD_SetupStageCallback
 .text.HAL_PCD_DataOutStageCallback
                0x08004ba6       0x12 ./src/usbd_conf.o
                0x08004ba6                HAL_PCD_DataOutStageCallback
 .text.HAL_PCD_DataInStageCallback
                0x08004bb8       0x10 ./src/usbd_conf.o
                0x08004bb8                HAL_PCD_DataInStageCallback
 .text.HAL_PCD_SOFCallback
                0x08004bc8        0x8 ./src/usbd_conf.o
                0x08004bc8                HAL_PCD_SOFCallback
 .text.HAL_PCD_ResetCallback
                0x08004bd0       0x20 ./src/usbd_conf.o
                0x08004bd0                HAL_PCD_ResetCallback
 .text.HAL_PCD_SuspendCallback
                0x08004bf0        0x8 ./src/usbd_conf.o
                0x08004bf0                HAL_PCD_SuspendCallback
 .text.HAL_PCD_ResumeCallback
                0x08004bf8        0x8 ./src/usbd_conf.o
                0x08004bf8                HAL_PCD_ResumeCallback
 .text.HAL_PCD_ISOOUTIncompleteCallback
                0x08004c00        0x8 ./src/usbd_conf.o
                0x08004c00                HAL_PCD_ISOOUTIncompleteCallback
 .text.HAL_PCD_ISOINIncompleteCallback
                0x08004c08        0x8 ./src/usbd_conf.o
                0x08004c08                HAL_PCD_ISOINIncompleteCallback
 .text.HAL_PCD_ConnectCallback
                0x08004c10        0x8 ./src/usbd_conf.o
                0x08004c10                HAL_PCD_ConnectCallback
 .text.HAL_PCD_DisconnectCallback
                0x08004c18        0x8 ./src/usbd_conf.o
                0x08004c18                HAL_PCD_DisconnectCallback
 .text.USBD_LL_OpenEP
                0x08004c20       0x14 ./src/usbd_conf.o
                0x08004c20                USBD_LL_OpenEP
 .text.USBD_LL_StallEP
                0x08004c34        0xe ./src/usbd_conf.o
                0x08004c34                USBD_LL_StallEP
 .text.USBD_LL_ClearStallEP
                0x08004c42        0xe ./src/usbd_conf.o
                0x08004c42                USBD_LL_ClearStallEP
 .text.USBD_LL_IsStallEP
                0x08004c50       0x26 ./src/usbd_conf.o
                0x08004c50                USBD_LL_IsStallEP
 .text.USBD_LL_SetUSBAddress
                0x08004c76        0xe ./src/usbd_conf.o
                0x08004c76                USBD_LL_SetUSBAddress
 .text.USBD_LL_Transmit
                0x08004c84        0xe ./src/usbd_conf.o
                0x08004c84                USBD_LL_Transmit
 .text.USBD_LL_PrepareReceive
                0x08004c92        0xe ./src/usbd_conf.o
                0x08004c92                USBD_LL_PrepareReceive
 .text.USBD_SetClassConfig
                0x08004ca0       0x16 ./USB/Core/Src/usbd_core.o
                0x08004ca0                USBD_SetClassConfig
 .text.USBD_ClrClassConfig
                0x08004cb6        0xe ./USB/Core/Src/usbd_core.o
                0x08004cb6                USBD_ClrClassConfig
 .text.USBD_LL_SetupStage
                0x08004cc4       0x5a ./USB/Core/Src/usbd_core.o
                0x08004cc4                USBD_LL_SetupStage
 .text.USBD_LL_DataOutStage
                0x08004d1e       0x60 ./USB/Core/Src/usbd_core.o
                0x08004d1e                USBD_LL_DataOutStage
 .text.USBD_LL_DataInStage
                0x08004d7e       0x88 ./USB/Core/Src/usbd_core.o
                0x08004d7e                USBD_LL_DataInStage
 .text.USBD_LL_Reset
                0x08004e06       0x3e ./USB/Core/Src/usbd_core.o
                0x08004e06                USBD_LL_Reset
 .text.USBD_LL_SetSpeed
                0x08004e44        0x6 ./USB/Core/Src/usbd_core.o
                0x08004e44                USBD_LL_SetSpeed
 .text.USBD_LL_Suspend
                0x08004e4a       0x12 ./USB/Core/Src/usbd_core.o
                0x08004e4a                USBD_LL_Suspend
 .text.USBD_LL_Resume
                0x08004e5c        0xc ./USB/Core/Src/usbd_core.o
                0x08004e5c                USBD_LL_Resume
 .text.USBD_LL_SOF
                0x08004e68       0x18 ./USB/Core/Src/usbd_core.o
                0x08004e68                USBD_LL_SOF
 .text.USBD_LL_IsoINIncomplete
                0x08004e80        0x4 ./USB/Core/Src/usbd_core.o
                0x08004e80                USBD_LL_IsoINIncomplete
 .text.USBD_LL_IsoOUTIncomplete
                0x08004e84        0x4 ./USB/Core/Src/usbd_core.o
                0x08004e84                USBD_LL_IsoOUTIncomplete
 .text.USBD_LL_DevConnected
                0x08004e88        0x4 ./USB/Core/Src/usbd_core.o
                0x08004e88                USBD_LL_DevConnected
 .text.USBD_LL_DevDisconnected
                0x08004e8c       0x16 ./USB/Core/Src/usbd_core.o
                0x08004e8c                USBD_LL_DevDisconnected
 .text.USBD_ParseSetupRequest
                0x08004ea2       0x28 ./USB/Core/Src/usbd_ctlreq.o
                0x08004ea2                USBD_ParseSetupRequest
 .text.USBD_CtlError
                0x08004eca       0x16 ./USB/Core/Src/usbd_ctlreq.o
                0x08004eca                USBD_CtlError
 .text.USBD_StdDevReq
                0x08004ee0      0x218 ./USB/Core/Src/usbd_ctlreq.o
                0x08004ee0                USBD_StdDevReq
 .text.USBD_StdItfReq
                0x080050f8       0x30 ./USB/Core/Src/usbd_ctlreq.o
                0x080050f8                USBD_StdItfReq
 .text.USBD_StdEPReq
                0x08005128       0xb2 ./USB/Core/Src/usbd_ctlreq.o
                0x08005128                USBD_StdEPReq
 .text.USBD_CtlSendData
                0x080051da       0x1c ./USB/Core/Src/usbd_ioreq.o
                0x080051da                USBD_CtlSendData
 .text.USBD_CtlContinueSendData
                0x080051f6       0x12 ./USB/Core/Src/usbd_ioreq.o
                0x080051f6                USBD_CtlContinueSendData
 .text.USBD_CtlContinueRx
                0x08005208       0x12 ./USB/Core/Src/usbd_ioreq.o
                0x08005208                USBD_CtlContinueRx
 .text.USBD_CtlSendStatus
                0x0800521a       0x16 ./USB/Core/Src/usbd_ioreq.o
                0x0800521a                USBD_CtlSendStatus
 .text.USBD_CtlReceiveStatus
                0x08005230       0x16 ./USB/Core/Src/usbd_ioreq.o
                0x08005230                USBD_CtlReceiveStatus
 *fill*         0x08005246        0x2 
 .text.sqrtf    0x08005248       0xb8 e:/arm_toolchains/gccarm/bin/../lib/gcc/arm-none-eabi/4.9.3/../../../../arm-none-eabi/lib/armv7e-m/fpu\libm.a(lib_a-wf_sqrt.o)
                0x08005248                sqrtf
 .text.__ieee754_sqrtf
                0x08005300       0xa4 e:/arm_toolchains/gccarm/bin/../lib/gcc/arm-none-eabi/4.9.3/../../../../arm-none-eabi/lib/armv7e-m/fpu\libm.a(lib_a-ef_sqrt.o)
                0x08005300                __ieee754_sqrtf
 .text.matherr  0x080053a4        0x4 e:/arm_toolchains/gccarm/bin/../lib/gcc/arm-none-eabi/4.9.3/../../../../arm-none-eabi/lib/armv7e-m/fpu\libm.a(lib_a-s_matherr.o)
                0x080053a4                matherr
 .text.__fpclassifyf
                0x080053a8       0x38 e:/arm_toolchains/gccarm/bin/../lib/gcc/arm-none-eabi/4.9.3/../../../../arm-none-eabi/lib/armv7e-m/fpu\libm.a(lib_a-sf_fpclassify.o)
                0x080053a8                __fpclassifyf
 .text          0x080053e0      0x370 e:/arm_toolchains/gccarm/bin/../lib/gcc/arm-none-eabi/4.9.3/armv7e-m/fpu\libgcc.a(_arm_addsubdf3.o)
                0x080053e0                __aeabi_drsub
                0x080053e8                __aeabi_dsub
                0x080053e8                __subdf3
                0x080053ec                __aeabi_dadd
                0x080053ec                __adddf3
                0x08005664                __floatunsidf
                0x08005664                __aeabi_ui2d
                0x08005684                __floatsidf
                0x08005684                __aeabi_i2d
                0x080056a8                __aeabi_f2d
                0x080056a8                __extendsfdf2
                0x080056e4                __floatundidf
                0x080056e4                __aeabi_ul2d
                0x080056f4                __floatdidf
                0x080056f4                __aeabi_l2d
 .text          0x08005750      0x424 e:/arm_toolchains/gccarm/bin/../lib/gcc/arm-none-eabi/4.9.3/armv7e-m/fpu\libgcc.a(_arm_muldivdf3.o)
                0x08005750                __aeabi_dmul
                0x08005750                __muldf3
                0x080059a4                __divdf3
                0x080059a4                __aeabi_ddiv
 .text          0x08005b74       0x50 e:/arm_toolchains/gccarm/bin/../lib/gcc/arm-none-eabi/4.9.3/armv7e-m/fpu\libgcc.a(_arm_fixdfsi.o)
                0x08005b74                __aeabi_d2iz
                0x08005b74                __fixdfsi
 .text          0x08005bc4       0xa0 e:/arm_toolchains/gccarm/bin/../lib/gcc/arm-none-eabi/4.9.3/armv7e-m/fpu\libgcc.a(_arm_truncdfsf2.o)
                0x08005bc4                __truncdfsf2
                0x08005bc4                __aeabi_d2f
 .text.atoi     0x08005c64        0x8 e:/arm_toolchains/gccarm/bin/../lib/gcc/arm-none-eabi/4.9.3/../../../../arm-none-eabi/lib/armv7e-m/fpu\libg_nano.a(lib_a-atoi.o)
                0x08005c64                atoi
 .text.__errno  0x08005c6c        0xc e:/arm_toolchains/gccarm/bin/../lib/gcc/arm-none-eabi/4.9.3/../../../../arm-none-eabi/lib/armv7e-m/fpu\libg_nano.a(lib_a-errno.o)
                0x08005c6c                __errno
 .text.malloc   0x08005c78       0x10 e:/arm_toolchains/gccarm/bin/../lib/gcc/arm-none-eabi/4.9.3/../../../../arm-none-eabi/lib/armv7e-m/fpu\libg_nano.a(lib_a-malloc.o)
                0x08005c78                malloc
 .text.memcpy   0x08005c88       0x16 e:/arm_toolchains/gccarm/bin/../lib/gcc/arm-none-eabi/4.9.3/../../../../arm-none-eabi/lib/armv7e-m/fpu\libg_nano.a(lib_a-memcpy.o)
                0x08005c88                memcpy
 .text.memset   0x08005c9e       0x10 e:/arm_toolchains/gccarm/bin/../lib/gcc/arm-none-eabi/4.9.3/../../../../arm-none-eabi/lib/armv7e-m/fpu\libg_nano.a(lib_a-memset.o)
                0x08005c9e                memset
 *fill*         0x08005cae        0x2 
 .text._free_r  0x08005cb0       0x88 e:/arm_toolchains/gccarm/bin/../lib/gcc/arm-none-eabi/4.9.3/../../../../arm-none-eabi/lib/armv7e-m/fpu\libg_nano.a(lib_a-nano-freer.o)
                0x08005cb0                _free_r
 .text._malloc_r
                0x08005d38       0xac e:/arm_toolchains/gccarm/bin/../lib/gcc/arm-none-eabi/4.9.3/../../../../arm-none-eabi/lib/armv7e-m/fpu\libg_nano.a(lib_a-nano-mallocr.o)
                0x08005d38                _malloc_r
 .text.printf   0x08005de4       0x30 e:/arm_toolchains/gccarm/bin/../lib/gcc/arm-none-eabi/4.9.3/../../../../arm-none-eabi/lib/armv7e-m/fpu\libg_nano.a(lib_a-printf.o)
                0x08005de4                iprintf
                0x08005de4                printf
 .text._puts_r  0x08005e14       0xbc e:/arm_toolchains/gccarm/bin/../lib/gcc/arm-none-eabi/4.9.3/../../../../arm-none-eabi/lib/armv7e-m/fpu\libg_nano.a(lib_a-puts.o)
                0x08005e14                _puts_r
 .text.puts     0x08005ed0       0x10 e:/arm_toolchains/gccarm/bin/../lib/gcc/arm-none-eabi/4.9.3/../../../../arm-none-eabi/lib/armv7e-m/fpu\libg_nano.a(lib_a-puts.o)
                0x08005ed0                puts
 .text._sbrk_r  0x08005ee0       0x20 e:/arm_toolchains/gccarm/bin/../lib/gcc/arm-none-eabi/4.9.3/../../../../arm-none-eabi/lib/armv7e-m/fpu\libg_nano.a(lib_a-sbrkr.o)
                0x08005ee0                _sbrk_r
 .text          0x08005f00       0x14 e:/arm_toolchains/gccarm/bin/../lib/gcc/arm-none-eabi/4.9.3/../../../../arm-none-eabi/lib/armv7e-m/fpu\libg_nano.a(lib_a-strcmp.o)
                0x08005f00                strcmp
 .text.strtok   0x08005f14       0x64 e:/arm_toolchains/gccarm/bin/../lib/gcc/arm-none-eabi/4.9.3/../../../../arm-none-eabi/lib/armv7e-m/fpu\libg_nano.a(lib_a-strtok.o)
                0x08005f14                strtok
 .text.__strtok_r
                0x08005f78       0x56 e:/arm_toolchains/gccarm/bin/../lib/gcc/arm-none-eabi/4.9.3/../../../../arm-none-eabi/lib/armv7e-m/fpu\libg_nano.a(lib_a-strtok_r.o)
                0x08005f78                __strtok_r
 *fill*         0x08005fce        0x2 
 .text._strtol_r
                0x08005fd0      0x10c e:/arm_toolchains/gccarm/bin/../lib/gcc/arm-none-eabi/4.9.3/../../../../arm-none-eabi/lib/armv7e-m/fpu\libg_nano.a(lib_a-strtol.o)
                0x08005fd0                _strtol_r
 .text.strtol   0x080060dc       0x1c e:/arm_toolchains/gccarm/bin/../lib/gcc/arm-none-eabi/4.9.3/../../../../arm-none-eabi/lib/armv7e-m/fpu\libg_nano.a(lib_a-strtol.o)
                0x080060dc                strtol
 .text.__swbuf_r
                0x080060f8       0xa8 e:/arm_toolchains/gccarm/bin/../lib/gcc/arm-none-eabi/4.9.3/../../../../arm-none-eabi/lib/armv7e-m/fpu\libg_nano.a(lib_a-wbuf.o)
                0x080060f8                __swbuf_r
 .text.__swsetup_r
                0x080061a0       0xd8 e:/arm_toolchains/gccarm/bin/../lib/gcc/arm-none-eabi/4.9.3/../../../../arm-none-eabi/lib/armv7e-m/fpu\libg_nano.a(lib_a-wsetup.o)
                0x080061a0                __swsetup_r
 .text.__sflush_r
                0x08006278      0x108 e:/arm_toolchains/gccarm/bin/../lib/gcc/arm-none-eabi/4.9.3/../../../../arm-none-eabi/lib/armv7e-m/fpu\libg_nano.a(lib_a-fflush.o)
                0x08006278                __sflush_r
 .text._fflush_r
                0x08006380       0x54 e:/arm_toolchains/gccarm/bin/../lib/gcc/arm-none-eabi/4.9.3/../../../../arm-none-eabi/lib/armv7e-m/fpu\libg_nano.a(lib_a-fflush.o)
                0x08006380                _fflush_r
 .text._cleanup_r
                0x080063d4        0xc e:/arm_toolchains/gccarm/bin/../lib/gcc/arm-none-eabi/4.9.3/../../../../arm-none-eabi/lib/armv7e-m/fpu\libg_nano.a(lib_a-findfp.o)
                0x080063d4                _cleanup_r
 .text.std.isra.0
                0x080063e0       0x48 e:/arm_toolchains/gccarm/bin/../lib/gcc/arm-none-eabi/4.9.3/../../../../arm-none-eabi/lib/armv7e-m/fpu\libg_nano.a(lib_a-findfp.o)
 .text.__sfmoreglue
                0x08006428       0x2c e:/arm_toolchains/gccarm/bin/../lib/gcc/arm-none-eabi/4.9.3/../../../../arm-none-eabi/lib/armv7e-m/fpu\libg_nano.a(lib_a-findfp.o)
                0x08006428                __sfmoreglue
 .text.__sinit  0x08006454       0x60 e:/arm_toolchains/gccarm/bin/../lib/gcc/arm-none-eabi/4.9.3/../../../../arm-none-eabi/lib/armv7e-m/fpu\libg_nano.a(lib_a-findfp.o)
                0x08006454                __sinit
 .text.__sfp    0x080064b4       0x74 e:/arm_toolchains/gccarm/bin/../lib/gcc/arm-none-eabi/4.9.3/../../../../arm-none-eabi/lib/armv7e-m/fpu\libg_nano.a(lib_a-findfp.o)
                0x080064b4                __sfp
 .text._fwalk_reent
                0x08006528       0x3c e:/arm_toolchains/gccarm/bin/../lib/gcc/arm-none-eabi/4.9.3/../../../../arm-none-eabi/lib/armv7e-m/fpu\libg_nano.a(lib_a-fwalk.o)
                0x08006528                _fwalk_reent
 .text.__smakebuf_r
                0x08006564       0x9c e:/arm_toolchains/gccarm/bin/../lib/gcc/arm-none-eabi/4.9.3/../../../../arm-none-eabi/lib/armv7e-m/fpu\libg_nano.a(lib_a-makebuf.o)
                0x08006564                __smakebuf_r
 .text.__sfputc_r
                0x08006600       0x2c e:/arm_toolchains/gccarm/bin/../lib/gcc/arm-none-eabi/4.9.3/../../../../arm-none-eabi/lib/armv7e-m/fpu\libg_nano.a(lib_a-nano-vfprintf.o)
 .text.__sfputs_r
                0x0800662c       0x24 e:/arm_toolchains/gccarm/bin/../lib/gcc/arm-none-eabi/4.9.3/../../../../arm-none-eabi/lib/armv7e-m/fpu\libg_nano.a(lib_a-nano-vfprintf.o)
                0x0800662c                __sfputs_r
 .text._vfprintf_r
                0x08006650      0x210 e:/arm_toolchains/gccarm/bin/../lib/gcc/arm-none-eabi/4.9.3/../../../../arm-none-eabi/lib/armv7e-m/fpu\libg_nano.a(lib_a-nano-vfprintf.o)
                0x08006650                _vfprintf_r
                0x08006650                _vfiprintf_r
 .text._printf_common
                0x08006860       0xea e:/arm_toolchains/gccarm/bin/../lib/gcc/arm-none-eabi/4.9.3/../../../../arm-none-eabi/lib/armv7e-m/fpu\libg_nano.a(lib_a-nano-vfprintf_i.o)
                0x08006860                _printf_common
 *fill*         0x0800694a        0x2 
 .text._printf_i
                0x0800694c      0x234 e:/arm_toolchains/gccarm/bin/../lib/gcc/arm-none-eabi/4.9.3/../../../../arm-none-eabi/lib/armv7e-m/fpu\libg_nano.a(lib_a-nano-vfprintf_i.o)
                0x0800694c                _printf_i
 .text.__sread  0x08006b80       0x22 e:/arm_toolchains/gccarm/bin/../lib/gcc/arm-none-eabi/4.9.3/../../../../arm-none-eabi/lib/armv7e-m/fpu\libg_nano.a(lib_a-stdio.o)
                0x08006b80                __sread
 .text.__swrite
                0x08006ba2       0x38 e:/arm_toolchains/gccarm/bin/../lib/gcc/arm-none-eabi/4.9.3/../../../../arm-none-eabi/lib/armv7e-m/fpu\libg_nano.a(lib_a-stdio.o)
                0x08006ba2                __swrite
 .text.__sseek  0x08006bda       0x24 e:/arm_toolchains/gccarm/bin/../lib/gcc/arm-none-eabi/4.9.3/../../../../arm-none-eabi/lib/armv7e-m/fpu\libg_nano.a(lib_a-stdio.o)
                0x08006bda                __sseek
 .text.__sclose
                0x08006bfe        0x8 e:/arm_toolchains/gccarm/bin/../lib/gcc/arm-none-eabi/4.9.3/../../../../arm-none-eabi/lib/armv7e-m/fpu\libg_nano.a(lib_a-stdio.o)
                0x08006bfe                __sclose
 *fill*         0x08006c06        0x2 
 .text._write_r
                0x08006c08       0x24 e:/arm_toolchains/gccarm/bin/../lib/gcc/arm-none-eabi/4.9.3/../../../../arm-none-eabi/lib/armv7e-m/fpu\libg_nano.a(lib_a-writer.o)
                0x08006c08                _write_r
 .text._close_r
                0x08006c2c       0x20 e:/arm_toolchains/gccarm/bin/../lib/gcc/arm-none-eabi/4.9.3/../../../../arm-none-eabi/lib/armv7e-m/fpu\libg_nano.a(lib_a-closer.o)
                0x08006c2c                _close_r
 .text._fstat_r
                0x08006c4c       0x24 e:/arm_toolchains/gccarm/bin/../lib/gcc/arm-none-eabi/4.9.3/../../../../arm-none-eabi/lib/armv7e-m/fpu\libg_nano.a(lib_a-fstatr.o)
                0x08006c4c                _fstat_r
 .text._isatty_r
                0x08006c70       0x20 e:/arm_toolchains/gccarm/bin/../lib/gcc/arm-none-eabi/4.9.3/../../../../arm-none-eabi/lib/armv7e-m/fpu\libg_nano.a(lib_a-isattyr.o)
                0x08006c70                _isatty_r
 .text._lseek_r
                0x08006c90       0x24 e:/arm_toolchains/gccarm/bin/../lib/gcc/arm-none-eabi/4.9.3/../../../../arm-none-eabi/lib/armv7e-m/fpu\libg_nano.a(lib_a-lseekr.o)
                0x08006c90                _lseek_r
 .text.memchr   0x08006cb4       0x1e e:/arm_toolchains/gccarm/bin/../lib/gcc/arm-none-eabi/4.9.3/../../../../arm-none-eabi/lib/armv7e-m/fpu\libg_nano.a(lib_a-memchr.o)
                0x08006cb4                memchr
 *fill*         0x08006cd2        0x2 
 .text._read_r  0x08006cd4       0x24 e:/arm_toolchains/gccarm/bin/../lib/gcc/arm-none-eabi/4.9.3/../../../../arm-none-eabi/lib/armv7e-m/fpu\libg_nano.a(lib_a-readr.o)
                0x08006cd4                _read_r
 *(.rodata .rodata.* .constdata .constdata.*)
 .rodata.APBAHBPrescTable
                0x08006cf8       0x10 ./system/src/stm32f4-hal/stm32f4xx_hal_rcc.o
                0x08006cf8                APBAHBPrescTable
 .rodata.LEDS_PIN
                0x08006d08        0xa ./src/leds.o
                0x08006d08                LEDS_PIN
 .rodata.str1.1
                0x08006d12       0x10 ./src/main.o
 .rodata.MOTORES_PIN
                0x08006d22        0xa ./src/motores.o
                0x08006d22                MOTORES_PIN
 .rodata.RECEPTORES_PIN
                0x08006d2c       0x14 ./src/sensores.o
                0x08006d2c                RECEPTORES_PIN
 .rodata.EMISSORES_PIN
                0x08006d40        0x8 ./src/sensores.o
                0x08006d40                EMISSORES_PIN
 .rodata.ANALOGICAS_PIN
                0x08006d48        0x6 ./src/sensores.o
                0x08006d48                ANALOGICAS_PIN
 .rodata.str1.1
                0x08006d4e       0xb4 ./src/usart1.o
 *fill*         0x08006e02        0x2 
 .rodata.str1.4
                0x08006e04        0x8 e:/arm_toolchains/gccarm/bin/../lib/gcc/arm-none-eabi/4.9.3/../../../../arm-none-eabi/lib/armv7e-m/fpu\libm.a(lib_a-wf_sqrt.o)
 .rodata.str1.1
                0x08006e0c        0x2 e:/arm_toolchains/gccarm/bin/../lib/gcc/arm-none-eabi/4.9.3/../../../../arm-none-eabi/lib/armv7e-m/fpu\libg_nano.a(lib_a-impure.o)
 *fill*         0x08006e0e        0x2 
 .rodata._global_impure_ptr
                0x08006e10        0x4 e:/arm_toolchains/gccarm/bin/../lib/gcc/arm-none-eabi/4.9.3/../../../../arm-none-eabi/lib/armv7e-m/fpu\libg_nano.a(lib_a-impure.o)
                0x08006e10                _global_impure_ptr
 .rodata._ctype_
                0x08006e14      0x101 e:/arm_toolchains/gccarm/bin/../lib/gcc/arm-none-eabi/4.9.3/../../../../arm-none-eabi/lib/armv7e-m/fpu\libg_nano.a(lib_a-ctype_.o)
                0x08006e14                _ctype_
 *fill*         0x08006f15        0x3 
 .rodata.__sf_fake_stdin
                0x08006f18       0x20 e:/arm_toolchains/gccarm/bin/../lib/gcc/arm-none-eabi/4.9.3/../../../../arm-none-eabi/lib/armv7e-m/fpu\libg_nano.a(lib_a-findfp.o)
                0x08006f18                __sf_fake_stdin
 .rodata.__sf_fake_stdout
                0x08006f38       0x20 e:/arm_toolchains/gccarm/bin/../lib/gcc/arm-none-eabi/4.9.3/../../../../arm-none-eabi/lib/armv7e-m/fpu\libg_nano.a(lib_a-findfp.o)
                0x08006f38                __sf_fake_stdout
 .rodata.__sf_fake_stderr
                0x08006f58       0x20 e:/arm_toolchains/gccarm/bin/../lib/gcc/arm-none-eabi/4.9.3/../../../../arm-none-eabi/lib/armv7e-m/fpu\libg_nano.a(lib_a-findfp.o)
                0x08006f58                __sf_fake_stderr
 .rodata.str1.1
                0x08006f78       0x11 e:/arm_toolchains/gccarm/bin/../lib/gcc/arm-none-eabi/4.9.3/../../../../arm-none-eabi/lib/armv7e-m/fpu\libg_nano.a(lib_a-nano-vfprintf.o)
 .rodata.str1.1
                0x08006f89       0x22 e:/arm_toolchains/gccarm/bin/../lib/gcc/arm-none-eabi/4.9.3/../../../../arm-none-eabi/lib/armv7e-m/fpu\libg_nano.a(lib_a-nano-vfprintf_i.o)
 *(vtable)
 *(.eh_frame*)
 *fill*         0x08006fab        0x1 
 .eh_frame      0x08006fac       0x28 e:/arm_toolchains/gccarm/bin/../lib/gcc/arm-none-eabi/4.9.3/../../../../arm-none-eabi/lib/armv7e-m/fpu\libg_nano.a(lib_a-strcmp.o)
 *(.glue_7)
 .glue_7        0x00000000        0x0 linker stubs
 *(.glue_7t)
 .glue_7t       0x00000000        0x0 linker stubs

.vfp11_veneer   0x08006fd4        0x0
 .vfp11_veneer  0x00000000        0x0 linker stubs

.v4_bx          0x08006fd4        0x0
 .v4_bx         0x00000000        0x0 linker stubs

.iplt           0x08006fd4        0x0
 .iplt          0x00000000        0x0 ./system/src/stm32f4-hal/stm32f4xx_hal.o

.rel.dyn        0x08006fd4        0x0
 .rel.iplt      0x00000000        0x0 ./system/src/stm32f4-hal/stm32f4xx_hal.o

.ARM.extab
 *(.ARM.extab* .gnu.linkonce.armextab.*)
                0x08006fd4                . = ALIGN (0x4)
                0x08006fd4                __exidx_start = .

.ARM.exidx
 *(.ARM.exidx* .gnu.linkonce.armexidx.*)
                0x08006fd4                __exidx_end = .
                0x08006fd4                . = ALIGN (0x4)
                0x08006fd4                _etext = .
                0x08006fd4                __etext = .

.data_CCMRAM    0x10000000        0x0 load address 0x08006fd4
 FILL mask 0xff
 *(.data.CCMRAM .data.CCMRAM.*)
                0x10000000                . = ALIGN (0x4)
                0x08006fd4                _sidata = LOADADDR (.data)

.data           0x20000000       0xe4 load address 0x08006fd4
 FILL mask 0xff
                0x20000000                _sdata = .
                0x20000000                __data_start__ = .
 *(.data_begin .data_begin.*)
 *(.data .data.*)
 .data.argv.4510
                0x20000000        0x8 ./system/src/newlib/_syscalls.o
 .data.SystemCoreClock
                0x20000008        0x4 ./system/src/cmsis/system_stm32f4xx.o
                0x20000008                SystemCoreClock
 .data.LEDS_PORT
                0x2000000c       0x14 ./src/leds.o
                0x2000000c                LEDS_PORT
 .data.MOTORES_PORT
                0x20000020       0x14 ./src/motores.o
                0x20000020                MOTORES_PORT
 .data.EMISSORES_PORT
                0x20000034       0x10 ./src/sensores.o
                0x20000034                EMISSORES_PORT
 .data.ANALOGICAS_PORT
                0x20000044        0xc ./src/sensores.o
                0x20000044                ANALOGICAS_PORT
 .data.RECEPTORES_PORT
                0x20000050       0x28 ./src/sensores.o
                0x20000050                RECEPTORES_PORT
 .data.useSensorFeedback
                0x20000078        0x1 ./src/speed_control.o
                0x20000078                useSensorFeedback
 .data.__fdlib_version
                0x20000079        0x1 e:/arm_toolchains/gccarm/bin/../lib/gcc/arm-none-eabi/4.9.3/../../../../arm-none-eabi/lib/armv7e-m/fpu\libm.a(lib_a-s_lib_ver.o)
                0x20000079                __fdlib_version
 *fill*         0x2000007a        0x2 
 .data.impure_data
                0x2000007c       0x60 e:/arm_toolchains/gccarm/bin/../lib/gcc/arm-none-eabi/4.9.3/../../../../arm-none-eabi/lib/armv7e-m/fpu\libg_nano.a(lib_a-impure.o)
 .data._impure_ptr
                0x200000dc        0x4 e:/arm_toolchains/gccarm/bin/../lib/gcc/arm-none-eabi/4.9.3/../../../../arm-none-eabi/lib/armv7e-m/fpu\libg_nano.a(lib_a-impure.o)
                0x200000dc                _impure_ptr
 .data.__ctype_ptr__
                0x200000e0        0x4 e:/arm_toolchains/gccarm/bin/../lib/gcc/arm-none-eabi/4.9.3/../../../../arm-none-eabi/lib/armv7e-m/fpu\libg_nano.a(lib_a-ctype_.o)
                0x200000e0                __ctype_ptr__
 *(.data_end .data_end.*)
                0x200000e4                . = ALIGN (0x4)
                0x200000e4                _edata = .
                0x200000e4                __data_end__ = .

.igot.plt       0x200000e4        0x0 load address 0x080070b8
 .igot.plt      0x00000000        0x0 ./system/src/stm32f4-hal/stm32f4xx_hal.o

.bss_CCMRAM     0x10000000        0x0
 *(.bss.CCMRAM .bss.CCMRAM.*)

.bss            0x200000e4      0xe80
                0x200000e4                __bss_start__ = .
                0x200000e4                _sbss = .
 *(.bss_begin .bss_begin.*)
 *(.bss .bss.*)
 .bss.uwTick    0x200000e4        0x4 ./system/src/stm32f4-hal/stm32f4xx_hal.o
 .bss.current_heap_end.4304
                0x200000e8        0x4 ./system/src/newlib/_sbrk.o
 .bss.name.4509
                0x200000ec        0x1 ./system/src/newlib/_syscalls.o
 *fill*         0x200000ed        0x3 
 .bss.ticks     0x200000f0        0x4 ./src/main.o
                0x200000f0                ticks
 .bss.run       0x200000f4        0x1 ./src/main.o
                0x200000f4                run
 *fill*         0x200000f5        0x3 
 .bss.acumulator_aSpeed
                0x200000f8        0x4 ./src/sensores.o
                0x200000f8                acumulator_aSpeed
 .bss.marker_corner.11490
                0x200000fc        0x4 ./src/sensores.o
 .bss.marker_start_goal.11491
                0x20000100        0x4 ./src/sensores.o
 .bss.numSamplesGyro
                0x20000104        0x4 ./src/sensores.o
                0x20000104                numSamplesGyro
 .bss.valid_marker
                0x20000108        0x1 ./src/sensores.o
                0x20000108                valid_marker
 .bss.marker_intersection.11492
                0x20000109        0x1 ./src/sensores.o
 *fill*         0x2000010a        0x2 
 .bss.flag_run  0x2000010c        0x4 ./src/sensores.o
                0x2000010c                flag_run
 .bss.fmarker.11493
                0x20000110        0x1 ./src/sensores.o
 *fill*         0x20000111        0x3 
 .bss.rightEncoderChange
                0x20000114        0x4 ./src/speed_control.o
                0x20000114                rightEncoderChange
 .bss.bufferDistances
                0x20000118       0xa0 ./src/speed_control.o
                0x20000118                bufferDistances
 .bss.numSpeedW
                0x200001b8        0x4 ./src/speed_control.o
                0x200001b8                numSpeedW
 .bss.encoderChange
                0x200001bc        0x4 ./src/speed_control.o
                0x200001bc                encoderChange
 .bss.useEncoderFeedback
                0x200001c0        0x1 ./src/speed_control.o
                0x200001c0                useEncoderFeedback
 *fill*         0x200001c1        0x3 
 .bss.distance  0x200001c4        0x4 ./src/speed_control.o
                0x200001c4                distance
 .bss.decX      0x200001c8        0x4 ./src/speed_control.o
                0x200001c8                decX
 .bss.rightEncoderOld
                0x200001cc        0x4 ./src/speed_control.o
                0x200001cc                rightEncoderOld
 .bss.endSpeedX
                0x200001d0        0x4 ./src/speed_control.o
                0x200001d0                endSpeedX
 .bss.accumulatorSpeedW
                0x200001d4        0x4 ./src/speed_control.o
                0x200001d4                accumulatorSpeedW
 .bss.distanceLeft
                0x200001d8        0x4 ./src/speed_control.o
                0x200001d8                distanceLeft
 .bss.bufferSpeedWout
                0x200001dc       0xa0 ./src/speed_control.o
                0x200001dc                bufferSpeedWout
 .bss.oldPosErrorX
                0x2000027c        0x4 ./src/speed_control.o
                0x2000027c                oldPosErrorX
 .bss.accW      0x20000280        0x4 ./src/speed_control.o
                0x20000280                accW
 .bss.num_run   0x20000284        0x1 ./src/speed_control.o
                0x20000284                num_run
 *fill*         0x20000285        0x3 
 .bss.bufferSpeedsWm
                0x20000288       0xa0 ./src/speed_control.o
                0x20000288                bufferSpeedsWm
 .bss.endSpeedW
                0x20000328        0x4 ./src/speed_control.o
                0x20000328                endSpeedW
 .bss.useGyroFeedback
                0x2000032c        0x1 ./src/speed_control.o
                0x2000032c                useGyroFeedback
 *fill*         0x2000032d        0x3 
 .bss.oldPosErrorW
                0x20000330        0x4 ./src/speed_control.o
                0x20000330                oldPosErrorW
 .bss.leftEncoderCount
                0x20000334        0x4 ./src/speed_control.o
                0x20000334                leftEncoderCount
 .bss.bufferSpeedXout
                0x20000338       0xa0 ./src/speed_control.o
                0x20000338                bufferSpeedXout
 .bss.leftEncoderOld
                0x200003d8        0x4 ./src/speed_control.o
                0x200003d8                leftEncoderOld
 .bss.oldDistance.11523
                0x200003dc        0x4 ./src/speed_control.o
 .bss.index_buffer_sector
                0x200003e0        0x1 ./src/speed_control.o
                0x200003e0                index_buffer_sector
 *fill*         0x200003e1        0x3 
 .bss.rightEncoderCount
                0x200003e4        0x4 ./src/speed_control.o
                0x200003e4                rightEncoderCount
 .bss.targetSpeedW
                0x200003e8        0x4 ./src/speed_control.o
                0x200003e8                targetSpeedW
 .bss.targetSpeedX
                0x200003ec        0x4 ./src/speed_control.o
                0x200003ec                targetSpeedX
 .bss.posErrorW
                0x200003f0        0x4 ./src/speed_control.o
                0x200003f0                posErrorW
 .bss.posErrorX
                0x200003f4        0x4 ./src/speed_control.o
                0x200003f4                posErrorX
 .bss.leftEncoderChange
                0x200003f8        0x4 ./src/speed_control.o
                0x200003f8                leftEncoderChange
 .bss.curSpeedW
                0x200003fc        0x4 ./src/speed_control.o
                0x200003fc                curSpeedW
 .bss.curSpeedX
                0x20000400        0x4 ./src/speed_control.o
                0x20000400                curSpeedX
 .bss.rotationalFeedback
                0x20000404        0x4 ./src/speed_control.o
                0x20000404                rotationalFeedback
 .bss.oldSensorError
                0x20000408        0x4 ./src/speed_control.o
                0x20000408                oldSensorError
 .bss.decW      0x2000040c        0x4 ./src/speed_control.o
                0x2000040c                decW
 .bss.accX      0x20000410        0x4 ./src/speed_control.o
                0x20000410                accX
 .bss.encoderCount
                0x20000414        0x4 ./src/speed_control.o
                0x20000414                encoderCount
 .bss.i.11468   0x20000418        0x4 ./src/usart1.o
 .bss.rx_available
                0x2000041c        0x4 ./src/usart1.o
                0x2000041c                rx_available
 .bss.pos.11462
                0x20000420        0x4 ./src/usart1.o
 .bss.cfgidx.10693
                0x20000424        0x1 ./USB/Core/Src/usbd_ctlreq.o
 *fill*         0x20000425        0x3 
 .bss.__malloc_sbrk_start
                0x20000428        0x4 e:/arm_toolchains/gccarm/bin/../lib/gcc/arm-none-eabi/4.9.3/../../../../arm-none-eabi/lib/armv7e-m/fpu\libg_nano.a(lib_a-nano-mallocr.o)
                0x20000428                __malloc_sbrk_start
 .bss.__malloc_free_list
                0x2000042c        0x4 e:/arm_toolchains/gccarm/bin/../lib/gcc/arm-none-eabi/4.9.3/../../../../arm-none-eabi/lib/armv7e-m/fpu\libg_nano.a(lib_a-nano-mallocr.o)
                0x2000042c                __malloc_free_list
 *(COMMON)
 COMMON         0x20000430       0x1c ./system/src/stm32f4-hal/stm32f4xx_hal_flash.o
                0x20000430                pFlash
 COMMON         0x2000044c        0x4 ./system/src/newlib/_syscalls.o
                0x2000044c                errno
 COMMON         0x20000450        0x4 ./src/buzzer.o
                0x20000450                buzzerTime
 COMMON         0x20000454       0x78 ./src/encoders.o
                0x20000454                htim5
                0x20000490                htim2
 COMMON         0x200004cc       0x2c ./src/main.o
                0x200004cc                param_topSpeed1
                0x200004d0                param_pid_kp
                0x200004d4                param_accC2
                0x200004d8                param_scale_gyro
                0x200004dc                param_accC1
                0x200004e0                param_accX1
                0x200004e4                param_pid_kd
                0x200004e8                param_speedX_med
                0x200004ec                param_scale_sensor
                0x200004f0                param_topSpeed2
                0x200004f4                param_accX2
 COMMON         0x200004f8       0x3c ./src/motores.o
                0x200004f8                TimHandle
 COMMON         0x20000534       0x44 ./src/sensores.o
                0x20000534                hadc1
 COMMON         0x20000578      0x548 ./src/speed_control.o
                0x20000578                buf_temp
                0x20000758                htim3
                0x20000794                encoderFeedbackX
                0x20000798                bufferLFT
                0x20000abc                encoderFeedbackW
 COMMON         0x20000ac0       0xf4 ./src/usart1.o
                0x20000ac0                RxByte
                0x20000ac4                huart1
                0x20000b00                hdma_tx
                0x20000b50                RxBuffer
 COMMON         0x20000bb4      0x3b0 ./src/usbd_conf.o
                0x20000bb4                hpcd
 *(.bss_end .bss_end.*)
                0x20000f64                . = ALIGN (0x4)
                0x20000f64                __bss_end__ = .
                0x20000f64                _ebss = .

.noinit_CCMRAM
 *(.noinit.CCMRAM .noinit.CCMRAM.*)

.noinit         0x20000f64        0x0
                0x20000f64                _noinit = .
 *(.noinit .noinit.*)
                0x20000f64                . = ALIGN (0x4)
                0x20000f64                _end_noinit = .
                0x20000f64                PROVIDE (end, _end_noinit)
                0x20000f64                PROVIDE (_end, _end_noinit)
                0x20000f64                PROVIDE (__end, _end_noinit)
                0x20000f64                PROVIDE (__end__, _end_noinit)

._check_stack   0x20000f64      0x100
                0x20001064                . = (. + _Minimum_Stack_Size)
 *fill*         0x20000f64      0x100 

.b1text
 *(.b1text)
 *(.b1rodata)
 *(.b1rodata.*)

.eb0text
 *(.eb0text)
 *(.eb0rodata)
 *(.eb0rodata.*)

.eb1text
 *(.eb1text)
 *(.eb1rodata)
 *(.eb1rodata.*)

.eb2text
 *(.eb2text)
 *(.eb2rodata)
 *(.eb2rodata.*)

.eb3text
 *(.eb3text)
 *(.eb3rodata)
 *(.eb3rodata.*)

.stab
 *(.stab)

.stabstr
 *(.stabstr)

.stab.excl
 *(.stab.excl)

.stab.exclstr
 *(.stab.exclstr)

.stab.index
 *(.stab.index)

.stab.indexstr
 *(.stab.indexstr)

.comment        0x00000000       0x70
 *(.comment)
 .comment       0x00000000       0x70 ./system/src/stm32f4-hal/stm32f4xx_hal.o
                                 0x71 (size before relaxing)
 .comment       0x00000000       0x71 ./system/src/stm32f4-hal/stm32f4xx_hal_adc.o
 .comment       0x00000000       0x71 ./system/src/stm32f4-hal/stm32f4xx_hal_cortex.o
 .comment       0x00000000       0x71 ./system/src/stm32f4-hal/stm32f4xx_hal_dma.o
 .comment       0x00000000       0x71 ./system/src/stm32f4-hal/stm32f4xx_hal_flash.o
 .comment       0x00000000       0x71 ./system/src/stm32f4-hal/stm32f4xx_hal_flash_ex.o
 .comment       0x00000000       0x71 ./system/src/stm32f4-hal/stm32f4xx_hal_gpio.o
 .comment       0x00000000       0x71 ./system/src/stm32f4-hal/stm32f4xx_hal_pcd.o
 .comment       0x00000000       0x71 ./system/src/stm32f4-hal/stm32f4xx_hal_rcc.o
 .comment       0x00000000       0x71 ./system/src/stm32f4-hal/stm32f4xx_hal_tim.o
 .comment       0x00000000       0x71 ./system/src/stm32f4-hal/stm32f4xx_hal_tim_ex.o
 .comment       0x00000000       0x71 ./system/src/stm32f4-hal/stm32f4xx_hal_uart.o
 .comment       0x00000000       0x71 ./system/src/stm32f4-hal/stm32f4xx_ll_usb.o
 .comment       0x00000000       0x71 ./system/src/newlib/_exit.o
 .comment       0x00000000       0x71 ./system/src/newlib/_sbrk.o
 .comment       0x00000000       0x71 ./system/src/newlib/_startup.o
 .comment       0x00000000       0x71 ./system/src/newlib/_syscalls.o
 .comment       0x00000000       0x71 ./system/src/cortexm/_initialize_hardware.o
 .comment       0x00000000       0x71 ./system/src/cortexm/_reset_hardware.o
 .comment       0x00000000       0x71 ./system/src/cortexm/exception_handlers.o
 .comment       0x00000000       0x71 ./system/src/cmsis/system_stm32f4xx.o
 .comment       0x00000000       0x71 ./system/src/cmsis/vectors_stm32f4xx.o
 .comment       0x00000000       0x71 ./src/_initialize_hardware.o
 .comment       0x00000000       0x71 ./src/botao.o
 .comment       0x00000000       0x71 ./src/buzzer.o
 .comment       0x00000000       0x71 ./src/delays.o
 .comment       0x00000000       0x71 ./src/encoders.o
 .comment       0x00000000       0x71 ./src/flash.o
 .comment       0x00000000       0x71 ./src/leds.o
 .comment       0x00000000       0x71 ./src/main.o
 .comment       0x00000000       0x71 ./src/motores.o
 .comment       0x00000000       0x71 ./src/sensores.o
 .comment       0x00000000       0x71 ./src/speed_control.o
 .comment       0x00000000       0x71 ./src/stm32f4xx_it.o
 .comment       0x00000000       0x71 ./src/usart1.o
 .comment       0x00000000       0x71 ./src/usb_user.o
 .comment       0x00000000       0x71 ./src/usbd_conf.o
 .comment       0x00000000       0x71 ./USB/Core/Src/usbd_core.o
 .comment       0x00000000       0x71 ./USB/Core/Src/usbd_ctlreq.o
 .comment       0x00000000       0x71 ./USB/Core/Src/usbd_ioreq.o

.ARM.attributes
                0x00000000       0x37
 .ARM.attributes
                0x00000000       0x39 ./system/src/stm32f4-hal/stm32f4xx_hal.o
 .ARM.attributes
                0x00000039       0x39 ./system/src/stm32f4-hal/stm32f4xx_hal_adc.o
 .ARM.attributes
                0x00000072       0x39 ./system/src/stm32f4-hal/stm32f4xx_hal_cortex.o
 .ARM.attributes
                0x000000ab       0x39 ./system/src/stm32f4-hal/stm32f4xx_hal_dma.o
 .ARM.attributes
                0x000000e4       0x39 ./system/src/stm32f4-hal/stm32f4xx_hal_flash.o
 .ARM.attributes
                0x0000011d       0x39 ./system/src/stm32f4-hal/stm32f4xx_hal_flash_ex.o
 .ARM.attributes
                0x00000156       0x39 ./system/src/stm32f4-hal/stm32f4xx_hal_gpio.o
 .ARM.attributes
                0x0000018f       0x39 ./system/src/stm32f4-hal/stm32f4xx_hal_pcd.o
 .ARM.attributes
                0x000001c8       0x39 ./system/src/stm32f4-hal/stm32f4xx_hal_rcc.o
 .ARM.attributes
                0x00000201       0x39 ./system/src/stm32f4-hal/stm32f4xx_hal_tim.o
 .ARM.attributes
                0x0000023a       0x39 ./system/src/stm32f4-hal/stm32f4xx_hal_tim_ex.o
 .ARM.attributes
                0x00000273       0x39 ./system/src/stm32f4-hal/stm32f4xx_hal_uart.o
 .ARM.attributes
                0x000002ac       0x39 ./system/src/stm32f4-hal/stm32f4xx_ll_usb.o
 .ARM.attributes
                0x000002e5       0x39 ./system/src/newlib/_exit.o
 .ARM.attributes
                0x0000031e       0x39 ./system/src/newlib/_sbrk.o
 .ARM.attributes
                0x00000357       0x39 ./system/src/newlib/_startup.o
 .ARM.attributes
                0x00000390       0x39 ./system/src/newlib/_syscalls.o
 .ARM.attributes
                0x000003c9       0x39 ./system/src/cortexm/_initialize_hardware.o
 .ARM.attributes
                0x00000402       0x39 ./system/src/cortexm/_reset_hardware.o
 .ARM.attributes
                0x0000043b       0x39 ./system/src/cortexm/exception_handlers.o
 .ARM.attributes
                0x00000474       0x39 ./system/src/cmsis/system_stm32f4xx.o
 .ARM.attributes
                0x000004ad       0x39 ./system/src/cmsis/vectors_stm32f4xx.o
 .ARM.attributes
                0x000004e6       0x39 ./src/_initialize_hardware.o
 .ARM.attributes
                0x0000051f       0x39 ./src/botao.o
 .ARM.attributes
                0x00000558       0x39 ./src/buzzer.o
 .ARM.attributes
                0x00000591       0x39 ./src/delays.o
 .ARM.attributes
                0x000005ca       0x39 ./src/encoders.o
 .ARM.attributes
                0x00000603       0x39 ./src/flash.o
 .ARM.attributes
                0x0000063c       0x39 ./src/leds.o
 .ARM.attributes
                0x00000675       0x39 ./src/main.o
 .ARM.attributes
                0x000006ae       0x39 ./src/motores.o
 .ARM.attributes
                0x000006e7       0x39 ./src/sensores.o
 .ARM.attributes
                0x00000720       0x39 ./src/speed_control.o
 .ARM.attributes
                0x00000759       0x39 ./src/stm32f4xx_it.o
 .ARM.attributes
                0x00000792       0x39 ./src/usart1.o
 .ARM.attributes
                0x000007cb       0x39 ./src/usb_user.o
 .ARM.attributes
                0x00000804       0x39 ./src/usbd_conf.o
 .ARM.attributes
                0x0000083d       0x39 ./USB/Core/Src/usbd_core.o
 .ARM.attributes
                0x00000876       0x39 ./USB/Core/Src/usbd_ctlreq.o
 .ARM.attributes
                0x000008af       0x39 ./USB/Core/Src/usbd_ioreq.o
 .ARM.attributes
                0x000008e8       0x34 e:/arm_toolchains/gccarm/bin/../lib/gcc/arm-none-eabi/4.9.3/../../../../arm-none-eabi/lib/armv7e-m/fpu\libm.a(lib_a-wf_sqrt.o)
 .ARM.attributes
                0x0000091c       0x34 e:/arm_toolchains/gccarm/bin/../lib/gcc/arm-none-eabi/4.9.3/../../../../arm-none-eabi/lib/armv7e-m/fpu\libm.a(lib_a-ef_sqrt.o)
 .ARM.attributes
                0x00000950       0x34 e:/arm_toolchains/gccarm/bin/../lib/gcc/arm-none-eabi/4.9.3/../../../../arm-none-eabi/lib/armv7e-m/fpu\libm.a(lib_a-s_lib_ver.o)
 .ARM.attributes
                0x00000984       0x34 e:/arm_toolchains/gccarm/bin/../lib/gcc/arm-none-eabi/4.9.3/../../../../arm-none-eabi/lib/armv7e-m/fpu\libm.a(lib_a-s_matherr.o)
 .ARM.attributes
                0x000009b8       0x34 e:/arm_toolchains/gccarm/bin/../lib/gcc/arm-none-eabi/4.9.3/../../../../arm-none-eabi/lib/armv7e-m/fpu\libm.a(lib_a-sf_fpclassify.o)
 .ARM.attributes
                0x000009ec       0x22 e:/arm_toolchains/gccarm/bin/../lib/gcc/arm-none-eabi/4.9.3/armv7e-m/fpu\libgcc.a(_arm_addsubdf3.o)
 .ARM.attributes
                0x00000a0e       0x22 e:/arm_toolchains/gccarm/bin/../lib/gcc/arm-none-eabi/4.9.3/armv7e-m/fpu\libgcc.a(_arm_muldivdf3.o)
 .ARM.attributes
                0x00000a30       0x22 e:/arm_toolchains/gccarm/bin/../lib/gcc/arm-none-eabi/4.9.3/armv7e-m/fpu\libgcc.a(_arm_fixdfsi.o)
 .ARM.attributes
                0x00000a52       0x22 e:/arm_toolchains/gccarm/bin/../lib/gcc/arm-none-eabi/4.9.3/armv7e-m/fpu\libgcc.a(_arm_truncdfsf2.o)
 .ARM.attributes
                0x00000a74       0x34 e:/arm_toolchains/gccarm/bin/../lib/gcc/arm-none-eabi/4.9.3/../../../../arm-none-eabi/lib/armv7e-m/fpu\libg_nano.a(lib_a-atoi.o)
 .ARM.attributes
                0x00000aa8       0x34 e:/arm_toolchains/gccarm/bin/../lib/gcc/arm-none-eabi/4.9.3/../../../../arm-none-eabi/lib/armv7e-m/fpu\libg_nano.a(lib_a-errno.o)
 .ARM.attributes
                0x00000adc       0x34 e:/arm_toolchains/gccarm/bin/../lib/gcc/arm-none-eabi/4.9.3/../../../../arm-none-eabi/lib/armv7e-m/fpu\libg_nano.a(lib_a-impure.o)
 .ARM.attributes
                0x00000b10       0x34 e:/arm_toolchains/gccarm/bin/../lib/gcc/arm-none-eabi/4.9.3/../../../../arm-none-eabi/lib/armv7e-m/fpu\libg_nano.a(lib_a-malloc.o)
 .ARM.attributes
                0x00000b44       0x34 e:/arm_toolchains/gccarm/bin/../lib/gcc/arm-none-eabi/4.9.3/../../../../arm-none-eabi/lib/armv7e-m/fpu\libg_nano.a(lib_a-memcpy.o)
 .ARM.attributes
                0x00000b78       0x34 e:/arm_toolchains/gccarm/bin/../lib/gcc/arm-none-eabi/4.9.3/../../../../arm-none-eabi/lib/armv7e-m/fpu\libg_nano.a(lib_a-memset.o)
 .ARM.attributes
                0x00000bac       0x34 e:/arm_toolchains/gccarm/bin/../lib/gcc/arm-none-eabi/4.9.3/../../../../arm-none-eabi/lib/armv7e-m/fpu\libg_nano.a(lib_a-nano-freer.o)
 .ARM.attributes
                0x00000be0       0x34 e:/arm_toolchains/gccarm/bin/../lib/gcc/arm-none-eabi/4.9.3/../../../../arm-none-eabi/lib/armv7e-m/fpu\libg_nano.a(lib_a-nano-mallocr.o)
 .ARM.attributes
                0x00000c14       0x34 e:/arm_toolchains/gccarm/bin/../lib/gcc/arm-none-eabi/4.9.3/../../../../arm-none-eabi/lib/armv7e-m/fpu\libg_nano.a(lib_a-printf.o)
 .ARM.attributes
                0x00000c48       0x34 e:/arm_toolchains/gccarm/bin/../lib/gcc/arm-none-eabi/4.9.3/../../../../arm-none-eabi/lib/armv7e-m/fpu\libg_nano.a(lib_a-puts.o)
 .ARM.attributes
                0x00000c7c       0x34 e:/arm_toolchains/gccarm/bin/../lib/gcc/arm-none-eabi/4.9.3/../../../../arm-none-eabi/lib/armv7e-m/fpu\libg_nano.a(lib_a-sbrkr.o)
 .ARM.attributes
                0x00000cb0       0x20 e:/arm_toolchains/gccarm/bin/../lib/gcc/arm-none-eabi/4.9.3/../../../../arm-none-eabi/lib/armv7e-m/fpu\libg_nano.a(lib_a-strcmp.o)
 .ARM.attributes
                0x00000cd0       0x34 e:/arm_toolchains/gccarm/bin/../lib/gcc/arm-none-eabi/4.9.3/../../../../arm-none-eabi/lib/armv7e-m/fpu\libg_nano.a(lib_a-strtok.o)
 .ARM.attributes
                0x00000d04       0x34 e:/arm_toolchains/gccarm/bin/../lib/gcc/arm-none-eabi/4.9.3/../../../../arm-none-eabi/lib/armv7e-m/fpu\libg_nano.a(lib_a-strtok_r.o)
 .ARM.attributes
                0x00000d38       0x34 e:/arm_toolchains/gccarm/bin/../lib/gcc/arm-none-eabi/4.9.3/../../../../arm-none-eabi/lib/armv7e-m/fpu\libg_nano.a(lib_a-strtol.o)
 .ARM.attributes
                0x00000d6c       0x34 e:/arm_toolchains/gccarm/bin/../lib/gcc/arm-none-eabi/4.9.3/../../../../arm-none-eabi/lib/armv7e-m/fpu\libg_nano.a(lib_a-wbuf.o)
 .ARM.attributes
                0x00000da0       0x34 e:/arm_toolchains/gccarm/bin/../lib/gcc/arm-none-eabi/4.9.3/../../../../arm-none-eabi/lib/armv7e-m/fpu\libg_nano.a(lib_a-wsetup.o)
 .ARM.attributes
                0x00000dd4       0x34 e:/arm_toolchains/gccarm/bin/../lib/gcc/arm-none-eabi/4.9.3/../../../../arm-none-eabi/lib/armv7e-m/fpu\libg_nano.a(lib_a-ctype_.o)
 .ARM.attributes
                0x00000e08       0x34 e:/arm_toolchains/gccarm/bin/../lib/gcc/arm-none-eabi/4.9.3/../../../../arm-none-eabi/lib/armv7e-m/fpu\libg_nano.a(lib_a-fflush.o)
 .ARM.attributes
                0x00000e3c       0x34 e:/arm_toolchains/gccarm/bin/../lib/gcc/arm-none-eabi/4.9.3/../../../../arm-none-eabi/lib/armv7e-m/fpu\libg_nano.a(lib_a-findfp.o)
 .ARM.attributes
                0x00000e70       0x34 e:/arm_toolchains/gccarm/bin/../lib/gcc/arm-none-eabi/4.9.3/../../../../arm-none-eabi/lib/armv7e-m/fpu\libg_nano.a(lib_a-fwalk.o)
 .ARM.attributes
                0x00000ea4       0x34 e:/arm_toolchains/gccarm/bin/../lib/gcc/arm-none-eabi/4.9.3/../../../../arm-none-eabi/lib/armv7e-m/fpu\libg_nano.a(lib_a-makebuf.o)
 .ARM.attributes
                0x00000ed8       0x34 e:/arm_toolchains/gccarm/bin/../lib/gcc/arm-none-eabi/4.9.3/../../../../arm-none-eabi/lib/armv7e-m/fpu\libg_nano.a(lib_a-nano-vfprintf.o)
 .ARM.attributes
                0x00000f0c       0x34 e:/arm_toolchains/gccarm/bin/../lib/gcc/arm-none-eabi/4.9.3/../../../../arm-none-eabi/lib/armv7e-m/fpu\libg_nano.a(lib_a-nano-vfprintf_i.o)
 .ARM.attributes
                0x00000f40       0x34 e:/arm_toolchains/gccarm/bin/../lib/gcc/arm-none-eabi/4.9.3/../../../../arm-none-eabi/lib/armv7e-m/fpu\libg_nano.a(lib_a-stdio.o)
 .ARM.attributes
                0x00000f74       0x34 e:/arm_toolchains/gccarm/bin/../lib/gcc/arm-none-eabi/4.9.3/../../../../arm-none-eabi/lib/armv7e-m/fpu\libg_nano.a(lib_a-writer.o)
 .ARM.attributes
                0x00000fa8       0x34 e:/arm_toolchains/gccarm/bin/../lib/gcc/arm-none-eabi/4.9.3/../../../../arm-none-eabi/lib/armv7e-m/fpu\libg_nano.a(lib_a-closer.o)
 .ARM.attributes
                0x00000fdc       0x34 e:/arm_toolchains/gccarm/bin/../lib/gcc/arm-none-eabi/4.9.3/../../../../arm-none-eabi/lib/armv7e-m/fpu\libg_nano.a(lib_a-fstatr.o)
 .ARM.attributes
                0x00001010       0x34 e:/arm_toolchains/gccarm/bin/../lib/gcc/arm-none-eabi/4.9.3/../../../../arm-none-eabi/lib/armv7e-m/fpu\libg_nano.a(lib_a-isattyr.o)
 .ARM.attributes
                0x00001044       0x34 e:/arm_toolchains/gccarm/bin/../lib/gcc/arm-none-eabi/4.9.3/../../../../arm-none-eabi/lib/armv7e-m/fpu\libg_nano.a(lib_a-lseekr.o)
 .ARM.attributes
                0x00001078       0x34 e:/arm_toolchains/gccarm/bin/../lib/gcc/arm-none-eabi/4.9.3/../../../../arm-none-eabi/lib/armv7e-m/fpu\libg_nano.a(lib_a-memchr.o)
 .ARM.attributes
                0x000010ac       0x34 e:/arm_toolchains/gccarm/bin/../lib/gcc/arm-none-eabi/4.9.3/../../../../arm-none-eabi/lib/armv7e-m/fpu\libg_nano.a(lib_a-readr.o)

.debug
 *(.debug)

.line
 *(.line)

.debug_srcinfo
 *(.debug_srcinfo)

.debug_sfnames
 *(.debug_sfnames)

.debug_aranges  0x00000000     0x1448
 *(.debug_aranges)
 .debug_aranges
                0x00000000       0xc0 ./system/src/stm32f4-hal/stm32f4xx_hal.o
 .debug_aranges
                0x000000c0       0xe0 ./system/src/stm32f4-hal/stm32f4xx_hal_adc.o
 .debug_aranges
                0x000001a0       0x90 ./system/src/stm32f4-hal/stm32f4xx_hal_cortex.o
 .debug_aranges
                0x00000230       0x60 ./system/src/stm32f4-hal/stm32f4xx_hal_dma.o
 .debug_aranges
                0x00000290       0x90 ./system/src/stm32f4-hal/stm32f4xx_hal_flash.o
 .debug_aranges
                0x00000320       0x48 ./system/src/stm32f4-hal/stm32f4xx_hal_flash_ex.o
 .debug_aranges
                0x00000368       0x58 ./system/src/stm32f4-hal/stm32f4xx_hal_gpio.o
 .debug_aranges
                0x000003c0      0x118 ./system/src/stm32f4-hal/stm32f4xx_hal_pcd.o
 .debug_aranges
                0x000004d8       0x88 ./system/src/stm32f4-hal/stm32f4xx_hal_rcc.o
 .debug_aranges
                0x00000560      0x320 ./system/src/stm32f4-hal/stm32f4xx_hal_tim.o
 .debug_aranges
                0x00000880      0x140 ./system/src/stm32f4-hal/stm32f4xx_hal_tim_ex.o
 .debug_aranges
                0x000009c0      0x138 ./system/src/stm32f4-hal/stm32f4xx_hal_uart.o
 .debug_aranges
                0x00000af8      0x180 ./system/src/stm32f4-hal/stm32f4xx_ll_usb.o
 .debug_aranges
                0x00000c78       0x28 ./system/src/newlib/_exit.o
 .debug_aranges
                0x00000ca0       0x20 ./system/src/newlib/_sbrk.o
 .debug_aranges
                0x00000cc0       0x40 ./system/src/newlib/_startup.o
 .debug_aranges
                0x00000d00       0xd0 ./system/src/newlib/_syscalls.o
 .debug_aranges
                0x00000dd0       0x28 ./system/src/cortexm/_initialize_hardware.o
 .debug_aranges
                0x00000df8       0x20 ./system/src/cortexm/_reset_hardware.o
 .debug_aranges
                0x00000e18       0x68 ./system/src/cortexm/exception_handlers.o
 .debug_aranges
                0x00000e80       0x28 ./system/src/cmsis/system_stm32f4xx.o
 .debug_aranges
                0x00000ea8       0x20 ./system/src/cmsis/vectors_stm32f4xx.o
 .debug_aranges
                0x00000ec8       0x28 ./src/_initialize_hardware.o
 .debug_aranges
                0x00000ef0       0x28 ./src/botao.o
 .debug_aranges
                0x00000f18       0x30 ./src/buzzer.o
 .debug_aranges
                0x00000f48       0x38 ./src/delays.o
 .debug_aranges
                0x00000f80       0x40 ./src/encoders.o
 .debug_aranges
                0x00000fc0       0x28 ./src/flash.o
 .debug_aranges
                0x00000fe8       0x38 ./src/leds.o
 .debug_aranges
                0x00001020       0x50 ./src/main.o
 .debug_aranges
                0x00001070       0x28 ./src/motores.o
 .debug_aranges
                0x00001098       0x50 ./src/sensores.o
 .debug_aranges
                0x000010e8       0x78 ./src/speed_control.o
 .debug_aranges
                0x00001160       0x30 ./src/stm32f4xx_it.o
 .debug_aranges
                0x00001190       0x48 ./src/usart1.o
 .debug_aranges
                0x000011d8       0x28 ./src/usb_user.o
 .debug_aranges
                0x00001200       0xf8 ./src/usbd_conf.o
 .debug_aranges
                0x000012f8       0xb8 ./USB/Core/Src/usbd_core.o
 .debug_aranges
                0x000013b0       0x48 ./USB/Core/Src/usbd_ctlreq.o
 .debug_aranges
                0x000013f8       0x50 ./USB/Core/Src/usbd_ioreq.o

.debug_pubnames
 *(.debug_pubnames)

.debug_info     0x00000000    0x1aff5
 *(.debug_info .gnu.linkonce.wi.*)
 .debug_info    0x00000000      0x88b ./system/src/stm32f4-hal/stm32f4xx_hal.o
 .debug_info    0x0000088b      0xd6e ./system/src/stm32f4-hal/stm32f4xx_hal_adc.o
 .debug_info    0x000015f9      0xcb1 ./system/src/stm32f4-hal/stm32f4xx_hal_cortex.o
 .debug_info    0x000022aa      0x715 ./system/src/stm32f4-hal/stm32f4xx_hal_dma.o
 .debug_info    0x000029bf      0x70e ./system/src/stm32f4-hal/stm32f4xx_hal_flash.o
 .debug_info    0x000030cd      0x912 ./system/src/stm32f4-hal/stm32f4xx_hal_flash_ex.o
 .debug_info    0x000039df      0x6e8 ./system/src/stm32f4-hal/stm32f4xx_hal_gpio.o
 .debug_info    0x000040c7     0x159c ./system/src/stm32f4-hal/stm32f4xx_hal_pcd.o
 .debug_info    0x00005663     0x1035 ./system/src/stm32f4-hal/stm32f4xx_hal_rcc.o
 .debug_info    0x00006698     0x3322 ./system/src/stm32f4-hal/stm32f4xx_hal_tim.o
 .debug_info    0x000099ba     0x1249 ./system/src/stm32f4-hal/stm32f4xx_hal_tim_ex.o
 .debug_info    0x0000ac03     0x11b6 ./system/src/stm32f4-hal/stm32f4xx_hal_uart.o
 .debug_info    0x0000bdb9     0x15d3 ./system/src/stm32f4-hal/stm32f4xx_ll_usb.o
 .debug_info    0x0000d38c      0x100 ./system/src/newlib/_exit.o
 .debug_info    0x0000d48c      0x121 ./system/src/newlib/_sbrk.o
 .debug_info    0x0000d5ad      0x4a9 ./system/src/newlib/_startup.o
 .debug_info    0x0000da56      0x8ef ./system/src/newlib/_syscalls.o
 .debug_info    0x0000e345      0x2a6 ./system/src/cortexm/_initialize_hardware.o
 .debug_info    0x0000e5eb      0x2b2 ./system/src/cortexm/_reset_hardware.o
 .debug_info    0x0000e89d       0xd0 ./system/src/cortexm/exception_handlers.o
 .debug_info    0x0000e96d      0x4a3 ./system/src/cmsis/system_stm32f4xx.o
 .debug_info    0x0000ee10       0x8e ./system/src/cmsis/vectors_stm32f4xx.o
 .debug_info    0x0000ee9e      0x651 ./src/_initialize_hardware.o
 .debug_info    0x0000f4ef      0x42f ./src/botao.o
 .debug_info    0x0000f91e      0x522 ./src/buzzer.o
 .debug_info    0x0000fe40      0x1d5 ./src/delays.o
 .debug_info    0x00010015      0xaac ./src/encoders.o
 .debug_info    0x00010ac1      0x260 ./src/flash.o
 .debug_info    0x00010d21      0x562 ./src/leds.o
 .debug_info    0x00011283      0xe9a ./src/main.o
 .debug_info    0x0001211d      0xbb5 ./src/motores.o
 .debug_info    0x00012cd2     0x11bb ./src/sensores.o